Archive member included to satisfy reference by file (symbol)

/Users/eduardomunoz/Library/CloudStorage/OneDrive-CalPoly/college/Spring 2023/RTOS/P1_FFT_SA/Drivers/CMSIS/Lib/GCC/libarm_cortexM4lf_math.a(arm_mean_q15.o)
                              ./Core/Src/UART_plotter.o (arm_mean_q15)
/Users/eduardomunoz/Library/CloudStorage/OneDrive-CalPoly/college/Spring 2023/RTOS/P1_FFT_SA/Drivers/CMSIS/Lib/GCC/libarm_cortexM4lf_math.a(arm_max_q15.o)
                              ./Core/Src/MyTasks.o (arm_max_q15)
/Users/eduardomunoz/Library/CloudStorage/OneDrive-CalPoly/college/Spring 2023/RTOS/P1_FFT_SA/Drivers/CMSIS/Lib/GCC/libarm_cortexM4lf_math.a(arm_rfft_q15.o)
                              ./Core/Src/MyTasks.o (arm_rfft_q15)
/Users/eduardomunoz/Library/CloudStorage/OneDrive-CalPoly/college/Spring 2023/RTOS/P1_FFT_SA/Drivers/CMSIS/Lib/GCC/libarm_cortexM4lf_math.a(arm_rfft_init_q15.o)
                              ./Core/Src/MyTasks.o (arm_rfft_init_q15)
/Users/eduardomunoz/Library/CloudStorage/OneDrive-CalPoly/college/Spring 2023/RTOS/P1_FFT_SA/Drivers/CMSIS/Lib/GCC/libarm_cortexM4lf_math.a(arm_const_structs.o)
                              /Users/eduardomunoz/Library/CloudStorage/OneDrive-CalPoly/college/Spring 2023/RTOS/P1_FFT_SA/Drivers/CMSIS/Lib/GCC/libarm_cortexM4lf_math.a(arm_rfft_init_q15.o) (arm_cfft_sR_q15_len4096)
/Users/eduardomunoz/Library/CloudStorage/OneDrive-CalPoly/college/Spring 2023/RTOS/P1_FFT_SA/Drivers/CMSIS/Lib/GCC/libarm_cortexM4lf_math.a(arm_common_tables.o)
                              /Users/eduardomunoz/Library/CloudStorage/OneDrive-CalPoly/college/Spring 2023/RTOS/P1_FFT_SA/Drivers/CMSIS/Lib/GCC/libarm_cortexM4lf_math.a(arm_rfft_init_q15.o) (realCoefBQ15)
/Users/eduardomunoz/Library/CloudStorage/OneDrive-CalPoly/college/Spring 2023/RTOS/P1_FFT_SA/Drivers/CMSIS/Lib/GCC/libarm_cortexM4lf_math.a(arm_cfft_q15.o)
                              /Users/eduardomunoz/Library/CloudStorage/OneDrive-CalPoly/college/Spring 2023/RTOS/P1_FFT_SA/Drivers/CMSIS/Lib/GCC/libarm_cortexM4lf_math.a(arm_rfft_q15.o) (arm_cfft_q15)
/Users/eduardomunoz/Library/CloudStorage/OneDrive-CalPoly/college/Spring 2023/RTOS/P1_FFT_SA/Drivers/CMSIS/Lib/GCC/libarm_cortexM4lf_math.a(arm_cfft_radix4_q15.o)
                              /Users/eduardomunoz/Library/CloudStorage/OneDrive-CalPoly/college/Spring 2023/RTOS/P1_FFT_SA/Drivers/CMSIS/Lib/GCC/libarm_cortexM4lf_math.a(arm_cfft_q15.o) (arm_radix4_butterfly_q15)
/Users/eduardomunoz/Library/CloudStorage/OneDrive-CalPoly/college/Spring 2023/RTOS/P1_FFT_SA/Drivers/CMSIS/Lib/GCC/libarm_cortexM4lf_math.a(arm_bitreversal2.o)
                              /Users/eduardomunoz/Library/CloudStorage/OneDrive-CalPoly/college/Spring 2023/RTOS/P1_FFT_SA/Drivers/CMSIS/Lib/GCC/libarm_cortexM4lf_math.a(arm_cfft_q15.o) (arm_bitreversal_16)
/Users/eduardomunoz/Library/CloudStorage/OneDrive-CalPoly/college/Spring 2023/RTOS/P1_FFT_SA/Drivers/CMSIS/Lib/GCC/libarm_cortexM4lf_math.a(arm_bitreversal.o)
                              /Users/eduardomunoz/Library/CloudStorage/OneDrive-CalPoly/college/Spring 2023/RTOS/P1_FFT_SA/Drivers/CMSIS/Lib/GCC/libarm_cortexM4lf_math.a(arm_cfft_radix4_q15.o) (arm_bitreversal_q15)
/Applications/STM32CubeIDE.app/Contents/Eclipse/plugins/com.st.stm32cube.ide.mcu.externaltools.gnu-tools-for-stm32.9-2020-q2-update.macos64_2.0.0.202105311346/tools/bin/../lib/gcc/arm-none-eabi/9.3.1/../../../../arm-none-eabi/lib/thumb/v7e-m+fp/hard/libc_nano.a(lib_a-errno.o)
                              ./Core/Src/syscalls.o (__errno)
/Applications/STM32CubeIDE.app/Contents/Eclipse/plugins/com.st.stm32cube.ide.mcu.externaltools.gnu-tools-for-stm32.9-2020-q2-update.macos64_2.0.0.202105311346/tools/bin/../lib/gcc/arm-none-eabi/9.3.1/../../../../arm-none-eabi/lib/thumb/v7e-m+fp/hard/libc_nano.a(lib_a-exit.o)
                              /Applications/STM32CubeIDE.app/Contents/Eclipse/plugins/com.st.stm32cube.ide.mcu.externaltools.gnu-tools-for-stm32.9-2020-q2-update.macos64_2.0.0.202105311346/tools/bin/../lib/gcc/arm-none-eabi/9.3.1/../../../../arm-none-eabi/lib/thumb/v7e-m+fp/hard/crt0.o (exit)
/Applications/STM32CubeIDE.app/Contents/Eclipse/plugins/com.st.stm32cube.ide.mcu.externaltools.gnu-tools-for-stm32.9-2020-q2-update.macos64_2.0.0.202105311346/tools/bin/../lib/gcc/arm-none-eabi/9.3.1/../../../../arm-none-eabi/lib/thumb/v7e-m+fp/hard/libc_nano.a(lib_a-findfp.o)
                              ./Middlewares/Third_Party/FreeRTOS/Source/tasks.o (__sf_fake_stderr)
/Applications/STM32CubeIDE.app/Contents/Eclipse/plugins/com.st.stm32cube.ide.mcu.externaltools.gnu-tools-for-stm32.9-2020-q2-update.macos64_2.0.0.202105311346/tools/bin/../lib/gcc/arm-none-eabi/9.3.1/../../../../arm-none-eabi/lib/thumb/v7e-m+fp/hard/libc_nano.a(lib_a-fwalk.o)
[...]
Memory Configuration

Name             Origin             Length             Attributes
RAM              0x0000000020000000 0x0000000000018000 xrw
RAM2             0x0000000010000000 0x0000000000008000 xrw
FLASH            0x0000000008000000 0x0000000000100000 xr
*default*        0x0000000000000000 0xffffffffffffffff

Linker script and memory map

LOAD /Applications/STM32CubeIDE.app/Contents/Eclipse/plugins/com.st.stm32cube.ide.mcu.externaltools.gnu-tools-for-stm32.9-2020-q2-update.macos64_2.0.0.202105311346/tools/bin/../lib/gcc/arm-none-eabi/9.3.1/thumb/v7e-m+fp/hard/crti.o
LOAD /Applications/STM32CubeIDE.app/Contents/Eclipse/plugins/com.st.stm32cube.ide.mcu.externaltools.gnu-tools-for-stm32.9-2020-q2-update.macos64_2.0.0.202105311346/tools/bin/../lib/gcc/arm-none-eabi/9.3.1/thumb/v7e-m+fp/hard/crtbegin.o
LOAD /Applications/STM32CubeIDE.app/Contents/Eclipse/plugins/com.st.stm32cube.ide.mcu.externaltools.gnu-tools-for-stm32.9-2020-q2-update.macos64_2.0.0.202105311346/tools/bin/../lib/gcc/arm-none-eabi/9.3.1/../../../../arm-none-eabi/lib/thumb/v7e-m+fp/hard/crt0.o
LOAD ./Core/Src/ADC.o
LOAD ./Core/Src/DMA.o
LOAD ./Core/Src/GPIO.o
LOAD ./Core/Src/MyTasks.o
LOAD ./Core/Src/UART.o
LOAD ./Core/Src/UART_plotter.o
LOAD ./Core/Src/filtering.o
LOAD ./Core/Src/freertos.o
LOAD ./Core/Src/main.o
LOAD ./Core/Src/stm32l4xx_hal_msp.o
LOAD ./Core/Src/stm32l4xx_hal_timebase_tim.o
LOAD ./Core/Src/stm32l4xx_it.o
LOAD ./Core/Src/syscalls.o
LOAD ./Core/Src/sysmem.o
LOAD ./Core/Src/system_stm32l4xx.o
LOAD ./Core/Src/timer.o
LOAD ./Core/Startup/startup_stm32l476rgtx.o
LOAD ./Drivers/STM32L4xx_HAL_Driver/Src/stm32l4xx_hal.o
LOAD ./Drivers/STM32L4xx_HAL_Driver/Src/stm32l4xx_hal_cortex.o
LOAD ./Drivers/STM32L4xx_HAL_Driver/Src/stm32l4xx_hal_dma.o
LOAD ./Drivers/STM32L4xx_HAL_Driver/Src/stm32l4xx_hal_dma_ex.o
LOAD ./Drivers/STM32L4xx_HAL_Driver/Src/stm32l4xx_hal_exti.o
LOAD ./Drivers/STM32L4xx_HAL_Driver/Src/stm32l4xx_hal_flash.o
LOAD ./Drivers/STM32L4xx_HAL_Driver/Src/stm32l4xx_hal_flash_ex.o
LOAD ./Drivers/STM32L4xx_HAL_Driver/Src/stm32l4xx_hal_flash_ramfunc.o
LOAD ./Drivers/STM32L4xx_HAL_Driver/Src/stm32l4xx_hal_gpio.o
LOAD ./Drivers/STM32L4xx_HAL_Driver/Src/stm32l4xx_hal_i2c.o
LOAD ./Drivers/STM32L4xx_HAL_Driver/Src/stm32l4xx_hal_i2c_ex.o
LOAD ./Drivers/STM32L4xx_HAL_Driver/Src/stm32l4xx_hal_pwr.o
LOAD ./Drivers/STM32L4xx_HAL_Driver/Src/stm32l4xx_hal_pwr_ex.o
LOAD ./Drivers/STM32L4xx_HAL_Driver/Src/stm32l4xx_hal_rcc.o
LOAD ./Drivers/STM32L4xx_HAL_Driver/Src/stm32l4xx_hal_rcc_ex.o
LOAD ./Drivers/STM32L4xx_HAL_Driver/Src/stm32l4xx_hal_tim.o
LOAD ./Drivers/STM32L4xx_HAL_Driver/Src/stm32l4xx_hal_tim_ex.o
LOAD ./Middlewares/Third_Party/FreeRTOS/Source/CMSIS_RTOS_V2/cmsis_os2.o
LOAD ./Middlewares/Third_Party/FreeRTOS/Source/croutine.o
LOAD ./Middlewares/Third_Party/FreeRTOS/Source/event_groups.o
LOAD ./Middlewares/Third_Party/FreeRTOS/Source/list.o
LOAD ./Middlewares/Third_Party/FreeRTOS/Source/queue.o
LOAD ./Middlewares/Third_Party/FreeRTOS/Source/stream_buffer.o
LOAD ./Middlewares/Third_Party/FreeRTOS/Source/tasks.o
LOAD ./Middlewares/Third_Party/FreeRTOS/Source/timers.o
LOAD ./Middlewares/Third_Party/FreeRTOS/Source/portable/GCC/ARM_CM4F/port.o
LOAD ./Middlewares/Third_Party/FreeRTOS/Source/portable/MemMang/heap_4.o
LOAD /Users/eduardomunoz/Library/CloudStorage/OneDrive-CalPoly/college/Spring 2023/RTOS/P1_FFT_SA/Drivers/CMSIS/Lib/GCC/libarm_cortexM4lf_math.a
START GROUP
LOAD /Applications/STM32CubeIDE.app/Contents/Eclipse/plugins/com.st.stm32cube.ide.mcu.externaltools.gnu-tools-for-stm32.9-2020-q2-update.macos64_2.0.0.202105311346/tools/bin/../lib/gcc/arm-none-eabi/9.3.1/../../../../arm-none-eabi/lib/thumb/v7e-m+fp/hard/libc_nano.a
LOAD /Applications/STM32CubeIDE.app/Contents/Eclipse/plugins/com.st.stm32cube.ide.mcu.externaltools.gnu-tools-for-stm32.9-2020-q2-update.macos64_2.0.0.202105311346/tools/bin/../lib/gcc/arm-none-eabi/9.3.1/../../../../arm-none-eabi/lib/thumb/v7e-m+fp/hard/libm.a
END GROUP
START GROUP
LOAD /Applications/STM32CubeIDE.app/Contents/Eclipse/plugins/com.st.stm32cube.ide.mcu.externaltools.gnu-tools-for-stm32.9-2020-q2-update.macos64_2.0.0.202105311346/tools/bin/../lib/gcc/arm-none-eabi/9.3.1/thumb/v7e-m+fp/hard/libgcc.a
LOAD /Applications/STM32CubeIDE.app/Contents/Eclipse/plugins/com.st.stm32cube.ide.mcu.externaltools.gnu-tools-for-stm32.9-2020-q2-update.macos64_2.0.0.202105311346/tools/bin/../lib/gcc/arm-none-eabi/9.3.1/../../../../arm-none-eabi/lib/thumb/v7e-m+fp/hard/libc_nano.a
END GROUP
START GROUP
LOAD /Applications/STM32CubeIDE.app/Contents/Eclipse/plugins/com.st.stm32cube.ide.mcu.externaltools.gnu-tools-for-stm32.9-2020-q2-update.macos64_2.0.0.202105311346/tools/bin/../lib/gcc/arm-none-eabi/9.3.1/thumb/v7e-m+fp/hard/libgcc.a
LOAD /Applications/STM32CubeIDE.app/Contents/Eclipse/plugins/com.st.stm32cube.ide.mcu.externaltools.gnu-tools-for-stm32.9-2020-q2-update.macos64_2.0.0.202105311346/tools/bin/../lib/gcc/arm-none-eabi/9.3.1/../../../../arm-none-eabi/lib/thumb/v7e-m+fp/hard/libc_nano.a
LOAD /Applications/STM32CubeIDE.app/Contents/Eclipse/plugins/com.st.stm32cube.ide.mcu.externaltools.gnu-tools-for-stm32.9-2020-q2-update.macos64_2.0.0.202105311346/tools/bin/../lib/gcc/arm-none-eabi/9.3.1/../../../../arm-none-eabi/lib/thumb/v7e-m+fp/hard/libnosys.a
END GROUP
START GROUP
LOAD /Applications/STM32CubeIDE.app/Contents/Eclipse/plugins/com.st.stm32cube.ide.mcu.externaltools.gnu-tools-for-stm32.9-2020-q2-update.macos64_2.0.0.202105311346/tools/bin/../lib/gcc/arm-none-eabi/9.3.1/thumb/v7e-m+fp/hard/libgcc.a
LOAD /Applications/STM32CubeIDE.app/Contents/Eclipse/plugins/com.st.stm32cube.ide.mcu.externaltools.gnu-tools-for-stm32.9-2020-q2-update.macos64_2.0.0.202105311346/tools/bin/../lib/gcc/arm-none-eabi/9.3.1/../../../../arm-none-eabi/lib/thumb/v7e-m+fp/hard/libc_nano.a
LOAD /Applications/STM32CubeIDE.app/Contents/Eclipse/plugins/com.st.stm32cube.ide.mcu.externaltools.gnu-tools-for-stm32.9-2020-q2-update.macos64_2.0.0.202105311346/tools/bin/../lib/gcc/arm-none-eabi/9.3.1/../../../../arm-none-eabi/lib/thumb/v7e-m+fp/hard/libnosys.a
END GROUP
LOAD /Applications/STM32CubeIDE.app/Contents/Eclipse/plugins/com.st.stm32cube.ide.mcu.externaltools.gnu-tools-for-stm32.9-2020-q2-update.macos64_2.0.0.202105311346/tools/bin/../lib/gcc/arm-none-eabi/9.3.1/thumb/v7e-m+fp/hard/crtend.o
LOAD /Applications/STM32CubeIDE.app/Contents/Eclipse/plugins/com.st.stm32cube.ide.mcu.externaltools.gnu-tools-for-stm32.9-2020-q2-update.macos64_2.0.0.202105311346/tools/bin/../lib/gcc/arm-none-eabi/9.3.1/thumb/v7e-m+fp/hard/crtn.o
                0x0000000020018000                _estack = (ORIGIN (RAM) + LENGTH (RAM))
                0x0000000000000200                _Min_Heap_Size = 0x200
                0x0000000000000fa0                _Min_Stack_Size = 0xfa0

.isr_vector     0x0000000008000000      0x188
                0x0000000008000000                . = ALIGN (0x4)
 *(.isr_vector)
 .isr_vector    0x0000000008000000      0x188 ./Core/Startup/startup_stm32l476rgtx.o
                0x0000000008000000                g_pfnVectors
                0x0000000008000188                . = ALIGN (0x4)

.text           0x0000000008000190     0x60c8
                0x0000000008000190                . = ALIGN (0x4)
 *(.text)
 .text          0x0000000008000190       0x40 /Applications/STM32CubeIDE.app/Contents/Eclipse/plugins/com.st.stm32cube.ide.mcu.externaltools.gnu-tools-for-stm32.9-2020-q2-update.macos64_2.0.0.202105311346/tools/bin/../lib/gcc/arm-none-eabi/9.3.1/thumb/v7e-m+fp/hard/crtbegin.o
 .text          0x00000000080001d0       0x10 /Applications/STM32CubeIDE.app/Contents/Eclipse/plugins/com.st.stm32cube.ide.mcu.externaltools.gnu-tools-for-stm32.9-2020-q2-update.macos64_2.0.0.202105311346/tools/bin/../lib/gcc/arm-none-eabi/9.3.1/../../../../arm-none-eabi/lib/thumb/v7e-m+fp/hard/libc_nano.a(lib_a-strlen.o)
                0x00000000080001d0                strlen
 *(.text*)
 .text.ADC_init
                0x00000000080001e0      0x158 ./Core/Src/ADC.o
                0x00000000080001e0                ADC_init
 .text.__NVIC_SetPriority
                0x0000000008000338       0x54 ./Core/Src/DMA.o
 .text.DMA1channel1_ADC_init
                0x000000000800038c       0xd8 ./Core/Src/DMA.o
                0x000000000800038c                DMA1channel1_ADC_init
 .text.DMA1_Channel3_IRQHandler
                0x0000000008000464       0x64 ./Core/Src/DMA.o
                0x0000000008000464                DMA1_Channel3_IRQHandler
 .text.DMA1_Channel1_IRQHandler
                0x00000000080004c8       0x78 ./Core/Src/DMA.o
                0x00000000080004c8                DMA1_Channel1_IRQHandler
 .text.applyhanning
                0x0000000008000540       0x6c ./Core/Src/DMA.o
                0x0000000008000540                applyhanning
 .text.GPIO_init
                0x00000000080005ac       0x84 ./Core/Src/GPIO.o
                0x00000000080005ac                GPIO_init
 .text.calculate
                0x0000000008000630      0x17c ./Core/Src/MyTasks.o
                0x0000000008000630                calculate
 .text.print    0x00000000080007ac       0x78 ./Core/Src/MyTasks.o
                0x00000000080007ac                print
 .text.UART_Init
                0x0000000008000824       0xbc ./Core/Src/UART.o
                0x0000000008000824                UART_Init
 .text.UART_print
                0x00000000080008e0       0x4c ./Core/Src/UART.o
                0x00000000080008e0                UART_print
 .text.USART2_IRQHandler
                0x000000000800092c       0x50 ./Core/Src/UART.o
                0x000000000800092c                USART2_IRQHandler
 .text.UART_escapes
                0x000000000800097c       0x30 ./Core/Src/UART.o
                0x000000000800097c                UART_escapes
 .text.printmag
                0x00000000080009ac      0x130 ./Core/Src/UART_plotter.o
                0x00000000080009ac                printmag
 .text.eraseplot
                0x0000000008000adc       0x60 ./Core/Src/UART_plotter.o
                0x0000000008000adc                eraseplot
 .text.printgraph
                0x0000000008000b3c       0xa0 ./Core/Src/UART_plotter.o
                0x0000000008000b3c                printgraph
 .text.printnumbers
                0x0000000008000bdc       0x78 ./Core/Src/UART_plotter.o
                0x0000000008000bdc                printnumbers
 .text.main     0x0000000008000c54       0xac ./Core/Src/main.o
                0x0000000008000c54                main
 .text.SystemClock_Config
                0x0000000008000d00       0xa4 ./Core/Src/main.o
                0x0000000008000d00                SystemClock_Config
 .text.MX_GPIO_Init
                0x0000000008000da4       0x30 ./Core/Src/main.o
 .text.HAL_TIM_PeriodElapsedCallback
                0x0000000008000dd4       0x24 ./Core/Src/main.o
                0x0000000008000dd4                HAL_TIM_PeriodElapsedCallback
 .text.Error_Handler
                0x0000000008000df8        0xa ./Core/Src/main.o
                0x0000000008000df8                Error_Handler
 *fill*         0x0000000008000e02        0x2 
 .text.HAL_MspInit
                0x0000000008000e04       0x50 ./Core/Src/stm32l4xx_hal_msp.o
                0x0000000008000e04                HAL_MspInit
 .text.HAL_InitTick
                0x0000000008000e54       0xac ./Core/Src/stm32l4xx_hal_timebase_tim.o
                0x0000000008000e54                HAL_InitTick
 .text.NMI_Handler
                0x0000000008000f00        0x6 ./Core/Src/stm32l4xx_it.o
                0x0000000008000f00                NMI_Handler
 .text.HardFault_Handler
                0x0000000008000f06        0x6 ./Core/Src/stm32l4xx_it.o
                0x0000000008000f06                HardFault_Handler
 .text.MemManage_Handler
                0x0000000008000f0c        0x6 ./Core/Src/stm32l4xx_it.o
                0x0000000008000f0c                MemManage_Handler
 .text.BusFault_Handler
                0x0000000008000f12        0x6 ./Core/Src/stm32l4xx_it.o
                0x0000000008000f12                BusFault_Handler
 .text.UsageFault_Handler
                0x0000000008000f18        0x6 ./Core/Src/stm32l4xx_it.o
                0x0000000008000f18                UsageFault_Handler
 .text.DebugMon_Handler
                0x0000000008000f1e        0xe ./Core/Src/stm32l4xx_it.o
                0x0000000008000f1e                DebugMon_Handler
 .text.TIM6_DAC_IRQHandler
                0x0000000008000f2c       0x14 ./Core/Src/stm32l4xx_it.o
                0x0000000008000f2c                TIM6_DAC_IRQHandler
 .text.SystemInit
                0x0000000008000f40       0x24 ./Core/Src/system_stm32l4xx.o
                0x0000000008000f40                SystemInit
 .text.tim2_init
                0x0000000008000f64       0x90 ./Core/Src/timer.o
                0x0000000008000f64                tim2_init
 .text.Reset_Handler
                0x0000000008000ff4       0x50 ./Core/Startup/startup_stm32l476rgtx.o
                0x0000000008000ff4                Reset_Handler
 .text.Default_Handler
                0x0000000008001044        0x2 ./Core/Startup/startup_stm32l476rgtx.o
                0x0000000008001044                TIM1_BRK_TIM15_IRQHandler
                0x0000000008001044                EXTI2_IRQHandler
                0x0000000008001044                TIM8_TRG_COM_IRQHandler
                0x0000000008001044                TIM8_CC_IRQHandler
                0x0000000008001044                TIM1_CC_IRQHandler
                0x0000000008001044                TSC_IRQHandler
                0x0000000008001044                TAMP_STAMP_IRQHandler
                0x0000000008001044                EXTI3_IRQHandler
                0x0000000008001044                LPTIM2_IRQHandler
                0x0000000008001044                DFSDM1_FLT1_IRQHandler
                0x0000000008001044                I2C3_ER_IRQHandler
                0x0000000008001044                DFSDM1_FLT2_IRQHandler
                0x0000000008001044                EXTI0_IRQHandler
                0x0000000008001044                I2C2_EV_IRQHandler
                0x0000000008001044                CAN1_RX0_IRQHandler
                0x0000000008001044                FPU_IRQHandler
                0x0000000008001044                TIM1_UP_TIM16_IRQHandler
                0x0000000008001044                ADC1_2_IRQHandler
                0x0000000008001044                SPI1_IRQHandler
                0x0000000008001044                TIM8_UP_IRQHandler
                0x0000000008001044                DMA2_Channel2_IRQHandler
                0x0000000008001044                DMA1_Channel4_IRQHandler
                0x0000000008001044                SAI2_IRQHandler
                0x0000000008001044                DFSDM1_FLT3_IRQHandler
                0x0000000008001044                USART3_IRQHandler
                0x0000000008001044                DMA1_Channel7_IRQHandler
                0x0000000008001044                CAN1_RX1_IRQHandler
                0x0000000008001044                LCD_IRQHandler
                0x0000000008001044                UART5_IRQHandler
                0x0000000008001044                ADC3_IRQHandler
                0x0000000008001044                TIM4_IRQHandler
                0x0000000008001044                DMA2_Channel1_IRQHandler
                0x0000000008001044                QUADSPI_IRQHandler
                0x0000000008001044                I2C1_EV_IRQHandler
                0x0000000008001044                DMA1_Channel6_IRQHandler
                0x0000000008001044                UART4_IRQHandler
                0x0000000008001044                DMA2_Channel4_IRQHandler
                0x0000000008001044                TIM3_IRQHandler
                0x0000000008001044                RCC_IRQHandler
                0x0000000008001044                Default_Handler
                0x0000000008001044                DMA2_Channel7_IRQHandler
                0x0000000008001044                EXTI15_10_IRQHandler
                0x0000000008001044                TIM7_IRQHandler
                0x0000000008001044                SDMMC1_IRQHandler
                0x0000000008001044                TIM5_IRQHandler
                0x0000000008001044                I2C3_EV_IRQHandler
                0x0000000008001044                EXTI9_5_IRQHandler
                0x0000000008001044                RTC_WKUP_IRQHandler
                0x0000000008001044                PVD_PVM_IRQHandler
                0x0000000008001044                SPI2_IRQHandler
                0x0000000008001044                CAN1_TX_IRQHandler
                0x0000000008001044                DMA2_Channel5_IRQHandler
                0x0000000008001044                DMA1_Channel5_IRQHandler
                0x0000000008001044                EXTI4_IRQHandler
                0x0000000008001044                RNG_IRQHandler
                0x0000000008001044                TIM1_TRG_COM_TIM17_IRQHandler
                0x0000000008001044                COMP_IRQHandler
                0x0000000008001044                WWDG_IRQHandler
                0x0000000008001044                LPUART1_IRQHandler
                0x0000000008001044                DMA2_Channel6_IRQHandler
                0x0000000008001044                TIM2_IRQHandler
                0x0000000008001044                EXTI1_IRQHandler
                0x0000000008001044                DFSDM1_FLT0_IRQHandler
                0x0000000008001044                I2C2_ER_IRQHandler
                0x0000000008001044                DMA1_Channel2_IRQHandler
                0x0000000008001044                TIM8_BRK_IRQHandler
                0x0000000008001044                CAN1_SCE_IRQHandler
                0x0000000008001044                FLASH_IRQHandler
                0x0000000008001044                USART1_IRQHandler
                0x0000000008001044                OTG_FS_IRQHandler
                0x0000000008001044                SPI3_IRQHandler
                0x0000000008001044                I2C1_ER_IRQHandler
                0x0000000008001044                FMC_IRQHandler
                0x0000000008001044                SWPMI1_IRQHandler
                0x0000000008001044                LPTIM1_IRQHandler
                0x0000000008001044                SAI1_IRQHandler
                0x0000000008001044                DMA2_Channel3_IRQHandler
                0x0000000008001044                RTC_Alarm_IRQHandler
 .text.HAL_Init
                0x0000000008001046       0x30 ./Drivers/STM32L4xx_HAL_Driver/Src/stm32l4xx_hal.o
                0x0000000008001046                HAL_Init
 *fill*         0x0000000008001076        0x2 
 .text.HAL_IncTick
                0x0000000008001078       0x28 ./Drivers/STM32L4xx_HAL_Driver/Src/stm32l4xx_hal.o
                0x0000000008001078                HAL_IncTick
 .text.HAL_GetTick
                0x00000000080010a0       0x18 ./Drivers/STM32L4xx_HAL_Driver/Src/stm32l4xx_hal.o
                0x00000000080010a0                HAL_GetTick
 .text.HAL_Delay
                0x00000000080010b8       0x48 ./Drivers/STM32L4xx_HAL_Driver/Src/stm32l4xx_hal.o
                0x00000000080010b8                HAL_Delay
 .text.__NVIC_SetPriorityGrouping
                0x0000000008001100       0x48 ./Drivers/STM32L4xx_HAL_Driver/Src/stm32l4xx_hal_cortex.o
 .text.__NVIC_GetPriorityGrouping
                0x0000000008001148       0x1c ./Drivers/STM32L4xx_HAL_Driver/Src/stm32l4xx_hal_cortex.o
 .text.__NVIC_EnableIRQ
                0x0000000008001164       0x3c ./Drivers/STM32L4xx_HAL_Driver/Src/stm32l4xx_hal_cortex.o
 .text.__NVIC_SetPriority
                0x00000000080011a0       0x54 ./Drivers/STM32L4xx_HAL_Driver/Src/stm32l4xx_hal_cortex.o
 .text.NVIC_EncodePriority
                0x00000000080011f4       0x66 ./Drivers/STM32L4xx_HAL_Driver/Src/stm32l4xx_hal_cortex.o
 .text.HAL_NVIC_SetPriorityGrouping
                0x000000000800125a       0x16 ./Drivers/STM32L4xx_HAL_Driver/Src/stm32l4xx_hal_cortex.o
                0x000000000800125a                HAL_NVIC_SetPriorityGrouping
 .text.HAL_NVIC_SetPriority
                0x0000000008001270       0x38 ./Drivers/STM32L4xx_HAL_Driver/Src/stm32l4xx_hal_cortex.o
                0x0000000008001270                HAL_NVIC_SetPriority
 .text.HAL_NVIC_EnableIRQ
                0x00000000080012a8       0x1c ./Drivers/STM32L4xx_HAL_Driver/Src/stm32l4xx_hal_cortex.o
                0x00000000080012a8                HAL_NVIC_EnableIRQ
 .text.HAL_PWREx_GetVoltageRange
                0x00000000080012c4       0x1c ./Drivers/STM32L4xx_HAL_Driver/Src/stm32l4xx_hal_pwr_ex.o
                0x00000000080012c4                HAL_PWREx_GetVoltageRange
 .text.HAL_PWREx_ControlVoltageScaling
                0x00000000080012e0       0xac ./Drivers/STM32L4xx_HAL_Driver/Src/stm32l4xx_hal_pwr_ex.o
                0x00000000080012e0                HAL_PWREx_ControlVoltageScaling
 .text.HAL_RCC_OscConfig
                0x000000000800138c      0x7b4 ./Drivers/STM32L4xx_HAL_Driver/Src/stm32l4xx_hal_rcc.o
                0x000000000800138c                HAL_RCC_OscConfig
 .text.HAL_RCC_ClockConfig
                0x0000000008001b40      0x200 ./Drivers/STM32L4xx_HAL_Driver/Src/stm32l4xx_hal_rcc.o
                0x0000000008001b40                HAL_RCC_ClockConfig
 .text.HAL_RCC_GetSysClockFreq
                0x0000000008001d40      0x118 ./Drivers/STM32L4xx_HAL_Driver/Src/stm32l4xx_hal_rcc.o
                0x0000000008001d40                HAL_RCC_GetSysClockFreq
 .text.HAL_RCC_GetHCLKFreq
                0x0000000008001e58       0x18 ./Drivers/STM32L4xx_HAL_Driver/Src/stm32l4xx_hal_rcc.o
                0x0000000008001e58                HAL_RCC_GetHCLKFreq
 .text.HAL_RCC_GetPCLK1Freq
                0x0000000008001e70       0x2c ./Drivers/STM32L4xx_HAL_Driver/Src/stm32l4xx_hal_rcc.o
                0x0000000008001e70                HAL_RCC_GetPCLK1Freq
 .text.HAL_RCC_GetClockConfig
                0x0000000008001e9c       0x64 ./Drivers/STM32L4xx_HAL_Driver/Src/stm32l4xx_hal_rcc.o
                0x0000000008001e9c                HAL_RCC_GetClockConfig
 .text.RCC_SetFlashLatencyFromMSIRange
                0x0000000008001f00       0xc0 ./Drivers/STM32L4xx_HAL_Driver/Src/stm32l4xx_hal_rcc.o
 .text.HAL_TIM_Base_Init
                0x0000000008001fc0       0xae ./Drivers/STM32L4xx_HAL_Driver/Src/stm32l4xx_hal_tim.o
                0x0000000008001fc0                HAL_TIM_Base_Init
 .text.HAL_TIM_Base_MspInit
                0x000000000800206e       0x14 ./Drivers/STM32L4xx_HAL_Driver/Src/stm32l4xx_hal_tim.o
                0x000000000800206e                HAL_TIM_Base_MspInit
 *fill*         0x0000000008002082        0x2 
 .text.HAL_TIM_Base_Start_IT
                0x0000000008002084       0xe0 ./Drivers/STM32L4xx_HAL_Driver/Src/stm32l4xx_hal_tim.o
                0x0000000008002084                HAL_TIM_Base_Start_IT
 .text.HAL_TIM_IRQHandler
                0x0000000008002164      0x23e ./Drivers/STM32L4xx_HAL_Driver/Src/stm32l4xx_hal_tim.o
                0x0000000008002164                HAL_TIM_IRQHandler
 .text.HAL_TIM_OC_DelayElapsedCallback
                0x00000000080023a2       0x14 ./Drivers/STM32L4xx_HAL_Driver/Src/stm32l4xx_hal_tim.o
                0x00000000080023a2                HAL_TIM_OC_DelayElapsedCallback
 .text.HAL_TIM_IC_CaptureCallback
                0x00000000080023b6       0x14 ./Drivers/STM32L4xx_HAL_Driver/Src/stm32l4xx_hal_tim.o
                0x00000000080023b6                HAL_TIM_IC_CaptureCallback
 .text.HAL_TIM_PWM_PulseFinishedCallback
                0x00000000080023ca       0x14 ./Drivers/STM32L4xx_HAL_Driver/Src/stm32l4xx_hal_tim.o
                0x00000000080023ca                HAL_TIM_PWM_PulseFinishedCallback
 .text.HAL_TIM_TriggerCallback
                0x00000000080023de       0x14 ./Drivers/STM32L4xx_HAL_Driver/Src/stm32l4xx_hal_tim.o
                0x00000000080023de                HAL_TIM_TriggerCallback
 *fill*         0x00000000080023f2        0x2 
 .text.TIM_Base_SetConfig
                0x00000000080023f4      0x134 ./Drivers/STM32L4xx_HAL_Driver/Src/stm32l4xx_hal_tim.o
                0x00000000080023f4                TIM_Base_SetConfig
 .text.HAL_TIMEx_CommutCallback
                0x0000000008002528       0x14 ./Drivers/STM32L4xx_HAL_Driver/Src/stm32l4xx_hal_tim_ex.o
                0x0000000008002528                HAL_TIMEx_CommutCallback
 .text.HAL_TIMEx_BreakCallback
                0x000000000800253c       0x14 ./Drivers/STM32L4xx_HAL_Driver/Src/stm32l4xx_hal_tim_ex.o
                0x000000000800253c                HAL_TIMEx_BreakCallback
 .text.HAL_TIMEx_Break2Callback
                0x0000000008002550       0x14 ./Drivers/STM32L4xx_HAL_Driver/Src/stm32l4xx_hal_tim_ex.o
                0x0000000008002550                HAL_TIMEx_Break2Callback
 .text.__NVIC_SetPriority
                0x0000000008002564       0x54 ./Middlewares/Third_Party/FreeRTOS/Source/CMSIS_RTOS_V2/cmsis_os2.o
 .text.SysTick_Handler
                0x00000000080025b8       0x20 ./Middlewares/Third_Party/FreeRTOS/Source/CMSIS_RTOS_V2/cmsis_os2.o
                0x00000000080025b8                SysTick_Handler
 .text.SVC_Setup
                0x00000000080025d8       0x12 ./Middlewares/Third_Party/FreeRTOS/Source/CMSIS_RTOS_V2/cmsis_os2.o
 *fill*         0x00000000080025ea        0x2 
 .text.osKernelInitialize
                0x00000000080025ec       0x48 ./Middlewares/Third_Party/FreeRTOS/Source/CMSIS_RTOS_V2/cmsis_os2.o
                0x00000000080025ec                osKernelInitialize
 .text.osKernelStart
                0x0000000008002634       0x4c ./Middlewares/Third_Party/FreeRTOS/Source/CMSIS_RTOS_V2/cmsis_os2.o
                0x0000000008002634                osKernelStart
 .text.vApplicationGetIdleTaskMemory
                0x0000000008002680       0x34 ./Middlewares/Third_Party/FreeRTOS/Source/CMSIS_RTOS_V2/cmsis_os2.o
                0x0000000008002680                vApplicationGetIdleTaskMemory
 .text.vApplicationGetTimerTaskMemory
                0x00000000080026b4       0x34 ./Middlewares/Third_Party/FreeRTOS/Source/CMSIS_RTOS_V2/cmsis_os2.o
                0x00000000080026b4                vApplicationGetTimerTaskMemory
 .text.vListInitialise
                0x00000000080026e8       0x40 ./Middlewares/Third_Party/FreeRTOS/Source/list.o
                0x00000000080026e8                vListInitialise
 .text.vListInitialiseItem
                0x0000000008002728       0x1a ./Middlewares/Third_Party/FreeRTOS/Source/list.o
                0x0000000008002728                vListInitialiseItem
 .text.vListInsertEnd
                0x0000000008002742       0x48 ./Middlewares/Third_Party/FreeRTOS/Source/list.o
                0x0000000008002742                vListInsertEnd
 .text.vListInsert
                0x000000000800278a       0x72 ./Middlewares/Third_Party/FreeRTOS/Source/list.o
                0x000000000800278a                vListInsert
 .text.uxListRemove
                0x00000000080027fc       0x54 ./Middlewares/Third_Party/FreeRTOS/Source/list.o
                0x00000000080027fc                uxListRemove
 .text.xQueueGenericReset
                0x0000000008002850       0xd0 ./Middlewares/Third_Party/FreeRTOS/Source/queue.o
                0x0000000008002850                xQueueGenericReset
 .text.xQueueGenericCreateStatic
                0x0000000008002920       0xf0 ./Middlewares/Third_Party/FreeRTOS/Source/queue.o
                0x0000000008002920                xQueueGenericCreateStatic
 .text.xQueueGenericCreate
                0x0000000008002a10       0x74 ./Middlewares/Third_Party/FreeRTOS/Source/queue.o
                0x0000000008002a10                xQueueGenericCreate
 .text.prvInitialiseNewQueue
                0x0000000008002a84       0x46 ./Middlewares/Third_Party/FreeRTOS/Source/queue.o
 *fill*         0x0000000008002aca        0x2 
 .text.xQueueGenericSend
                0x0000000008002acc      0x1fc ./Middlewares/Third_Party/FreeRTOS/Source/queue.o
                0x0000000008002acc                xQueueGenericSend
 .text.xQueueGenericSendFromISR
                0x0000000008002cc8      0x136 ./Middlewares/Third_Party/FreeRTOS/Source/queue.o
                0x0000000008002cc8                xQueueGenericSendFromISR
 .text.xQueueGiveFromISR
                0x0000000008002dfe      0x11a ./Middlewares/Third_Party/FreeRTOS/Source/queue.o
                0x0000000008002dfe                xQueueGiveFromISR
 .text.xQueueReceive
                0x0000000008002f18      0x1c0 ./Middlewares/Third_Party/FreeRTOS/Source/queue.o
                0x0000000008002f18                xQueueReceive
 .text.xQueueSemaphoreTake
                0x00000000080030d8      0x218 ./Middlewares/Third_Party/FreeRTOS/Source/queue.o
                0x00000000080030d8                xQueueSemaphoreTake
 .text.prvGetDisinheritPriorityAfterTimeout
                0x00000000080032f0       0x30 ./Middlewares/Third_Party/FreeRTOS/Source/queue.o
 .text.prvCopyDataToQueue
                0x0000000008003320       0xd4 ./Middlewares/Third_Party/FreeRTOS/Source/queue.o
 .text.prvCopyDataFromQueue
                0x00000000080033f4       0x4c ./Middlewares/Third_Party/FreeRTOS/Source/queue.o
 .text.prvUnlockQueue
                0x0000000008003440       0xa4 ./Middlewares/Third_Party/FreeRTOS/Source/queue.o
 .text.prvIsQueueEmpty
                0x00000000080034e4       0x2c ./Middlewares/Third_Party/FreeRTOS/Source/queue.o
 .text.prvIsQueueFull
                0x0000000008003510       0x30 ./Middlewares/Third_Party/FreeRTOS/Source/queue.o
 .text.vQueueAddToRegistry
                0x0000000008003540       0x54 ./Middlewares/Third_Party/FreeRTOS/Source/queue.o
                0x0000000008003540                vQueueAddToRegistry
 .text.vQueueWaitForMessageRestricted
                0x0000000008003594       0x68 ./Middlewares/Third_Party/FreeRTOS/Source/queue.o
                0x0000000008003594                vQueueWaitForMessageRestricted
 .text.xTaskCreateStatic
                0x00000000080035fc       0xba ./Middlewares/Third_Party/FreeRTOS/Source/tasks.o
                0x00000000080035fc                xTaskCreateStatic
 .text.xTaskCreate
                0x00000000080036b6       0x8a ./Middlewares/Third_Party/FreeRTOS/Source/tasks.o
                0x00000000080036b6                xTaskCreate
 .text.prvInitialiseNewTask
                0x0000000008003740      0x14c ./Middlewares/Third_Party/FreeRTOS/Source/tasks.o
 .text.prvAddNewTaskToReadyList
                0x000000000800388c       0xe0 ./Middlewares/Third_Party/FreeRTOS/Source/tasks.o
 .text.vTaskStartScheduler
                0x000000000800396c       0xe0 ./Middlewares/Third_Party/FreeRTOS/Source/tasks.o
                0x000000000800396c                vTaskStartScheduler
 .text.vTaskSuspendAll
                0x0000000008003a4c       0x1c ./Middlewares/Third_Party/FreeRTOS/Source/tasks.o
                0x0000000008003a4c                vTaskSuspendAll
 .text.xTaskResumeAll
                0x0000000008003a68      0x13c ./Middlewares/Third_Party/FreeRTOS/Source/tasks.o
                0x0000000008003a68                xTaskResumeAll
 .text.xTaskGetTickCount
                0x0000000008003ba4       0x20 ./Middlewares/Third_Party/FreeRTOS/Source/tasks.o
                0x0000000008003ba4                xTaskGetTickCount
 .text.xTaskIncrementTick
                0x0000000008003bc4      0x174 ./Middlewares/Third_Party/FreeRTOS/Source/tasks.o
                0x0000000008003bc4                xTaskIncrementTick
 .text.vTaskSwitchContext
                0x0000000008003d38       0xc8 ./Middlewares/Third_Party/FreeRTOS/Source/tasks.o
                0x0000000008003d38                vTaskSwitchContext
 .text.vTaskPlaceOnEventList
                0x0000000008003e00       0x48 ./Middlewares/Third_Party/FreeRTOS/Source/tasks.o
                0x0000000008003e00                vTaskPlaceOnEventList
 .text.vTaskPlaceOnEventListRestricted
                0x0000000008003e48       0x58 ./Middlewares/Third_Party/FreeRTOS/Source/tasks.o
                0x0000000008003e48                vTaskPlaceOnEventListRestricted
 .text.xTaskRemoveFromEventList
                0x0000000008003ea0       0xc8 ./Middlewares/Third_Party/FreeRTOS/Source/tasks.o
                0x0000000008003ea0                xTaskRemoveFromEventList
 .text.vTaskInternalSetTimeOutState
                0x0000000008003f68       0x2c ./Middlewares/Third_Party/FreeRTOS/Source/tasks.o
                0x0000000008003f68                vTaskInternalSetTimeOutState
 .text.xTaskCheckForTimeOut
                0x0000000008003f94       0xc4 ./Middlewares/Third_Party/FreeRTOS/Source/tasks.o
                0x0000000008003f94                xTaskCheckForTimeOut
 .text.vTaskMissedYield
                0x0000000008004058       0x18 ./Middlewares/Third_Party/FreeRTOS/Source/tasks.o
                0x0000000008004058                vTaskMissedYield
 .text.prvIdleTask
                0x0000000008004070       0x30 ./Middlewares/Third_Party/FreeRTOS/Source/tasks.o
 .text.prvInitialiseTaskLists
                0x00000000080040a0       0x80 ./Middlewares/Third_Party/FreeRTOS/Source/tasks.o
 .text.prvCheckTasksWaitingTermination
                0x0000000008004120       0x5c ./Middlewares/Third_Party/FreeRTOS/Source/tasks.o
 .text.prvDeleteTCB
                0x000000000800417c       0x68 ./Middlewares/Third_Party/FreeRTOS/Source/tasks.o
 .text.prvResetNextTaskUnblockTime
                0x00000000080041e4       0x40 ./Middlewares/Third_Party/FreeRTOS/Source/tasks.o
 .text.xTaskGetSchedulerState
                0x0000000008004224       0x3c ./Middlewares/Third_Party/FreeRTOS/Source/tasks.o
                0x0000000008004224                xTaskGetSchedulerState
 .text.xTaskPriorityInherit
                0x0000000008004260       0xd0 ./Middlewares/Third_Party/FreeRTOS/Source/tasks.o
                0x0000000008004260                xTaskPriorityInherit
 .text.xTaskPriorityDisinherit
                0x0000000008004330       0xdc ./Middlewares/Third_Party/FreeRTOS/Source/tasks.o
                0x0000000008004330                xTaskPriorityDisinherit
 .text.vTaskPriorityDisinheritAfterTimeout
                0x000000000800440c      0x104 ./Middlewares/Third_Party/FreeRTOS/Source/tasks.o
                0x000000000800440c                vTaskPriorityDisinheritAfterTimeout
 .text.pvTaskIncrementMutexHeldCount
                0x0000000008004510       0x28 ./Middlewares/Third_Party/FreeRTOS/Source/tasks.o
                0x0000000008004510                pvTaskIncrementMutexHeldCount
 .text.prvAddCurrentTaskToDelayedList
                0x0000000008004538       0xa8 ./Middlewares/Third_Party/FreeRTOS/Source/tasks.o
 .text.xTimerCreateTimerTask
                0x00000000080045e0       0x90 ./Middlewares/Third_Party/FreeRTOS/Source/timers.o
                0x00000000080045e0                xTimerCreateTimerTask
 .text.xTimerGenericCommand
                0x0000000008004670       0x9c ./Middlewares/Third_Party/FreeRTOS/Source/timers.o
                0x0000000008004670                xTimerGenericCommand
 .text.prvProcessExpiredTimer
                0x000000000800470c       0x98 ./Middlewares/Third_Party/FreeRTOS/Source/timers.o
 .text.prvTimerTask
                0x00000000080047a4       0x24 ./Middlewares/Third_Party/FreeRTOS/Source/timers.o
 .text.prvProcessTimerOrBlockTask
                0x00000000080047c8       0x9c ./Middlewares/Third_Party/FreeRTOS/Source/timers.o
 .text.prvGetNextExpireTime
                0x0000000008004864       0x48 ./Middlewares/Third_Party/FreeRTOS/Source/timers.o
 .text.prvSampleTimeNow
                0x00000000080048ac       0x40 ./Middlewares/Third_Party/FreeRTOS/Source/timers.o
 .text.prvInsertTimerInActiveList
                0x00000000080048ec       0x84 ./Middlewares/Third_Party/FreeRTOS/Source/timers.o
 .text.prvProcessReceivedCommands
                0x0000000008004970      0x1c4 ./Middlewares/Third_Party/FreeRTOS/Source/timers.o
 .text.prvSwitchTimerLists
                0x0000000008004b34       0xc8 ./Middlewares/Third_Party/FreeRTOS/Source/timers.o
 .text.prvCheckForValidListAndQueue
                0x0000000008004bfc       0x80 ./Middlewares/Third_Party/FreeRTOS/Source/timers.o
 .text.pxPortInitialiseStack
                0x0000000008004c7c       0x68 ./Middlewares/Third_Party/FreeRTOS/Source/portable/GCC/ARM_CM4F/port.o
                0x0000000008004c7c                pxPortInitialiseStack
 .text.prvTaskExitError
                0x0000000008004ce4       0x58 ./Middlewares/Third_Party/FreeRTOS/Source/portable/GCC/ARM_CM4F/port.o
 *fill*         0x0000000008004d3c        0x4 
 .text.SVC_Handler
                0x0000000008004d40       0x28 ./Middlewares/Third_Party/FreeRTOS/Source/portable/GCC/ARM_CM4F/port.o
                0x0000000008004d40                SVC_Handler
 .text.prvPortStartFirstTask
                0x0000000008004d68       0x28 ./Middlewares/Third_Party/FreeRTOS/Source/portable/GCC/ARM_CM4F/port.o
 .text.xPortStartScheduler
                0x0000000008004d90      0x144 ./Middlewares/Third_Party/FreeRTOS/Source/portable/GCC/ARM_CM4F/port.o
                0x0000000008004d90                xPortStartScheduler
 .text.vPortEnterCritical
                0x0000000008004ed4       0x60 ./Middlewares/Third_Party/FreeRTOS/Source/portable/GCC/ARM_CM4F/port.o
                0x0000000008004ed4                vPortEnterCritical
 .text.vPortExitCritical
                0x0000000008004f34       0x54 ./Middlewares/Third_Party/FreeRTOS/Source/portable/GCC/ARM_CM4F/port.o
                0x0000000008004f34                vPortExitCritical
 *fill*         0x0000000008004f88        0x8 
 .text.PendSV_Handler
                0x0000000008004f90       0x68 ./Middlewares/Third_Party/FreeRTOS/Source/portable/GCC/ARM_CM4F/port.o
                0x0000000008004f90                PendSV_Handler
 .text.xPortSysTickHandler
                0x0000000008004ff8       0x44 ./Middlewares/Third_Party/FreeRTOS/Source/portable/GCC/ARM_CM4F/port.o
                0x0000000008004ff8                xPortSysTickHandler
 .text.vPortSetupTimerInterrupt
                0x000000000800503c       0x48 ./Middlewares/Third_Party/FreeRTOS/Source/portable/GCC/ARM_CM4F/port.o
                0x000000000800503c                vPortSetupTimerInterrupt
 .text.vPortEnableVFP
                0x0000000008005084       0x14 ./Middlewares/Third_Party/FreeRTOS/Source/portable/GCC/ARM_CM4F/port.o
 .text.vPortValidateInterruptPriority
                0x0000000008005098       0x80 ./Middlewares/Third_Party/FreeRTOS/Source/portable/GCC/ARM_CM4F/port.o
                0x0000000008005098                vPortValidateInterruptPriority
 .text.pvPortMalloc
                0x0000000008005118      0x198 ./Middlewares/Third_Party/FreeRTOS/Source/portable/MemMang/heap_4.o
                0x0000000008005118                pvPortMalloc
 .text.vPortFree
                0x00000000080052b0       0xc4 ./Middlewares/Third_Party/FreeRTOS/Source/portable/MemMang/heap_4.o
                0x00000000080052b0                vPortFree
 .text.prvHeapInit
                0x0000000008005374       0xc4 ./Middlewares/Third_Party/FreeRTOS/Source/portable/MemMang/heap_4.o
 .text.prvInsertBlockIntoFreeList
                0x0000000008005438       0xb4 ./Middlewares/Third_Party/FreeRTOS/Source/portable/MemMang/heap_4.o
 .text.arm_mean_q15
                0x00000000080054ec       0x60 /Users/eduardomunoz/Library/CloudStorage/OneDrive-CalPoly/college/Spring 2023/RTOS/P1_FFT_SA/Drivers/CMSIS/Lib/GCC/libarm_cortexM4lf_math.a(arm_mean_q15.o)
                0x00000000080054ec                arm_mean_q15
 .text.arm_max_q15
                0x000000000800554c       0xa4 /Users/eduardomunoz/Library/CloudStorage/OneDrive-CalPoly/college/Spring 2023/RTOS/P1_FFT_SA/Drivers/CMSIS/Lib/GCC/libarm_cortexM4lf_math.a(arm_max_q15.o)
                0x000000000800554c                arm_max_q15
 .text.arm_rfft_q15
                0x00000000080055f0      0x134 /Users/eduardomunoz/Library/CloudStorage/OneDrive-CalPoly/college/Spring 2023/RTOS/P1_FFT_SA/Drivers/CMSIS/Lib/GCC/libarm_cortexM4lf_math.a(arm_rfft_q15.o)
                0x00000000080055f0                arm_rfft_q15
 .text.arm_rfft_init_q15
                0x0000000008005724       0xec /Users/eduardomunoz/Library/CloudStorage/OneDrive-CalPoly/college/Spring 2023/RTOS/P1_FFT_SA/Drivers/CMSIS/Lib/GCC/libarm_cortexM4lf_math.a(arm_rfft_init_q15.o)
                0x0000000008005724                arm_rfft_init_q15
 .text.arm_cfft_radix4by2_q15
                0x0000000008005810       0xc4 /Users/eduardomunoz/Library/CloudStorage/OneDrive-CalPoly/college/Spring 2023/RTOS/P1_FFT_SA/Drivers/CMSIS/Lib/GCC/libarm_cortexM4lf_math.a(arm_cfft_q15.o)
                0x0000000008005810                arm_cfft_radix4by2_q15
 .text.arm_cfft_radix4by2_inverse_q15
                0x00000000080058d4       0xc4 /Users/eduardomunoz/Library/CloudStorage/OneDrive-CalPoly/college/Spring 2023/RTOS/P1_FFT_SA/Drivers/CMSIS/Lib/GCC/libarm_cortexM4lf_math.a(arm_cfft_q15.o)
                0x00000000080058d4                arm_cfft_radix4by2_inverse_q15
 .text.arm_cfft_q15
                0x0000000008005998       0xd8 /Users/eduardomunoz/Library/CloudStorage/OneDrive-CalPoly/college/Spring 2023/RTOS/P1_FFT_SA/Drivers/CMSIS/Lib/GCC/libarm_cortexM4lf_math.a(arm_cfft_q15.o)
                0x0000000008005998                arm_cfft_q15
 .text.arm_radix4_butterfly_q15
                0x0000000008005a70      0x268 /Users/eduardomunoz/Library/CloudStorage/OneDrive-CalPoly/college/Spring 2023/RTOS/P1_FFT_SA/Drivers/CMSIS/Lib/GCC/libarm_cortexM4lf_math.a(arm_cfft_radix4_q15.o)
                0x0000000008005a70                arm_radix4_butterfly_q15
 .text.arm_radix4_butterfly_inverse_q15
                0x0000000008005cd8      0x268 /Users/eduardomunoz/Library/CloudStorage/OneDrive-CalPoly/college/Spring 2023/RTOS/P1_FFT_SA/Drivers/CMSIS/Lib/GCC/libarm_cortexM4lf_math.a(arm_cfft_radix4_q15.o)
                0x0000000008005cd8                arm_radix4_butterfly_inverse_q15
 .text.arm_bitreversal_16
                0x0000000008005f40       0x44 /Users/eduardomunoz/Library/CloudStorage/OneDrive-CalPoly/college/Spring 2023/RTOS/P1_FFT_SA/Drivers/CMSIS/Lib/GCC/libarm_cortexM4lf_math.a(arm_bitreversal2.o)
                0x0000000008005f40                arm_bitreversal_16
 .text.__libc_init_array
                0x0000000008005f84       0x48 /Applications/STM32CubeIDE.app/Contents/Eclipse/plugins/com.st.stm32cube.ide.mcu.externaltools.gnu-tools-for-stm32.9-2020-q2-update.macos64_2.0.0.202105311346/tools/bin/../lib/gcc/arm-none-eabi/9.3.1/../../../../arm-none-eabi/lib/thumb/v7e-m+fp/hard/libc_nano.a(lib_a-init.o)
                0x0000000008005f84                __libc_init_array
 .text.__itoa   0x0000000008005fcc       0x30 /Applications/STM32CubeIDE.app/Contents/Eclipse/plugins/com.st.stm32cube.ide.mcu.externaltools.gnu-tools-for-stm32.9-2020-q2-update.macos64_2.0.0.202105311346/tools/bin/../lib/gcc/arm-none-eabi/9.3.1/../../../../arm-none-eabi/lib/thumb/v7e-m+fp/hard/libc_nano.a(lib_a-itoa.o)
                0x0000000008005fcc                __itoa
 .text.itoa     0x0000000008005ffc        0x4 /Applications/STM32CubeIDE.app/Contents/Eclipse/plugins/com.st.stm32cube.ide.mcu.externaltools.gnu-tools-for-stm32.9-2020-q2-update.macos64_2.0.0.202105311346/tools/bin/../lib/gcc/arm-none-eabi/9.3.1/../../../../arm-none-eabi/lib/thumb/v7e-m+fp/hard/libc_nano.a(lib_a-itoa.o)
                0x0000000008005ffc                itoa
 .text.__retarget_lock_acquire_recursive
                0x0000000008006000        0x2 /Applications/STM32CubeIDE.app/Contents/Eclipse/plugins/com.st.stm32cube.ide.mcu.externaltools.gnu-tools-for-stm32.9-2020-q2-update.macos64_2.0.0.202105311346/tools/bin/../lib/gcc/arm-none-eabi/9.3.1/../../../../arm-none-eabi/lib/thumb/v7e-m+fp/hard/libc_nano.a(lib_a-lock.o)
                0x0000000008006000                __retarget_lock_acquire_recursive
 .text.__retarget_lock_release_recursive
                0x0000000008006002        0x2 /Applications/STM32CubeIDE.app/Contents/Eclipse/plugins/com.st.stm32cube.ide.mcu.externaltools.gnu-tools-for-stm32.9-2020-q2-update.macos64_2.0.0.202105311346/tools/bin/../lib/gcc/arm-none-eabi/9.3.1/../../../../arm-none-eabi/lib/thumb/v7e-m+fp/hard/libc_nano.a(lib_a-lock.o)
                0x0000000008006002                __retarget_lock_release_recursive
 .text.memcpy   0x0000000008006004       0x1c /Applications/STM32CubeIDE.app/Contents/Eclipse/plugins/com.st.stm32cube.ide.mcu.externaltools.gnu-tools-for-stm32.9-2020-q2-update.macos64_2.0.0.202105311346/tools/bin/../lib/gcc/arm-none-eabi/9.3.1/../../../../arm-none-eabi/lib/thumb/v7e-m+fp/hard/libc_nano.a(lib_a-memcpy-stub.o)
                0x0000000008006004                memcpy
 .text.memset   0x0000000008006020       0x10 /Applications/STM32CubeIDE.app/Contents/Eclipse/plugins/com.st.stm32cube.ide.mcu.externaltools.gnu-tools-for-stm32.9-2020-q2-update.macos64_2.0.0.202105311346/tools/bin/../lib/gcc/arm-none-eabi/9.3.1/../../../../arm-none-eabi/lib/thumb/v7e-m+fp/hard/libc_nano.a(lib_a-memset.o)
                0x0000000008006020                memset
 .text.cleanup_glue
                0x0000000008006030       0x1a /Applications/STM32CubeIDE.app/Contents/Eclipse/plugins/com.st.stm32cube.ide.mcu.externaltools.gnu-tools-for-stm32.9-2020-q2-update.macos64_2.0.0.202105311346/tools/bin/../lib/gcc/arm-none-eabi/9.3.1/../../../../arm-none-eabi/lib/thumb/v7e-m+fp/hard/libc_nano.a(lib_a-reent.o)
                0x0000000008006030                cleanup_glue
 *fill*         0x000000000800604a        0x2 
 .text._reclaim_reent
                0x000000000800604c       0xb8 /Applications/STM32CubeIDE.app/Contents/Eclipse/plugins/com.st.stm32cube.ide.mcu.externaltools.gnu-tools-for-stm32.9-2020-q2-update.macos64_2.0.0.202105311346/tools/bin/../lib/gcc/arm-none-eabi/9.3.1/../../../../arm-none-eabi/lib/thumb/v7e-m+fp/hard/libc_nano.a(lib_a-reent.o)
                0x000000000800604c                _reclaim_reent
 .text.__utoa   0x0000000008006104       0x84 /Applications/STM32CubeIDE.app/Contents/Eclipse/plugins/com.st.stm32cube.ide.mcu.externaltools.gnu-tools-for-stm32.9-2020-q2-update.macos64_2.0.0.202105311346/tools/bin/../lib/gcc/arm-none-eabi/9.3.1/../../../../arm-none-eabi/lib/thumb/v7e-m+fp/hard/libc_nano.a(lib_a-utoa.o)
                0x0000000008006104                __utoa
 .text.__malloc_lock
                0x0000000008006188        0xc /Applications/STM32CubeIDE.app/Contents/Eclipse/plugins/com.st.stm32cube.ide.mcu.externaltools.gnu-tools-for-stm32.9-2020-q2-update.macos64_2.0.0.202105311346/tools/bin/../lib/gcc/arm-none-eabi/9.3.1/../../../../arm-none-eabi/lib/thumb/v7e-m+fp/hard/libc_nano.a(lib_a-mlock.o)
                0x0000000008006188                __malloc_lock
 .text.__malloc_unlock
                0x0000000008006194        0xc /Applications/STM32CubeIDE.app/Contents/Eclipse/plugins/com.st.stm32cube.ide.mcu.externaltools.gnu-tools-for-stm32.9-2020-q2-update.macos64_2.0.0.202105311346/tools/bin/../lib/gcc/arm-none-eabi/9.3.1/../../../../arm-none-eabi/lib/thumb/v7e-m+fp/hard/libc_nano.a(lib_a-mlock.o)
                0x0000000008006194                __malloc_unlock
 .text._free_r  0x00000000080061a0       0xa0 /Applications/STM32CubeIDE.app/Contents/Eclipse/plugins/com.st.stm32cube.ide.mcu.externaltools.gnu-tools-for-stm32.9-2020-q2-update.macos64_2.0.0.202105311346/tools/bin/../lib/gcc/arm-none-eabi/9.3.1/../../../../arm-none-eabi/lib/thumb/v7e-m+fp/hard/libc_nano.a(lib_a-nano-freer.o)
                0x00000000080061a0                _free_r
 *(.glue_7)
 .glue_7        0x0000000008006240        0x0 linker stubs
 *(.glue_7t)
 .glue_7t       0x0000000008006240        0x0 linker stubs
 *(.eh_frame)
 .eh_frame      0x0000000008006240        0x0 /Applications/STM32CubeIDE.app/Contents/Eclipse/plugins/com.st.stm32cube.ide.mcu.externaltools.gnu-tools-for-stm32.9-2020-q2-update.macos64_2.0.0.202105311346/tools/bin/../lib/gcc/arm-none-eabi/9.3.1/thumb/v7e-m+fp/hard/crtbegin.o
 *(.init)
 .init          0x0000000008006240        0x4 /Applications/STM32CubeIDE.app/Contents/Eclipse/plugins/com.st.stm32cube.ide.mcu.externaltools.gnu-tools-for-stm32.9-2020-q2-update.macos64_2.0.0.202105311346/tools/bin/../lib/gcc/arm-none-eabi/9.3.1/thumb/v7e-m+fp/hard/crti.o
                0x0000000008006240                _init
 .init          0x0000000008006244        0x8 /Applications/STM32CubeIDE.app/Contents/Eclipse/plugins/com.st.stm32cube.ide.mcu.externaltools.gnu-tools-for-stm32.9-2020-q2-update.macos64_2.0.0.202105311346/tools/bin/../lib/gcc/arm-none-eabi/9.3.1/thumb/v7e-m+fp/hard/crtn.o
 *(.fini)
 .fini          0x000000000800624c        0x4 /Applications/STM32CubeIDE.app/Contents/Eclipse/plugins/com.st.stm32cube.ide.mcu.externaltools.gnu-tools-for-stm32.9-2020-q2-update.macos64_2.0.0.202105311346/tools/bin/../lib/gcc/arm-none-eabi/9.3.1/thumb/v7e-m+fp/hard/crti.o
                0x000000000800624c                _fini
 .fini          0x0000000008006250        0x8 /Applications/STM32CubeIDE.app/Contents/Eclipse/plugins/com.st.stm32cube.ide.mcu.externaltools.gnu-tools-for-stm32.9-2020-q2-update.macos64_2.0.0.202105311346/tools/bin/../lib/gcc/arm-none-eabi/9.3.1/thumb/v7e-m+fp/hard/crtn.o
                0x0000000008006258                . = ALIGN (0x4)
                0x0000000008006258                _etext = .

.vfp11_veneer   0x0000000008006258        0x0
 .vfp11_veneer  0x0000000008006258        0x0 linker stubs

.v4_bx          0x0000000008006258        0x0
 .v4_bx         0x0000000008006258        0x0 linker stubs

.iplt           0x0000000008006258        0x0
 .iplt          0x0000000008006258        0x0 /Applications/STM32CubeIDE.app/Contents/Eclipse/plugins/com.st.stm32cube.ide.mcu.externaltools.gnu-tools-for-stm32.9-2020-q2-update.macos64_2.0.0.202105311346/tools/bin/../lib/gcc/arm-none-eabi/9.3.1/thumb/v7e-m+fp/hard/crtbegin.o

.rodata         0x0000000008006258    0x12000
                0x0000000008006258                . = ALIGN (0x4)
 *(.rodata)
 .rodata        0x0000000008006258       0x1f ./Core/Src/MyTasks.o
 *fill*         0x0000000008006277        0x1 
 .rodata        0x0000000008006278        0xc ./Core/Src/UART.o
 .rodata        0x0000000008006284       0x6b ./Core/Src/UART_plotter.o
 *fill*         0x00000000080062ef        0x1 
 .rodata        0x00000000080062f0       0x26 ./Core/Src/main.o
 *fill*         0x0000000008006316        0x2 
 .rodata        0x0000000008006318        0x5 ./Middlewares/Third_Party/FreeRTOS/Source/tasks.o
 *fill*         0x000000000800631d        0x3 
 .rodata        0x0000000008006320        0xd ./Middlewares/Third_Party/FreeRTOS/Source/timers.o
 *(.rodata*)
 *fill*         0x000000000800632d        0x3 
 .rodata.AHBPrescTable
                0x0000000008006330       0x10 ./Core/Src/system_stm32l4xx.o
                0x0000000008006330                AHBPrescTable
 .rodata.APBPrescTable
                0x0000000008006340        0x8 ./Core/Src/system_stm32l4xx.o
                0x0000000008006340                APBPrescTable
 .rodata.MSIRangeTable
                0x0000000008006348       0x30 ./Core/Src/system_stm32l4xx.o
                0x0000000008006348                MSIRangeTable
 .rodata.arm_cfft_sR_q15_len1024
                0x0000000008006378       0x10 /Users/eduardomunoz/Library/CloudStorage/OneDrive-CalPoly/college/Spring 2023/RTOS/P1_FFT_SA/Drivers/CMSIS/Lib/GCC/libarm_cortexM4lf_math.a(arm_const_structs.o)
                0x0000000008006378                arm_cfft_sR_q15_len1024
 .rodata.arm_cfft_sR_q15_len128
                0x0000000008006388       0x10 /Users/eduardomunoz/Library/CloudStorage/OneDrive-CalPoly/college/Spring 2023/RTOS/P1_FFT_SA/Drivers/CMSIS/Lib/GCC/libarm_cortexM4lf_math.a(arm_const_structs.o)
                0x0000000008006388                arm_cfft_sR_q15_len128
 .rodata.arm_cfft_sR_q15_len16
                0x0000000008006398       0x10 /Users/eduardomunoz/Library/CloudStorage/OneDrive-CalPoly/college/Spring 2023/RTOS/P1_FFT_SA/Drivers/CMSIS/Lib/GCC/libarm_cortexM4lf_math.a(arm_const_structs.o)
                0x0000000008006398                arm_cfft_sR_q15_len16
 .rodata.arm_cfft_sR_q15_len2048
                0x00000000080063a8       0x10 /Users/eduardomunoz/Library/CloudStorage/OneDrive-CalPoly/college/Spring 2023/RTOS/P1_FFT_SA/Drivers/CMSIS/Lib/GCC/libarm_cortexM4lf_math.a(arm_const_structs.o)
                0x00000000080063a8                arm_cfft_sR_q15_len2048
 .rodata.arm_cfft_sR_q15_len256
                0x00000000080063b8       0x10 /Users/eduardomunoz/Library/CloudStorage/OneDrive-CalPoly/college/Spring 2023/RTOS/P1_FFT_SA/Drivers/CMSIS/Lib/GCC/libarm_cortexM4lf_math.a(arm_const_structs.o)
                0x00000000080063b8                arm_cfft_sR_q15_len256
 .rodata.arm_cfft_sR_q15_len32
                0x00000000080063c8       0x10 /Users/eduardomunoz/Library/CloudStorage/OneDrive-CalPoly/college/Spring 2023/RTOS/P1_FFT_SA/Drivers/CMSIS/Lib/GCC/libarm_cortexM4lf_math.a(arm_const_structs.o)
                0x00000000080063c8                arm_cfft_sR_q15_len32
 .rodata.arm_cfft_sR_q15_len4096
                0x00000000080063d8       0x10 /Users/eduardomunoz/Library/CloudStorage/OneDrive-CalPoly/college/Spring 2023/RTOS/P1_FFT_SA/Drivers/CMSIS/Lib/GCC/libarm_cortexM4lf_math.a(arm_const_structs.o)
                0x00000000080063d8                arm_cfft_sR_q15_len4096
 .rodata.arm_cfft_sR_q15_len512
                0x00000000080063e8       0x10 /Users/eduardomunoz/Library/CloudStorage/OneDrive-CalPoly/college/Spring 2023/RTOS/P1_FFT_SA/Drivers/CMSIS/Lib/GCC/libarm_cortexM4lf_math.a(arm_const_structs.o)
                0x00000000080063e8                arm_cfft_sR_q15_len512
 .rodata.arm_cfft_sR_q15_len64
                0x00000000080063f8       0x10 /Users/eduardomunoz/Library/CloudStorage/OneDrive-CalPoly/college/Spring 2023/RTOS/P1_FFT_SA/Drivers/CMSIS/Lib/GCC/libarm_cortexM4lf_math.a(arm_const_structs.o)
                0x00000000080063f8                arm_cfft_sR_q15_len64
 .rodata.armBitRevIndexTable_fixed_1024
                0x0000000008006408      0x7c0 /Users/eduardomunoz/Library/CloudStorage/OneDrive-CalPoly/college/Spring 2023/RTOS/P1_FFT_SA/Drivers/CMSIS/Lib/GCC/libarm_cortexM4lf_math.a(arm_common_tables.o)
                0x0000000008006408                armBitRevIndexTable_fixed_1024
 .rodata.armBitRevIndexTable_fixed_128
                0x0000000008006bc8       0xe0 /Users/eduardomunoz/Library/CloudStorage/OneDrive-CalPoly/college/Spring 2023/RTOS/P1_FFT_SA/Drivers/CMSIS/Lib/GCC/libarm_cortexM4lf_math.a(arm_common_tables.o)
                0x0000000008006bc8                armBitRevIndexTable_fixed_128
 .rodata.armBitRevIndexTable_fixed_16
                0x0000000008006ca8       0x18 /Users/eduardomunoz/Library/CloudStorage/OneDrive-CalPoly/college/Spring 2023/RTOS/P1_FFT_SA/Drivers/CMSIS/Lib/GCC/libarm_cortexM4lf_math.a(arm_common_tables.o)
                0x0000000008006ca8                armBitRevIndexTable_fixed_16
 .rodata.armBitRevIndexTable_fixed_2048
                0x0000000008006cc0      0xf80 /Users/eduardomunoz/Library/CloudStorage/OneDrive-CalPoly/college/Spring 2023/RTOS/P1_FFT_SA/Drivers/CMSIS/Lib/GCC/libarm_cortexM4lf_math.a(arm_common_tables.o)
                0x0000000008006cc0                armBitRevIndexTable_fixed_2048
 .rodata.armBitRevIndexTable_fixed_256
                0x0000000008007c40      0x1e0 /Users/eduardomunoz/Library/CloudStorage/OneDrive-CalPoly/college/Spring 2023/RTOS/P1_FFT_SA/Drivers/CMSIS/Lib/GCC/libarm_cortexM4lf_math.a(arm_common_tables.o)
                0x0000000008007c40                armBitRevIndexTable_fixed_256
 .rodata.armBitRevIndexTable_fixed_32
                0x0000000008007e20       0x30 /Users/eduardomunoz/Library/CloudStorage/OneDrive-CalPoly/college/Spring 2023/RTOS/P1_FFT_SA/Drivers/CMSIS/Lib/GCC/libarm_cortexM4lf_math.a(arm_common_tables.o)
                0x0000000008007e20                armBitRevIndexTable_fixed_32
 .rodata.armBitRevIndexTable_fixed_4096
                0x0000000008007e50     0x1f80 /Users/eduardomunoz/Library/CloudStorage/OneDrive-CalPoly/college/Spring 2023/RTOS/P1_FFT_SA/Drivers/CMSIS/Lib/GCC/libarm_cortexM4lf_math.a(arm_common_tables.o)
                0x0000000008007e50                armBitRevIndexTable_fixed_4096
 .rodata.armBitRevIndexTable_fixed_512
                0x0000000008009dd0      0x3c0 /Users/eduardomunoz/Library/CloudStorage/OneDrive-CalPoly/college/Spring 2023/RTOS/P1_FFT_SA/Drivers/CMSIS/Lib/GCC/libarm_cortexM4lf_math.a(arm_common_tables.o)
                0x0000000008009dd0                armBitRevIndexTable_fixed_512
 .rodata.armBitRevIndexTable_fixed_64
                0x000000000800a190       0x70 /Users/eduardomunoz/Library/CloudStorage/OneDrive-CalPoly/college/Spring 2023/RTOS/P1_FFT_SA/Drivers/CMSIS/Lib/GCC/libarm_cortexM4lf_math.a(arm_common_tables.o)
                0x000000000800a190                armBitRevIndexTable_fixed_64
 .rodata.realCoefAQ15
                0x000000000800a200     0x4000 /Users/eduardomunoz/Library/CloudStorage/OneDrive-CalPoly/college/Spring 2023/RTOS/P1_FFT_SA/Drivers/CMSIS/Lib/GCC/libarm_cortexM4lf_math.a(arm_common_tables.o)
                0x000000000800a200                realCoefAQ15
 .rodata.realCoefBQ15
                0x000000000800e200     0x4000 /Users/eduardomunoz/Library/CloudStorage/OneDrive-CalPoly/college/Spring 2023/RTOS/P1_FFT_SA/Drivers/CMSIS/Lib/GCC/libarm_cortexM4lf_math.a(arm_common_tables.o)
                0x000000000800e200                realCoefBQ15
 .rodata.twiddleCoef_1024_q15
                0x0000000008012200      0xc00 /Users/eduardomunoz/Library/CloudStorage/OneDrive-CalPoly/college/Spring 2023/RTOS/P1_FFT_SA/Drivers/CMSIS/Lib/GCC/libarm_cortexM4lf_math.a(arm_common_tables.o)
                0x0000000008012200                twiddleCoef_1024_q15
 .rodata.twiddleCoef_128_q15
                0x0000000008012e00      0x180 /Users/eduardomunoz/Library/CloudStorage/OneDrive-CalPoly/college/Spring 2023/RTOS/P1_FFT_SA/Drivers/CMSIS/Lib/GCC/libarm_cortexM4lf_math.a(arm_common_tables.o)
                0x0000000008012e00                twiddleCoef_128_q15
 .rodata.twiddleCoef_16_q15
                0x0000000008012f80       0x30 /Users/eduardomunoz/Library/CloudStorage/OneDrive-CalPoly/college/Spring 2023/RTOS/P1_FFT_SA/Drivers/CMSIS/Lib/GCC/libarm_cortexM4lf_math.a(arm_common_tables.o)
                0x0000000008012f80                twiddleCoef_16_q15
 .rodata.twiddleCoef_2048_q15
                0x0000000008012fb0     0x1800 /Users/eduardomunoz/Library/CloudStorage/OneDrive-CalPoly/college/Spring 2023/RTOS/P1_FFT_SA/Drivers/CMSIS/Lib/GCC/libarm_cortexM4lf_math.a(arm_common_tables.o)
                0x0000000008012fb0                twiddleCoef_2048_q15
 .rodata.twiddleCoef_256_q15
                0x00000000080147b0      0x300 /Users/eduardomunoz/Library/CloudStorage/OneDrive-CalPoly/college/Spring 2023/RTOS/P1_FFT_SA/Drivers/CMSIS/Lib/GCC/libarm_cortexM4lf_math.a(arm_common_tables.o)
                0x00000000080147b0                twiddleCoef_256_q15
 .rodata.twiddleCoef_32_q15
                0x0000000008014ab0       0x60 /Users/eduardomunoz/Library/CloudStorage/OneDrive-CalPoly/college/Spring 2023/RTOS/P1_FFT_SA/Drivers/CMSIS/Lib/GCC/libarm_cortexM4lf_math.a(arm_common_tables.o)
                0x0000000008014ab0                twiddleCoef_32_q15
 .rodata.twiddleCoef_4096_q15
                0x0000000008014b10     0x3000 /Users/eduardomunoz/Library/CloudStorage/OneDrive-CalPoly/college/Spring 2023/RTOS/P1_FFT_SA/Drivers/CMSIS/Lib/GCC/libarm_cortexM4lf_math.a(arm_common_tables.o)
                0x0000000008014b10                twiddleCoef_4096_q15
 .rodata.twiddleCoef_512_q15
                0x0000000008017b10      0x600 /Users/eduardomunoz/Library/CloudStorage/OneDrive-CalPoly/college/Spring 2023/RTOS/P1_FFT_SA/Drivers/CMSIS/Lib/GCC/libarm_cortexM4lf_math.a(arm_common_tables.o)
                0x0000000008017b10                twiddleCoef_512_q15
 .rodata.twiddleCoef_64_q15
                0x0000000008018110       0xc0 /Users/eduardomunoz/Library/CloudStorage/OneDrive-CalPoly/college/Spring 2023/RTOS/P1_FFT_SA/Drivers/CMSIS/Lib/GCC/libarm_cortexM4lf_math.a(arm_common_tables.o)
                0x0000000008018110                twiddleCoef_64_q15
 .rodata.__sf_fake_stderr
                0x00000000080181d0       0x20 /Applications/STM32CubeIDE.app/Contents/Eclipse/plugins/com.st.stm32cube.ide.mcu.externaltools.gnu-tools-for-stm32.9-2020-q2-update.macos64_2.0.0.202105311346/tools/bin/../lib/gcc/arm-none-eabi/9.3.1/../../../../arm-none-eabi/lib/thumb/v7e-m+fp/hard/libc_nano.a(lib_a-findfp.o)
                0x00000000080181d0                __sf_fake_stderr
 .rodata.__sf_fake_stdin
                0x00000000080181f0       0x20 /Applications/STM32CubeIDE.app/Contents/Eclipse/plugins/com.st.stm32cube.ide.mcu.externaltools.gnu-tools-for-stm32.9-2020-q2-update.macos64_2.0.0.202105311346/tools/bin/../lib/gcc/arm-none-eabi/9.3.1/../../../../arm-none-eabi/lib/thumb/v7e-m+fp/hard/libc_nano.a(lib_a-findfp.o)
                0x00000000080181f0                __sf_fake_stdin
 .rodata.__sf_fake_stdout
                0x0000000008018210       0x20 /Applications/STM32CubeIDE.app/Contents/Eclipse/plugins/com.st.stm32cube.ide.mcu.externaltools.gnu-tools-for-stm32.9-2020-q2-update.macos64_2.0.0.202105311346/tools/bin/../lib/gcc/arm-none-eabi/9.3.1/../../../../arm-none-eabi/lib/thumb/v7e-m+fp/hard/libc_nano.a(lib_a-findfp.o)
                0x0000000008018210                __sf_fake_stdout
 .rodata.__utoa.str1.1
                0x0000000008018230       0x25 /Applications/STM32CubeIDE.app/Contents/Eclipse/plugins/com.st.stm32cube.ide.mcu.externaltools.gnu-tools-for-stm32.9-2020-q2-update.macos64_2.0.0.202105311346/tools/bin/../lib/gcc/arm-none-eabi/9.3.1/../../../../arm-none-eabi/lib/thumb/v7e-m+fp/hard/libc_nano.a(lib_a-utoa.o)
                0x0000000008018258                . = ALIGN (0x4)
 *fill*         0x0000000008018255        0x3 

.rel.dyn        0x0000000008018258        0x0
 .rel.iplt      0x0000000008018258        0x0 /Applications/STM32CubeIDE.app/Contents/Eclipse/plugins/com.st.stm32cube.ide.mcu.externaltools.gnu-tools-for-stm32.9-2020-q2-update.macos64_2.0.0.202105311346/tools/bin/../lib/gcc/arm-none-eabi/9.3.1/thumb/v7e-m+fp/hard/crtbegin.o

.ARM.extab      0x0000000008018258        0x0
                0x0000000008018258                . = ALIGN (0x4)
 *(.ARM.extab* .gnu.linkonce.armextab.*)
                0x0000000008018258                . = ALIGN (0x4)

.ARM            0x0000000008018258        0x0
                0x0000000008018258                . = ALIGN (0x4)
                0x0000000008018258                __exidx_start = .
 *(.ARM.exidx*)
                0x0000000008018258                __exidx_end = .
                0x0000000008018258                . = ALIGN (0x4)

.preinit_array  0x0000000008018258        0x0
                0x0000000008018258                . = ALIGN (0x4)
                0x0000000008018258                PROVIDE (__preinit_array_start = .)
 *(.preinit_array*)
                0x0000000008018258                PROVIDE (__preinit_array_end = .)
                0x0000000008018258                . = ALIGN (0x4)

.init_array     0x0000000008018258        0x4
                0x0000000008018258                . = ALIGN (0x4)
                0x0000000008018258                PROVIDE (__init_array_start = .)
 *(SORT_BY_NAME(.init_array.*))
 *(.init_array*)
 .init_array    0x0000000008018258        0x4 /Applications/STM32CubeIDE.app/Contents/Eclipse/plugins/com.st.stm32cube.ide.mcu.externaltools.gnu-tools-for-stm32.9-2020-q2-update.macos64_2.0.0.202105311346/tools/bin/../lib/gcc/arm-none-eabi/9.3.1/thumb/v7e-m+fp/hard/crtbegin.o
                0x000000000801825c                PROVIDE (__init_array_end = .)
                0x000000000801825c                . = ALIGN (0x4)

.fini_array     0x000000000801825c        0x4
                0x000000000801825c                . = ALIGN (0x4)
                [!provide]                        PROVIDE (__fini_array_start = .)
 *(SORT_BY_NAME(.fini_array.*))
 *(.fini_array*)
 .fini_array    0x000000000801825c        0x4 /Applications/STM32CubeIDE.app/Contents/Eclipse/plugins/com.st.stm32cube.ide.mcu.externaltools.gnu-tools-for-stm32.9-2020-q2-update.macos64_2.0.0.202105311346/tools/bin/../lib/gcc/arm-none-eabi/9.3.1/thumb/v7e-m+fp/hard/crtbegin.o
                [!provide]                        PROVIDE (__fini_array_end = .)
                0x0000000008018260                . = ALIGN (0x4)
                0x0000000008018260                _sidata = LOADADDR (.data)

.data           0x0000000020000000      0x874 load address 0x0000000008018260
                0x0000000020000000                . = ALIGN (0x4)
                0x0000000020000000                _sdata = .
 *(.data)
 *(.data*)
 .data.hanningwind
                0x0000000020000000      0x800 ./Core/Src/DMA.o
                0x0000000020000000                hanningwind
 .data.SystemCoreClock
                0x0000000020000800        0x4 ./Core/Src/system_stm32l4xx.o
                0x0000000020000800                SystemCoreClock
 .data.uwTickPrio
                0x0000000020000804        0x4 ./Drivers/STM32L4xx_HAL_Driver/Src/stm32l4xx_hal.o
                0x0000000020000804                uwTickPrio
 .data.uwTickFreq
                0x0000000020000808        0x1 ./Drivers/STM32L4xx_HAL_Driver/Src/stm32l4xx_hal.o
                0x0000000020000808                uwTickFreq
 *fill*         0x0000000020000809        0x3 
 .data.uxCriticalNesting
                0x000000002000080c        0x4 ./Middlewares/Third_Party/FreeRTOS/Source/portable/GCC/ARM_CM4F/port.o
 .data._impure_ptr
                0x0000000020000810        0x4 /Applications/STM32CubeIDE.app/Contents/Eclipse/plugins/com.st.stm32cube.ide.mcu.externaltools.gnu-tools-for-stm32.9-2020-q2-update.macos64_2.0.0.202105311346/tools/bin/../lib/gcc/arm-none-eabi/9.3.1/../../../../arm-none-eabi/lib/thumb/v7e-m+fp/hard/libc_nano.a(lib_a-impure.o)
                0x0000000020000810                _impure_ptr
 .data.impure_data
                0x0000000020000814       0x60 /Applications/STM32CubeIDE.app/Contents/Eclipse/plugins/com.st.stm32cube.ide.mcu.externaltools.gnu-tools-for-stm32.9-2020-q2-update.macos64_2.0.0.202105311346/tools/bin/../lib/gcc/arm-none-eabi/9.3.1/../../../../arm-none-eabi/lib/thumb/v7e-m+fp/hard/libc_nano.a(lib_a-impure.o)
 *(.RamFunc)
 *(.RamFunc*)
                0x0000000020000874                . = ALIGN (0x4)
                0x0000000020000874                _edata = .

.igot.plt       0x0000000020000874        0x0 load address 0x0000000008018ad4
 .igot.plt      0x0000000020000874        0x0 /Applications/STM32CubeIDE.app/Contents/Eclipse/plugins/com.st.stm32cube.ide.mcu.externaltools.gnu-tools-for-stm32.9-2020-q2-update.macos64_2.0.0.202105311346/tools/bin/../lib/gcc/arm-none-eabi/9.3.1/thumb/v7e-m+fp/hard/crtbegin.o
                0x0000000020000874                . = ALIGN (0x4)

.bss            0x0000000020000874     0x638c load address 0x0000000008018ad4
                0x0000000020000874                _sbss = .
                0x0000000020000874                __bss_start__ = _sbss
 *(.bss)
 .bss           0x0000000020000874       0x1c /Applications/STM32CubeIDE.app/Contents/Eclipse/plugins/com.st.stm32cube.ide.mcu.externaltools.gnu-tools-for-stm32.9-2020-q2-update.macos64_2.0.0.202105311346/tools/bin/../lib/gcc/arm-none-eabi/9.3.1/thumb/v7e-m+fp/hard/crtbegin.o
 *(.bss*)
 .bss.printSemaphore
                0x0000000020000890        0x4 ./Core/Src/MyTasks.o
                0x0000000020000890                printSemaphore
 .bss.calculateSemaphore1
                0x0000000020000894        0x4 ./Core/Src/MyTasks.o
                0x0000000020000894                calculateSemaphore1
 .bss.calculateSemaphore2
                0x0000000020000898        0x4 ./Core/Src/MyTasks.o
                0x0000000020000898                calculateSemaphore2
 .bss.testOutput
                0x000000002000089c      0x400 ./Core/Src/MyTasks.o
                0x000000002000089c                testOutput
 .bss.collectedsamples
                0x0000000020000c9c     0x2000 ./Core/Src/main.o
                0x0000000020000c9c                collectedsamples
 .bss.KernelState
                0x0000000020002c9c        0x4 ./Middlewares/Third_Party/FreeRTOS/Source/CMSIS_RTOS_V2/cmsis_os2.o
 .bss.Idle_TCB.10648
                0x0000000020002ca0       0xbc ./Middlewares/Third_Party/FreeRTOS/Source/CMSIS_RTOS_V2/cmsis_os2.o
 .bss.Idle_Stack.10649
                0x0000000020002d5c      0x400 ./Middlewares/Third_Party/FreeRTOS/Source/CMSIS_RTOS_V2/cmsis_os2.o
 .bss.Timer_TCB.10655
                0x000000002000315c       0xbc ./Middlewares/Third_Party/FreeRTOS/Source/CMSIS_RTOS_V2/cmsis_os2.o
 .bss.Timer_Stack.10656
                0x0000000020003218      0x400 ./Middlewares/Third_Party/FreeRTOS/Source/CMSIS_RTOS_V2/cmsis_os2.o
 .bss.pxCurrentTCB
                0x0000000020003618        0x4 ./Middlewares/Third_Party/FreeRTOS/Source/tasks.o
                0x0000000020003618                pxCurrentTCB
 .bss.pxReadyTasksLists
                0x000000002000361c      0x460 ./Middlewares/Third_Party/FreeRTOS/Source/tasks.o
 .bss.xDelayedTaskList1
                0x0000000020003a7c       0x14 ./Middlewares/Third_Party/FreeRTOS/Source/tasks.o
 .bss.xDelayedTaskList2
                0x0000000020003a90       0x14 ./Middlewares/Third_Party/FreeRTOS/Source/tasks.o
 .bss.pxDelayedTaskList
                0x0000000020003aa4        0x4 ./Middlewares/Third_Party/FreeRTOS/Source/tasks.o
 .bss.pxOverflowDelayedTaskList
                0x0000000020003aa8        0x4 ./Middlewares/Third_Party/FreeRTOS/Source/tasks.o
 .bss.xPendingReadyList
                0x0000000020003aac       0x14 ./Middlewares/Third_Party/FreeRTOS/Source/tasks.o
 .bss.xTasksWaitingTermination
                0x0000000020003ac0       0x14 ./Middlewares/Third_Party/FreeRTOS/Source/tasks.o
 .bss.uxDeletedTasksWaitingCleanUp
                0x0000000020003ad4        0x4 ./Middlewares/Third_Party/FreeRTOS/Source/tasks.o
 .bss.xSuspendedTaskList
                0x0000000020003ad8       0x14 ./Middlewares/Third_Party/FreeRTOS/Source/tasks.o
 .bss.uxCurrentNumberOfTasks
                0x0000000020003aec        0x4 ./Middlewares/Third_Party/FreeRTOS/Source/tasks.o
 .bss.xTickCount
                0x0000000020003af0        0x4 ./Middlewares/Third_Party/FreeRTOS/Source/tasks.o
 .bss.uxTopReadyPriority
                0x0000000020003af4        0x4 ./Middlewares/Third_Party/FreeRTOS/Source/tasks.o
 .bss.xSchedulerRunning
                0x0000000020003af8        0x4 ./Middlewares/Third_Party/FreeRTOS/Source/tasks.o
 .bss.xPendedTicks
                0x0000000020003afc        0x4 ./Middlewares/Third_Party/FreeRTOS/Source/tasks.o
 .bss.xYieldPending
                0x0000000020003b00        0x4 ./Middlewares/Third_Party/FreeRTOS/Source/tasks.o
 .bss.xNumOfOverflows
                0x0000000020003b04        0x4 ./Middlewares/Third_Party/FreeRTOS/Source/tasks.o
 .bss.uxTaskNumber
                0x0000000020003b08        0x4 ./Middlewares/Third_Party/FreeRTOS/Source/tasks.o
 .bss.xNextTaskUnblockTime
                0x0000000020003b0c        0x4 ./Middlewares/Third_Party/FreeRTOS/Source/tasks.o
 .bss.xIdleTaskHandle
                0x0000000020003b10        0x4 ./Middlewares/Third_Party/FreeRTOS/Source/tasks.o
 .bss.uxSchedulerSuspended
                0x0000000020003b14        0x4 ./Middlewares/Third_Party/FreeRTOS/Source/tasks.o
 .bss.xActiveTimerList1
                0x0000000020003b18       0x14 ./Middlewares/Third_Party/FreeRTOS/Source/timers.o
 .bss.xActiveTimerList2
                0x0000000020003b2c       0x14 ./Middlewares/Third_Party/FreeRTOS/Source/timers.o
 .bss.pxCurrentTimerList
                0x0000000020003b40        0x4 ./Middlewares/Third_Party/FreeRTOS/Source/timers.o
 .bss.pxOverflowTimerList
                0x0000000020003b44        0x4 ./Middlewares/Third_Party/FreeRTOS/Source/timers.o
 .bss.xTimerQueue
                0x0000000020003b48        0x4 ./Middlewares/Third_Party/FreeRTOS/Source/timers.o
 .bss.xTimerTaskHandle
                0x0000000020003b4c        0x4 ./Middlewares/Third_Party/FreeRTOS/Source/timers.o
 .bss.xLastTime.7010
                0x0000000020003b50        0x4 ./Middlewares/Third_Party/FreeRTOS/Source/timers.o
 .bss.ucStaticTimerQueueStorage.7061
                0x0000000020003b54       0xa0 ./Middlewares/Third_Party/FreeRTOS/Source/timers.o
 .bss.xStaticTimerQueue.7060
                0x0000000020003bf4       0x50 ./Middlewares/Third_Party/FreeRTOS/Source/timers.o
 .bss.ucMaxSysCallPriority
                0x0000000020003c44        0x1 ./Middlewares/Third_Party/FreeRTOS/Source/portable/GCC/ARM_CM4F/port.o
 *fill*         0x0000000020003c45        0x3 
 .bss.ulMaxPRIGROUPValue
                0x0000000020003c48        0x4 ./Middlewares/Third_Party/FreeRTOS/Source/portable/GCC/ARM_CM4F/port.o
 .bss.ucHeap    0x0000000020003c4c     0x2ee0 ./Middlewares/Third_Party/FreeRTOS/Source/portable/MemMang/heap_4.o
 .bss.xStart    0x0000000020006b2c        0x8 ./Middlewares/Third_Party/FreeRTOS/Source/portable/MemMang/heap_4.o
 .bss.pxEnd     0x0000000020006b34        0x4 ./Middlewares/Third_Party/FreeRTOS/Source/portable/MemMang/heap_4.o
 .bss.xFreeBytesRemaining
                0x0000000020006b38        0x4 ./Middlewares/Third_Party/FreeRTOS/Source/portable/MemMang/heap_4.o
 .bss.xMinimumEverFreeBytesRemaining
                0x0000000020006b3c        0x4 ./Middlewares/Third_Party/FreeRTOS/Source/portable/MemMang/heap_4.o
 .bss.xNumberOfSuccessfulAllocations
                0x0000000020006b40        0x4 ./Middlewares/Third_Party/FreeRTOS/Source/portable/MemMang/heap_4.o
 .bss.xNumberOfSuccessfulFrees
                0x0000000020006b44        0x4 ./Middlewares/Third_Party/FreeRTOS/Source/portable/MemMang/heap_4.o
 .bss.xBlockAllocatedBit
                0x0000000020006b48        0x4 ./Middlewares/Third_Party/FreeRTOS/Source/portable/MemMang/heap_4.o
 .bss.__malloc_free_list
                0x0000000020006b4c        0x4 /Applications/STM32CubeIDE.app/Contents/Eclipse/plugins/com.st.stm32cube.ide.mcu.externaltools.gnu-tools-for-stm32.9-2020-q2-update.macos64_2.0.0.202105311346/tools/bin/../lib/gcc/arm-none-eabi/9.3.1/../../../../arm-none-eabi/lib/thumb/v7e-m+fp/hard/libc_nano.a(lib_a-nano-mallocr.o)
                0x0000000020006b4c                __malloc_free_list
 *(COMMON)
 COMMON         0x0000000020006b50       0x12 ./Core/Src/MyTasks.o
                0x0000000020006b50                calculate_freq_Handler
                0x0000000020006b54                freqstring
                0x0000000020006b58                setup_FFT_Handler
                0x0000000020006b5c                print_freq_Handler
                0x0000000020006b60                max
 *fill*         0x0000000020006b62        0x2 
 COMMON         0x0000000020006b64       0x4c ./Core/Src/stm32l4xx_hal_timebase_tim.o
                0x0000000020006b64                htim6
 COMMON         0x0000000020006bb0        0x4 ./Drivers/STM32L4xx_HAL_Driver/Src/stm32l4xx_hal.o
                0x0000000020006bb0                uwTick
 COMMON         0x0000000020006bb4       0x40 ./Middlewares/Third_Party/FreeRTOS/Source/queue.o
                0x0000000020006bb4                xQueueRegistry
 COMMON         0x0000000020006bf4        0x9 /Applications/STM32CubeIDE.app/Contents/Eclipse/plugins/com.st.stm32cube.ide.mcu.externaltools.gnu-tools-for-stm32.9-2020-q2-update.macos64_2.0.0.202105311346/tools/bin/../lib/gcc/arm-none-eabi/9.3.1/../../../../arm-none-eabi/lib/thumb/v7e-m+fp/hard/libc_nano.a(lib_a-lock.o)
                0x0000000020006bf4                __lock___atexit_recursive_mutex
                0x0000000020006bf5                __lock___arc4random_mutex
                0x0000000020006bf6                __lock___env_recursive_mutex
                0x0000000020006bf7                __lock___sinit_recursive_mutex
                0x0000000020006bf8                __lock___malloc_recursive_mutex
                0x0000000020006bf9                __lock___at_quick_exit_mutex
                0x0000000020006bfa                __lock___dd_hash_mutex
                0x0000000020006bfb                __lock___tz_mutex
                0x0000000020006bfc                __lock___sfp_recursive_mutex
                0x0000000020006c00                . = ALIGN (0x4)
 *fill*         0x0000000020006bfd        0x3 
                0x0000000020006c00                _ebss = .
                0x0000000020006c00                __bss_end__ = _ebss

._user_heap_stack
                0x0000000020006c00     0x11a0 load address 0x0000000008018ad4
                0x0000000020006c00                . = ALIGN (0x8)
                [!provide]                        PROVIDE (end = .)
                0x0000000020006c00                PROVIDE (_end = .)
                0x0000000020006e00                . = (. + _Min_Heap_Size)
 *fill*         0x0000000020006c00      0x200 
                0x0000000020007da0                . = (. + _Min_Stack_Size)
 *fill*         0x0000000020006e00      0xfa0 
                0x0000000020007da0                . = ALIGN (0x8)

/DISCARD/
 libc.a(*)
 libm.a(*)
 libgcc.a(*)

.ARM.attributes
                0x0000000000000000       0x30
 *(.ARM.attributes)
 .ARM.attributes
                0x0000000000000000       0x1e /Applications/STM32CubeIDE.app/Contents/Eclipse/plugins/com.st.stm32cube.ide.mcu.externaltools.gnu-tools-for-stm32.9-2020-q2-update.macos64_2.0.0.202105311346/tools/bin/../lib/gcc/arm-none-eabi/9.3.1/thumb/v7e-m+fp/hard/crti.o
 .ARM.attributes
                0x000000000000001e       0x34 /Applications/STM32CubeIDE.app/Contents/Eclipse/plugins/com.st.stm32cube.ide.mcu.externaltools.gnu-tools-for-stm32.9-2020-q2-update.macos64_2.0.0.202105311346/tools/bin/../lib/gcc/arm-none-eabi/9.3.1/thumb/v7e-m+fp/hard/crtbegin.o
 .ARM.attributes
                0x0000000000000052       0x34 ./Core/Src/ADC.o
 .ARM.attributes
                0x0000000000000086       0x34 ./Core/Src/DMA.o
 .ARM.attributes
                0x00000000000000ba       0x34 ./Core/Src/GPIO.o
 .ARM.attributes
                0x00000000000000ee       0x34 ./Core/Src/MyTasks.o
 .ARM.attributes
                0x0000000000000122       0x34 ./Core/Src/UART.o
 .ARM.attributes
                0x0000000000000156       0x34 ./Core/Src/UART_plotter.o
 .ARM.attributes
                0x000000000000018a       0x34 ./Core/Src/main.o
 .ARM.attributes
                0x00000000000001be       0x34 ./Core/Src/stm32l4xx_hal_msp.o
 .ARM.attributes
                0x00000000000001f2       0x34 ./Core/Src/stm32l4xx_hal_timebase_tim.o
 .ARM.attributes
                0x0000000000000226       0x34 ./Core/Src/stm32l4xx_it.o
 .ARM.attributes
                0x000000000000025a       0x34 ./Core/Src/system_stm32l4xx.o
 .ARM.attributes
                0x000000000000028e       0x34 ./Core/Src/timer.o
 .ARM.attributes
                0x00000000000002c2       0x21 ./Core/Startup/startup_stm32l476rgtx.o
 .ARM.attributes
                0x00000000000002e3       0x34 ./Drivers/STM32L4xx_HAL_Driver/Src/stm32l4xx_hal.o
 .ARM.attributes
                0x0000000000000317       0x34 ./Drivers/STM32L4xx_HAL_Driver/Src/stm32l4xx_hal_cortex.o
 .ARM.attributes
                0x000000000000034b       0x34 ./Drivers/STM32L4xx_HAL_Driver/Src/stm32l4xx_hal_pwr_ex.o
 .ARM.attributes
                0x000000000000037f       0x34 ./Drivers/STM32L4xx_HAL_Driver/Src/stm32l4xx_hal_rcc.o
 .ARM.attributes
                0x00000000000003b3       0x34 ./Drivers/STM32L4xx_HAL_Driver/Src/stm32l4xx_hal_tim.o
 .ARM.attributes
                0x00000000000003e7       0x34 ./Drivers/STM32L4xx_HAL_Driver/Src/stm32l4xx_hal_tim_ex.o
 .ARM.attributes
                0x000000000000041b       0x34 ./Middlewares/Third_Party/FreeRTOS/Source/CMSIS_RTOS_V2/cmsis_os2.o
 .ARM.attributes
                0x000000000000044f       0x34 ./Middlewares/Third_Party/FreeRTOS/Source/list.o
 .ARM.attributes
                0x0000000000000483       0x34 ./Middlewares/Third_Party/FreeRTOS/Source/queue.o
 .ARM.attributes
                0x00000000000004b7       0x34 ./Middlewares/Third_Party/FreeRTOS/Source/tasks.o
 .ARM.attributes
                0x00000000000004eb       0x34 ./Middlewares/Third_Party/FreeRTOS/Source/timers.o
 .ARM.attributes
                0x000000000000051f       0x34 ./Middlewares/Third_Party/FreeRTOS/Source/portable/GCC/ARM_CM4F/port.o
 .ARM.attributes
                0x0000000000000553       0x34 ./Middlewares/Third_Party/FreeRTOS/Source/portable/MemMang/heap_4.o
 .ARM.attributes
                0x0000000000000587       0x34 /Users/eduardomunoz/Library/CloudStorage/OneDrive-CalPoly/college/Spring 2023/RTOS/P1_FFT_SA/Drivers/CMSIS/Lib/GCC/libarm_cortexM4lf_math.a(arm_mean_q15.o)
 .ARM.attributes
                0x00000000000005bb       0x34 /Users/eduardomunoz/Library/CloudStorage/OneDrive-CalPoly/college/Spring 2023/RTOS/P1_FFT_SA/Drivers/CMSIS/Lib/GCC/libarm_cortexM4lf_math.a(arm_max_q15.o)
 .ARM.attributes
                0x00000000000005ef       0x34 /Users/eduardomunoz/Library/CloudStorage/OneDrive-CalPoly/college/Spring 2023/RTOS/P1_FFT_SA/Drivers/CMSIS/Lib/GCC/libarm_cortexM4lf_math.a(arm_rfft_q15.o)
 .ARM.attributes
                0x0000000000000623       0x34 /Users/eduardomunoz/Library/CloudStorage/OneDrive-CalPoly/college/Spring 2023/RTOS/P1_FFT_SA/Drivers/CMSIS/Lib/GCC/libarm_cortexM4lf_math.a(arm_rfft_init_q15.o)
 .ARM.attributes
                0x0000000000000657       0x39 /Users/eduardomunoz/Library/CloudStorage/OneDrive-CalPoly/college/Spring 2023/RTOS/P1_FFT_SA/Drivers/CMSIS/Lib/GCC/libarm_cortexM4lf_math.a(arm_const_structs.o)
 .ARM.attributes
                0x0000000000000690       0x39 /Users/eduardomunoz/Library/CloudStorage/OneDrive-CalPoly/college/Spring 2023/RTOS/P1_FFT_SA/Drivers/CMSIS/Lib/GCC/libarm_cortexM4lf_math.a(arm_common_tables.o)
 .ARM.attributes
                0x00000000000006c9       0x34 /Users/eduardomunoz/Library/CloudStorage/OneDrive-CalPoly/college/Spring 2023/RTOS/P1_FFT_SA/Drivers/CMSIS/Lib/GCC/libarm_cortexM4lf_math.a(arm_cfft_q15.o)
 .ARM.attributes
                0x00000000000006fd       0x34 /Users/eduardomunoz/Library/CloudStorage/OneDrive-CalPoly/college/Spring 2023/RTOS/P1_FFT_SA/Drivers/CMSIS/Lib/GCC/libarm_cortexM4lf_math.a(arm_cfft_radix4_q15.o)
 .ARM.attributes
                0x0000000000000731       0x34 /Users/eduardomunoz/Library/CloudStorage/OneDrive-CalPoly/college/Spring 2023/RTOS/P1_FFT_SA/Drivers/CMSIS/Lib/GCC/libarm_cortexM4lf_math.a(arm_bitreversal2.o)
 .ARM.attributes
                0x0000000000000765       0x34 /Applications/STM32CubeIDE.app/Contents/Eclipse/plugins/com.st.stm32cube.ide.mcu.externaltools.gnu-tools-for-stm32.9-2020-q2-update.macos64_2.0.0.202105311346/tools/bin/../lib/gcc/arm-none-eabi/9.3.1/../../../../arm-none-eabi/lib/thumb/v7e-m+fp/hard/libc_nano.a(lib_a-findfp.o)
 .ARM.attributes
                0x0000000000000799       0x32 /Applications/STM32CubeIDE.app/Contents/Eclipse/plugins/com.st.stm32cube.ide.mcu.externaltools.gnu-tools-for-stm32.9-2020-q2-update.macos64_2.0.0.202105311346/tools/bin/../lib/gcc/arm-none-eabi/9.3.1/../../../../arm-none-eabi/lib/thumb/v7e-m+fp/hard/libc_nano.a(lib_a-impure.o)
 .ARM.attributes
                0x00000000000007cb       0x34 /Applications/STM32CubeIDE.app/Contents/Eclipse/plugins/com.st.stm32cube.ide.mcu.externaltools.gnu-tools-for-stm32.9-2020-q2-update.macos64_2.0.0.202105311346/tools/bin/../lib/gcc/arm-none-eabi/9.3.1/../../../../arm-none-eabi/lib/thumb/v7e-m+fp/hard/libc_nano.a(lib_a-init.o)
 .ARM.attributes
                0x00000000000007ff       0x34 /Applications/STM32CubeIDE.app/Contents/Eclipse/plugins/com.st.stm32cube.ide.mcu.externaltools.gnu-tools-for-stm32.9-2020-q2-update.macos64_2.0.0.202105311346/tools/bin/../lib/gcc/arm-none-eabi/9.3.1/../../../../arm-none-eabi/lib/thumb/v7e-m+fp/hard/libc_nano.a(lib_a-itoa.o)
 .ARM.attributes
                0x0000000000000833       0x34 /Applications/STM32CubeIDE.app/Contents/Eclipse/plugins/com.st.stm32cube.ide.mcu.externaltools.gnu-tools-for-stm32.9-2020-q2-update.macos64_2.0.0.202105311346/tools/bin/../lib/gcc/arm-none-eabi/9.3.1/../../../../arm-none-eabi/lib/thumb/v7e-m+fp/hard/libc_nano.a(lib_a-lock.o)
 .ARM.attributes
                0x0000000000000867       0x34 /Applications/STM32CubeIDE.app/Contents/Eclipse/plugins/com.st.stm32cube.ide.mcu.externaltools.gnu-tools-for-stm32.9-2020-q2-update.macos64_2.0.0.202105311346/tools/bin/../lib/gcc/arm-none-eabi/9.3.1/../../../../arm-none-eabi/lib/thumb/v7e-m+fp/hard/libc_nano.a(lib_a-memcpy-stub.o)
 .ARM.attributes
                0x000000000000089b       0x34 /Applications/STM32CubeIDE.app/Contents/Eclipse/plugins/com.st.stm32cube.ide.mcu.externaltools.gnu-tools-for-stm32.9-2020-q2-update.macos64_2.0.0.202105311346/tools/bin/../lib/gcc/arm-none-eabi/9.3.1/../../../../arm-none-eabi/lib/thumb/v7e-m+fp/hard/libc_nano.a(lib_a-memset.o)
 .ARM.attributes
                0x00000000000008cf       0x34 /Applications/STM32CubeIDE.app/Contents/Eclipse/plugins/com.st.stm32cube.ide.mcu.externaltools.gnu-tools-for-stm32.9-2020-q2-update.macos64_2.0.0.202105311346/tools/bin/../lib/gcc/arm-none-eabi/9.3.1/../../../../arm-none-eabi/lib/thumb/v7e-m+fp/hard/libc_nano.a(lib_a-nano-mallocr.o)
 .ARM.attributes
                0x0000000000000903       0x34 /Applications/STM32CubeIDE.app/Contents/Eclipse/plugins/com.st.stm32cube.ide.mcu.externaltools.gnu-tools-for-stm32.9-2020-q2-update.macos64_2.0.0.202105311346/tools/bin/../lib/gcc/arm-none-eabi/9.3.1/../../../../arm-none-eabi/lib/thumb/v7e-m+fp/hard/libc_nano.a(lib_a-reent.o)
 .ARM.attributes
                0x0000000000000937       0x17 /Applications/STM32CubeIDE.app/Contents/Eclipse/plugins/com.st.stm32cube.ide.mcu.externaltools.gnu-tools-for-stm32.9-2020-q2-update.macos64_2.0.0.202105311346/tools/bin/../lib/gcc/arm-none-eabi/9.3.1/../../../../arm-none-eabi/lib/thumb/v7e-m+fp/hard/libc_nano.a(lib_a-strlen.o)
 .ARM.attributes
                0x000000000000094e       0x34 /Applications/STM32CubeIDE.app/Contents/Eclipse/plugins/com.st.stm32cube.ide.mcu.externaltools.gnu-tools-for-stm32.9-2020-q2-update.macos64_2.0.0.202105311346/tools/bin/../lib/gcc/arm-none-eabi/9.3.1/../../../../arm-none-eabi/lib/thumb/v7e-m+fp/hard/libc_nano.a(lib_a-utoa.o)
 .ARM.attributes
                0x0000000000000982       0x34 /Applications/STM32CubeIDE.app/Contents/Eclipse/plugins/com.st.stm32cube.ide.mcu.externaltools.gnu-tools-for-stm32.9-2020-q2-update.macos64_2.0.0.202105311346/tools/bin/../lib/gcc/arm-none-eabi/9.3.1/../../../../arm-none-eabi/lib/thumb/v7e-m+fp/hard/libc_nano.a(lib_a-mlock.o)
 .ARM.attributes
                0x00000000000009b6       0x34 /Applications/STM32CubeIDE.app/Contents/Eclipse/plugins/com.st.stm32cube.ide.mcu.externaltools.gnu-tools-for-stm32.9-2020-q2-update.macos64_2.0.0.202105311346/tools/bin/../lib/gcc/arm-none-eabi/9.3.1/../../../../arm-none-eabi/lib/thumb/v7e-m+fp/hard/libc_nano.a(lib_a-nano-freer.o)
 .ARM.attributes
                0x00000000000009ea       0x1e /Applications/STM32CubeIDE.app/Contents/Eclipse/plugins/com.st.stm32cube.ide.mcu.externaltools.gnu-tools-for-stm32.9-2020-q2-update.macos64_2.0.0.202105311346/tools/bin/../lib/gcc/arm-none-eabi/9.3.1/thumb/v7e-m+fp/hard/crtn.o
OUTPUT(P1_FFT_SA.elf elf32-littlearm)
LOAD linker stubs
LOAD /Applications/STM32CubeIDE.app/Contents/Eclipse/plugins/com.st.stm32cube.ide.mcu.externaltools.gnu-tools-for-stm32.9-2020-q2-update.macos64_2.0.0.202105311346/tools/bin/../lib/gcc/arm-none-eabi/9.3.1/../../../../arm-none-eabi/lib/thumb/v7e-m+fp/hard/libc.a
LOAD /Applications/STM32CubeIDE.app/Contents/Eclipse/plugins/com.st.stm32cube.ide.mcu.externaltools.gnu-tools-for-stm32.9-2020-q2-update.macos64_2.0.0.202105311346/tools/bin/../lib/gcc/arm-none-eabi/9.3.1/../../../../arm-none-eabi/lib/thumb/v7e-m+fp/hard/libm.a
LOAD /Applications/STM32CubeIDE.app/Contents/Eclipse/plugins/com.st.stm32cube.ide.mcu.externaltools.gnu-tools-for-stm32.9-2020-q2-update.macos64_2.0.0.202105311346/tools/bin/../lib/gcc/arm-none-eabi/9.3.1/thumb/v7e-m+fp/hard/libgcc.a

.debug_info     0x0000000000000000    0x2fe6a
 .debug_info    0x0000000000000000      0x824 ./Core/Src/ADC.o
 .debug_info    0x0000000000000824     0x18d5 ./Core/Src/DMA.o
 .debug_info    0x00000000000020f9      0x5d5 ./Core/Src/GPIO.o
 .debug_info    0x00000000000026ce     0x1e02 ./Core/Src/MyTasks.o
 .debug_info    0x00000000000044d0     0x13ee ./Core/Src/UART.o
 .debug_info    0x00000000000058be      0xd58 ./Core/Src/UART_plotter.o
 .debug_info    0x0000000000006616     0x2388 ./Core/Src/main.o
 .debug_info    0x000000000000899e      0x770 ./Core/Src/stm32l4xx_hal_msp.o
 .debug_info    0x000000000000910e      0xe29 ./Core/Src/stm32l4xx_hal_timebase_tim.o
 .debug_info    0x0000000000009f37      0x922 ./Core/Src/stm32l4xx_it.o
 .debug_info    0x000000000000a859      0x772 ./Core/Src/system_stm32l4xx.o
 .debug_info    0x000000000000afcb      0x691 ./Core/Src/timer.o
 .debug_info    0x000000000000b65c       0x22 ./Core/Startup/startup_stm32l476rgtx.o
 .debug_info    0x000000000000b67e      0xcb9 ./Drivers/STM32L4xx_HAL_Driver/Src/stm32l4xx_hal.o
 .debug_info    0x000000000000c337     0x102e ./Drivers/STM32L4xx_HAL_Driver/Src/stm32l4xx_hal_cortex.o
 .debug_info    0x000000000000d365      0xc00 ./Drivers/STM32L4xx_HAL_Driver/Src/stm32l4xx_hal_pwr_ex.o
 .debug_info    0x000000000000df65      0xe37 ./Drivers/STM32L4xx_HAL_Driver/Src/stm32l4xx_hal_rcc.o
 .debug_info    0x000000000000ed9c     0x2e79 ./Drivers/STM32L4xx_HAL_Driver/Src/stm32l4xx_hal_tim.o
 .debug_info    0x0000000000011c15     0x18c8 ./Drivers/STM32L4xx_HAL_Driver/Src/stm32l4xx_hal_tim_ex.o
 .debug_info    0x00000000000134dd     0x3efe ./Middlewares/Third_Party/FreeRTOS/Source/CMSIS_RTOS_V2/cmsis_os2.o
 .debug_info    0x00000000000173db      0xb82 ./Middlewares/Third_Party/FreeRTOS/Source/list.o
 .debug_info    0x0000000000017f5d     0x23b0 ./Middlewares/Third_Party/FreeRTOS/Source/queue.o
 .debug_info    0x000000000001a30d     0x2ae2 ./Middlewares/Third_Party/FreeRTOS/Source/tasks.o
 .debug_info    0x000000000001cdef     0x1c03 ./Middlewares/Third_Party/FreeRTOS/Source/timers.o
 .debug_info    0x000000000001e9f2      0xd8a ./Middlewares/Third_Party/FreeRTOS/Source/portable/GCC/ARM_CM4F/port.o
 .debug_info    0x000000000001f77c      0xd8a ./Middlewares/Third_Party/FreeRTOS/Source/portable/MemMang/heap_4.o
 .debug_info    0x0000000000020506      0xbe0 /Users/eduardomunoz/Library/CloudStorage/OneDrive-CalPoly/college/Spring 2023/RTOS/P1_FFT_SA/Drivers/CMSIS/Lib/GCC/libarm_cortexM4lf_math.a(arm_mean_q15.o)
 .debug_info    0x00000000000210e6      0xb5a /Users/eduardomunoz/Library/CloudStorage/OneDrive-CalPoly/college/Spring 2023/RTOS/P1_FFT_SA/Drivers/CMSIS/Lib/GCC/libarm_cortexM4lf_math.a(arm_max_q15.o)
 .debug_info    0x0000000000021c40     0x1f4d /Users/eduardomunoz/Library/CloudStorage/OneDrive-CalPoly/college/Spring 2023/RTOS/P1_FFT_SA/Drivers/CMSIS/Lib/GCC/libarm_cortexM4lf_math.a(arm_rfft_q15.o)
 .debug_info    0x0000000000023b8d     0x198e /Users/eduardomunoz/Library/CloudStorage/OneDrive-CalPoly/college/Spring 2023/RTOS/P1_FFT_SA/Drivers/CMSIS/Lib/GCC/libarm_cortexM4lf_math.a(arm_rfft_init_q15.o)
 .debug_info    0x000000000002551b     0x1d16 /Users/eduardomunoz/Library/CloudStorage/OneDrive-CalPoly/college/Spring 2023/RTOS/P1_FFT_SA/Drivers/CMSIS/Lib/GCC/libarm_cortexM4lf_math.a(arm_const_structs.o)
 .debug_info    0x0000000000027231     0x1a84 /Users/eduardomunoz/Library/CloudStorage/OneDrive-CalPoly/college/Spring 2023/RTOS/P1_FFT_SA/Drivers/CMSIS/Lib/GCC/libarm_cortexM4lf_math.a(arm_common_tables.o)
 .debug_info    0x0000000000028cb5     0x188b /Users/eduardomunoz/Library/CloudStorage/OneDrive-CalPoly/college/Spring 2023/RTOS/P1_FFT_SA/Drivers/CMSIS/Lib/GCC/libarm_cortexM4lf_math.a(arm_cfft_q15.o)
 .debug_info    0x000000000002a540     0x4284 /Users/eduardomunoz/Library/CloudStorage/OneDrive-CalPoly/college/Spring 2023/RTOS/P1_FFT_SA/Drivers/CMSIS/Lib/GCC/libarm_cortexM4lf_math.a(arm_cfft_radix4_q15.o)
 .debug_info    0x000000000002e7c4     0x16a6 /Users/eduardomunoz/Library/CloudStorage/OneDrive-CalPoly/college/Spring 2023/RTOS/P1_FFT_SA/Drivers/CMSIS/Lib/GCC/libarm_cortexM4lf_math.a(arm_bitreversal2.o)

.debug_abbrev   0x0000000000000000     0x53f4
 .debug_abbrev  0x0000000000000000      0x129 ./Core/Src/ADC.o
 .debug_abbrev  0x0000000000000129      0x342 ./Core/Src/DMA.o
 .debug_abbrev  0x000000000000046b      0x116 ./Core/Src/GPIO.o
 .debug_abbrev  0x0000000000000581      0x272 ./Core/Src/MyTasks.o
 .debug_abbrev  0x00000000000007f3      0x2b2 ./Core/Src/UART.o
 .debug_abbrev  0x0000000000000aa5      0x248 ./Core/Src/UART_plotter.o
 .debug_abbrev  0x0000000000000ced      0x2e3 ./Core/Src/main.o
 .debug_abbrev  0x0000000000000fd0      0x146 ./Core/Src/stm32l4xx_hal_msp.o
 .debug_abbrev  0x0000000000001116      0x1bf ./Core/Src/stm32l4xx_hal_timebase_tim.o
 .debug_abbrev  0x00000000000012d5      0x176 ./Core/Src/stm32l4xx_it.o
 .debug_abbrev  0x000000000000144b      0x165 ./Core/Src/system_stm32l4xx.o
 .debug_abbrev  0x00000000000015b0      0x116 ./Core/Src/timer.o
 .debug_abbrev  0x00000000000016c6       0x12 ./Core/Startup/startup_stm32l476rgtx.o
 .debug_abbrev  0x00000000000016d8      0x227 ./Drivers/STM32L4xx_HAL_Driver/Src/stm32l4xx_hal.o
 .debug_abbrev  0x00000000000018ff      0x33c ./Drivers/STM32L4xx_HAL_Driver/Src/stm32l4xx_hal_cortex.o
 .debug_abbrev  0x0000000000001c3b      0x1f3 ./Drivers/STM32L4xx_HAL_Driver/Src/stm32l4xx_hal_pwr_ex.o
 .debug_abbrev  0x0000000000001e2e      0x275 ./Drivers/STM32L4xx_HAL_Driver/Src/stm32l4xx_hal_rcc.o
 .debug_abbrev  0x00000000000020a3      0x25e ./Drivers/STM32L4xx_HAL_Driver/Src/stm32l4xx_hal_tim.o
 .debug_abbrev  0x0000000000002301      0x266 ./Drivers/STM32L4xx_HAL_Driver/Src/stm32l4xx_hal_tim_ex.o
 .debug_abbrev  0x0000000000002567      0x4bd ./Middlewares/Third_Party/FreeRTOS/Source/CMSIS_RTOS_V2/cmsis_os2.o
 .debug_abbrev  0x0000000000002a24      0x1f7 ./Middlewares/Third_Party/FreeRTOS/Source/list.o
 .debug_abbrev  0x0000000000002c1b      0x380 ./Middlewares/Third_Party/FreeRTOS/Source/queue.o
 .debug_abbrev  0x0000000000002f9b      0x39a ./Middlewares/Third_Party/FreeRTOS/Source/tasks.o
 .debug_abbrev  0x0000000000003335      0x317 ./Middlewares/Third_Party/FreeRTOS/Source/timers.o
 .debug_abbrev  0x000000000000364c      0x335 ./Middlewares/Third_Party/FreeRTOS/Source/portable/GCC/ARM_CM4F/port.o
 .debug_abbrev  0x0000000000003981      0x2d3 ./Middlewares/Third_Party/FreeRTOS/Source/portable/MemMang/heap_4.o