Archive member included to satisfy reference by file (symbol)

/Users/eduardomunoz/Library/CloudStorage/OneDrive-CalPoly/college/Spring 2023/RTOS/P1_FFT_SA/Drivers/CMSIS/Lib/GCC/libarm_cortexM4lf_math.a(arm_mean_q15.o)
                              ./Core/Src/UART_plotter.o (arm_mean_q15)
/Users/eduardomunoz/Library/CloudStorage/OneDrive-CalPoly/college/Spring 2023/RTOS/P1_FFT_SA/Drivers/CMSIS/Lib/GCC/libarm_cortexM4lf_math.a(arm_max_q15.o)
                              ./Core/Src/MyTasks.o (arm_max_q15)
/Users/eduardomunoz/Library/CloudStorage/OneDrive-CalPoly/college/Spring 2023/RTOS/P1_FFT_SA/Drivers/CMSIS/Lib/GCC/libarm_cortexM4lf_math.a(arm_rfft_q15.o)
                              ./Core/Src/MyTasks.o (arm_rfft_q15)
/Users/eduardomunoz/Library/CloudStorage/OneDrive-CalPoly/college/Spring 2023/RTOS/P1_FFT_SA/Drivers/CMSIS/Lib/GCC/libarm_cortexM4lf_math.a(arm_rfft_init_q15.o)
                              ./Core/Src/MyTasks.o (arm_rfft_init_q15)
/Users/eduardomunoz/Library/CloudStorage/OneDrive-CalPoly/college/Spring 2023/RTOS/P1_FFT_SA/Drivers/CMSIS/Lib/GCC/libarm_cortexM4lf_math.a(arm_const_structs.o)
                              /Users/eduardomunoz/Library/CloudStorage/OneDrive-CalPoly/college/Spring 2023/RTOS/P1_FFT_SA/Drivers/CMSIS/Lib/GCC/libarm_cortexM4lf_math.a(arm_rfft_init_q15.o) (arm_cfft_sR_q15_len4096)
/Users/eduardomunoz/Library/CloudStorage/OneDrive-CalPoly/college/Spring 2023/RTOS/P1_FFT_SA/Drivers/CMSIS/Lib/GCC/libarm_cortexM4lf_math.a(arm_common_tables.o)
                              /Users/eduardomunoz/Library/CloudStorage/OneDrive-CalPoly/college/Spring 2023/RTOS/P1_FFT_SA/Drivers/CMSIS/Lib/GCC/libarm_cortexM4lf_math.a(arm_rfft_init_q15.o) (realCoefBQ15)
/Users/eduardomunoz/Library/CloudStorage/OneDrive-CalPoly/college/Spring 2023/RTOS/P1_FFT_SA/Drivers/CMSIS/Lib/GCC/libarm_cortexM4lf_math.a(arm_cfft_q15.o)
                              /Users/eduardomunoz/Library/CloudStorage/OneDrive-CalPoly/college/Spring 2023/RTOS/P1_FFT_SA/Drivers/CMSIS/Lib/GCC/libarm_cortexM4lf_math.a(arm_rfft_q15.o) (arm_cfft_q15)
/Users/eduardomunoz/Library/CloudStorage/OneDrive-CalPoly/college/Spring 2023/RTOS/P1_FFT_SA/Drivers/CMSIS/Lib/GCC/libarm_cortexM4lf_math.a(arm_cfft_radix4_q15.o)
                              /Users/eduardomunoz/Library/CloudStorage/OneDrive-CalPoly/college/Spring 2023/RTOS/P1_FFT_SA/Drivers/CMSIS/Lib/GCC/libarm_cortexM4lf_math.a(arm_cfft_q15.o) (arm_radix4_butterfly_q15)
/Users/eduardomunoz/Library/CloudStorage/OneDrive-CalPoly/college/Spring 2023/RTOS/P1_FFT_SA/Drivers/CMSIS/Lib/GCC/libarm_cortexM4lf_math.a(arm_bitreversal2.o)
                              /Users/eduardomunoz/Library/CloudStorage/OneDrive-CalPoly/college/Spring 2023/RTOS/P1_FFT_SA/Drivers/CMSIS/Lib/GCC/libarm_cortexM4lf_math.a(arm_cfft_q15.o) (arm_bitreversal_16)
/Users/eduardomunoz/Library/CloudStorage/OneDrive-CalPoly/college/Spring 2023/RTOS/P1_FFT_SA/Drivers/CMSIS/Lib/GCC/libarm_cortexM4lf_math.a(arm_bitreversal.o)
                              /Users/eduardomunoz/Library/CloudStorage/OneDrive-CalPoly/college/Spring 2023/RTOS/P1_FFT_SA/Drivers/CMSIS/Lib/GCC/libarm_cortexM4lf_math.a(arm_cfft_radix4_q15.o) (arm_bitreversal_q15)
/Applications/STM32CubeIDE.app/Contents/Eclipse/plugins/com.st.stm32cube.ide.mcu.externaltools.gnu-tools-for-stm32.9-2020-q2-update.macos64_2.0.0.202105311346/tools/bin/../lib/gcc/arm-none-eabi/9.3.1/../../../../arm-none-eabi/lib/thumb/v7e-m+fp/hard/libc_nano.a(lib_a-errno.o)
                              ./Core/Src/syscalls.o (__errno)
/Applications/STM32CubeIDE.app/Contents/Eclipse/plugins/com.st.stm32cube.ide.mcu.externaltools.gnu-tools-for-stm32.9-2020-q2-update.macos64_2.0.0.202105311346/tools/bin/../lib/gcc/arm-none-eabi/9.3.1/../../../../arm-none-eabi/lib/thumb/v7e-m+fp/hard/libc_nano.a(lib_a-exit.o)
                              /Applications/STM32CubeIDE.app/Contents/Eclipse/plugins/com.st.stm32cube.ide.mcu.externaltools.gnu-tools-for-stm32.9-2020-q2-update.macos64_2.0.0.202105311346/tools/bin/../lib/gcc/arm-none-eabi/9.3.1/../../../../arm-none-eabi/lib/thumb/v7e-m+fp/hard/crt0.o (exit)
/Applications/STM32CubeIDE.app/Contents/Eclipse/plugins/com.st.stm32cube.ide.mcu.externaltools.gnu-tools-for-stm32.9-2020-q2-update.macos64_2.0.0.202105311346/tools/bin/../lib/gcc/arm-none-eabi/9.3.1/../../../../arm-none-eabi/lib/thumb/v7e-m+fp/hard/libc_nano.a(lib_a-findfp.o)
                              ./Middlewares/Third_Party/FreeRTOS/Source/tasks.o (__sf_fake_stderr)
/Applications/STM32CubeIDE.app/Contents/Eclipse/plugins/com.st.stm32cube.ide.mcu.externaltools.gnu-tools-for-stm32.9-2020-q2-update.macos64_2.0.0.202105311346/tools/bin/../lib/gcc/arm-none-eabi/9.3.1/../../../../arm-none-eabi/lib/thumb/v7e-m+fp/hard/libc_nano.a(lib_a-fwalk.o)
[...]
Memory Configuration

Name             Origin             Length             Attributes
RAM              0x0000000020000000 0x0000000000018000 xrw
RAM2             0x0000000010000000 0x0000000000008000 xrw
FLASH            0x0000000008000000 0x0000000000100000 xr
*default*        0x0000000000000000 0xffffffffffffffff

Linker script and memory map

LOAD /Applications/STM32CubeIDE.app/Contents/Eclipse/plugins/com.st.stm32cube.ide.mcu.externaltools.gnu-tools-for-stm32.9-2020-q2-update.macos64_2.0.0.202105311346/tools/bin/../lib/gcc/arm-none-eabi/9.3.1/thumb/v7e-m+fp/hard/crti.o
LOAD /Applications/STM32CubeIDE.app/Contents/Eclipse/plugins/com.st.stm32cube.ide.mcu.externaltools.gnu-tools-for-stm32.9-2020-q2-update.macos64_2.0.0.202105311346/tools/bin/../lib/gcc/arm-none-eabi/9.3.1/thumb/v7e-m+fp/hard/crtbegin.o
LOAD /Applications/STM32CubeIDE.app/Contents/Eclipse/plugins/com.st.stm32cube.ide.mcu.externaltools.gnu-tools-for-stm32.9-2020-q2-update.macos64_2.0.0.202105311346/tools/bin/../lib/gcc/arm-none-eabi/9.3.1/../../../../arm-none-eabi/lib/thumb/v7e-m+fp/hard/crt0.o
LOAD ./Core/Src/ADC.o
LOAD ./Core/Src/DMA.o
LOAD ./Core/Src/GPIO.o
LOAD ./Core/Src/MyTasks.o
LOAD ./Core/Src/UART.o
LOAD ./Core/Src/UART_plotter.o
LOAD ./Core/Src/freertos.o
LOAD ./Core/Src/main.o
LOAD ./Core/Src/stm32l4xx_hal_msp.o
LOAD ./Core/Src/stm32l4xx_hal_timebase_tim.o
LOAD ./Core/Src/stm32l4xx_it.o
LOAD ./Core/Src/syscalls.o
LOAD ./Core/Src/sysmem.o
LOAD ./Core/Src/system_stm32l4xx.o
LOAD ./Core/Src/timer.o
LOAD ./Core/Startup/startup_stm32l476rgtx.o
LOAD ./Drivers/STM32L4xx_HAL_Driver/Src/stm32l4xx_hal.o
LOAD ./Drivers/STM32L4xx_HAL_Driver/Src/stm32l4xx_hal_cortex.o
LOAD ./Drivers/STM32L4xx_HAL_Driver/Src/stm32l4xx_hal_dma.o
LOAD ./Drivers/STM32L4xx_HAL_Driver/Src/stm32l4xx_hal_dma_ex.o
LOAD ./Drivers/STM32L4xx_HAL_Driver/Src/stm32l4xx_hal_exti.o
LOAD ./Drivers/STM32L4xx_HAL_Driver/Src/stm32l4xx_hal_flash.o
LOAD ./Drivers/STM32L4xx_HAL_Driver/Src/stm32l4xx_hal_flash_ex.o
LOAD ./Drivers/STM32L4xx_HAL_Driver/Src/stm32l4xx_hal_flash_ramfunc.o
LOAD ./Drivers/STM32L4xx_HAL_Driver/Src/stm32l4xx_hal_gpio.o
LOAD ./Drivers/STM32L4xx_HAL_Driver/Src/stm32l4xx_hal_i2c.o
LOAD ./Drivers/STM32L4xx_HAL_Driver/Src/stm32l4xx_hal_i2c_ex.o
LOAD ./Drivers/STM32L4xx_HAL_Driver/Src/stm32l4xx_hal_pwr.o
LOAD ./Drivers/STM32L4xx_HAL_Driver/Src/stm32l4xx_hal_pwr_ex.o
LOAD ./Drivers/STM32L4xx_HAL_Driver/Src/stm32l4xx_hal_rcc.o
LOAD ./Drivers/STM32L4xx_HAL_Driver/Src/stm32l4xx_hal_rcc_ex.o
LOAD ./Drivers/STM32L4xx_HAL_Driver/Src/stm32l4xx_hal_tim.o
LOAD ./Drivers/STM32L4xx_HAL_Driver/Src/stm32l4xx_hal_tim_ex.o
LOAD ./Middlewares/Third_Party/FreeRTOS/Source/CMSIS_RTOS_V2/cmsis_os2.o
LOAD ./Middlewares/Third_Party/FreeRTOS/Source/croutine.o
LOAD ./Middlewares/Third_Party/FreeRTOS/Source/event_groups.o
LOAD ./Middlewares/Third_Party/FreeRTOS/Source/list.o
LOAD ./Middlewares/Third_Party/FreeRTOS/Source/queue.o
LOAD ./Middlewares/Third_Party/FreeRTOS/Source/stream_buffer.o
LOAD ./Middlewares/Third_Party/FreeRTOS/Source/tasks.o
LOAD ./Middlewares/Third_Party/FreeRTOS/Source/timers.o
LOAD ./Middlewares/Third_Party/FreeRTOS/Source/portable/GCC/ARM_CM4F/port.o
LOAD ./Middlewares/Third_Party/FreeRTOS/Source/portable/MemMang/heap_4.o
LOAD /Users/eduardomunoz/Library/CloudStorage/OneDrive-CalPoly/college/Spring 2023/RTOS/P1_FFT_SA/Drivers/CMSIS/Lib/GCC/libarm_cortexM4lf_math.a
START GROUP
LOAD /Applications/STM32CubeIDE.app/Contents/Eclipse/plugins/com.st.stm32cube.ide.mcu.externaltools.gnu-tools-for-stm32.9-2020-q2-update.macos64_2.0.0.202105311346/tools/bin/../lib/gcc/arm-none-eabi/9.3.1/../../../../arm-none-eabi/lib/thumb/v7e-m+fp/hard/libc_nano.a
LOAD /Applications/STM32CubeIDE.app/Contents/Eclipse/plugins/com.st.stm32cube.ide.mcu.externaltools.gnu-tools-for-stm32.9-2020-q2-update.macos64_2.0.0.202105311346/tools/bin/../lib/gcc/arm-none-eabi/9.3.1/../../../../arm-none-eabi/lib/thumb/v7e-m+fp/hard/libm.a
END GROUP
START GROUP
LOAD /Applications/STM32CubeIDE.app/Contents/Eclipse/plugins/com.st.stm32cube.ide.mcu.externaltools.gnu-tools-for-stm32.9-2020-q2-update.macos64_2.0.0.202105311346/tools/bin/../lib/gcc/arm-none-eabi/9.3.1/thumb/v7e-m+fp/hard/libgcc.a
LOAD /Applications/STM32CubeIDE.app/Contents/Eclipse/plugins/com.st.stm32cube.ide.mcu.externaltools.gnu-tools-for-stm32.9-2020-q2-update.macos64_2.0.0.202105311346/tools/bin/../lib/gcc/arm-none-eabi/9.3.1/../../../../arm-none-eabi/lib/thumb/v7e-m+fp/hard/libc_nano.a
END GROUP
START GROUP
LOAD /Applications/STM32CubeIDE.app/Contents/Eclipse/plugins/com.st.stm32cube.ide.mcu.externaltools.gnu-tools-for-stm32.9-2020-q2-update.macos64_2.0.0.202105311346/tools/bin/../lib/gcc/arm-none-eabi/9.3.1/thumb/v7e-m+fp/hard/libgcc.a
LOAD /Applications/STM32CubeIDE.app/Contents/Eclipse/plugins/com.st.stm32cube.ide.mcu.externaltools.gnu-tools-for-stm32.9-2020-q2-update.macos64_2.0.0.202105311346/tools/bin/../lib/gcc/arm-none-eabi/9.3.1/../../../../arm-none-eabi/lib/thumb/v7e-m+fp/hard/libc_nano.a
LOAD /Applications/STM32CubeIDE.app/Contents/Eclipse/plugins/com.st.stm32cube.ide.mcu.externaltools.gnu-tools-for-stm32.9-2020-q2-update.macos64_2.0.0.202105311346/tools/bin/../lib/gcc/arm-none-eabi/9.3.1/../../../../arm-none-eabi/lib/thumb/v7e-m+fp/hard/libnosys.a
END GROUP
START GROUP
LOAD /Applications/STM32CubeIDE.app/Contents/Eclipse/plugins/com.st.stm32cube.ide.mcu.externaltools.gnu-tools-for-stm32.9-2020-q2-update.macos64_2.0.0.202105311346/tools/bin/../lib/gcc/arm-none-eabi/9.3.1/thumb/v7e-m+fp/hard/libgcc.a
LOAD /Applications/STM32CubeIDE.app/Contents/Eclipse/plugins/com.st.stm32cube.ide.mcu.externaltools.gnu-tools-for-stm32.9-2020-q2-update.macos64_2.0.0.202105311346/tools/bin/../lib/gcc/arm-none-eabi/9.3.1/../../../../arm-none-eabi/lib/thumb/v7e-m+fp/hard/libc_nano.a
LOAD /Applications/STM32CubeIDE.app/Contents/Eclipse/plugins/com.st.stm32cube.ide.mcu.externaltools.gnu-tools-for-stm32.9-2020-q2-update.macos64_2.0.0.202105311346/tools/bin/../lib/gcc/arm-none-eabi/9.3.1/../../../../arm-none-eabi/lib/thumb/v7e-m+fp/hard/libnosys.a
END GROUP
LOAD /Applications/STM32CubeIDE.app/Contents/Eclipse/plugins/com.st.stm32cube.ide.mcu.externaltools.gnu-tools-for-stm32.9-2020-q2-update.macos64_2.0.0.202105311346/tools/bin/../lib/gcc/arm-none-eabi/9.3.1/thumb/v7e-m+fp/hard/crtend.o
LOAD /Applications/STM32CubeIDE.app/Contents/Eclipse/plugins/com.st.stm32cube.ide.mcu.externaltools.gnu-tools-for-stm32.9-2020-q2-update.macos64_2.0.0.202105311346/tools/bin/../lib/gcc/arm-none-eabi/9.3.1/thumb/v7e-m+fp/hard/crtn.o
                0x0000000020018000                _estack = (ORIGIN (RAM) + LENGTH (RAM))
                0x0000000000000200                _Min_Heap_Size = 0x200
                0x0000000000000fa0                _Min_Stack_Size = 0xfa0

.isr_vector     0x0000000008000000      0x188
                0x0000000008000000                . = ALIGN (0x4)
 *(.isr_vector)
 .isr_vector    0x0000000008000000      0x188 ./Core/Startup/startup_stm32l476rgtx.o
                0x0000000008000000                g_pfnVectors
                0x0000000008000188                . = ALIGN (0x4)

.text           0x0000000008000190     0x6048
                0x0000000008000190                . = ALIGN (0x4)
 *(.text)
 .text          0x0000000008000190       0x40 /Applications/STM32CubeIDE.app/Contents/Eclipse/plugins/com.st.stm32cube.ide.mcu.externaltools.gnu-tools-for-stm32.9-2020-q2-update.macos64_2.0.0.202105311346/tools/bin/../lib/gcc/arm-none-eabi/9.3.1/thumb/v7e-m+fp/hard/crtbegin.o
 .text          0x00000000080001d0       0x10 /Applications/STM32CubeIDE.app/Contents/Eclipse/plugins/com.st.stm32cube.ide.mcu.externaltools.gnu-tools-for-stm32.9-2020-q2-update.macos64_2.0.0.202105311346/tools/bin/../lib/gcc/arm-none-eabi/9.3.1/../../../../arm-none-eabi/lib/thumb/v7e-m+fp/hard/libc_nano.a(lib_a-strlen.o)
                0x00000000080001d0                strlen
 *(.text*)
 .text.ADC_init
                0x00000000080001e0      0x158 ./Core/Src/ADC.o
                0x00000000080001e0                ADC_init
 .text.__NVIC_SetPriority
                0x0000000008000338       0x54 ./Core/Src/DMA.o
 .text.DMA1channel1_ADC_init
                0x000000000800038c       0xd8 ./Core/Src/DMA.o
                0x000000000800038c                DMA1channel1_ADC_init
 .text.DMA1_Channel3_IRQHandler
                0x0000000008000464       0x64 ./Core/Src/DMA.o
                0x0000000008000464                DMA1_Channel3_IRQHandler
 .text.DMA1_Channel1_IRQHandler
                0x00000000080004c8       0x78 ./Core/Src/DMA.o
                0x00000000080004c8                DMA1_Channel1_IRQHandler
 .text.GPIO_init
                0x0000000008000540       0x84 ./Core/Src/GPIO.o
                0x0000000008000540                GPIO_init
 .text.calculate
                0x00000000080005c4      0x160 ./Core/Src/MyTasks.o
                0x00000000080005c4                calculate
 .text.print    0x0000000008000724       0x7c ./Core/Src/MyTasks.o
                0x0000000008000724                print
 .text.UART_Init
                0x00000000080007a0       0xbc ./Core/Src/UART.o
                0x00000000080007a0                UART_Init
 .text.UART_print
                0x000000000800085c       0x4c ./Core/Src/UART.o
                0x000000000800085c                UART_print
 .text.USART2_IRQHandler
                0x00000000080008a8       0x50 ./Core/Src/UART.o
                0x00000000080008a8                USART2_IRQHandler
 .text.UART_escapes
                0x00000000080008f8       0x30 ./Core/Src/UART.o
                0x00000000080008f8                UART_escapes
 .text.printmag
                0x0000000008000928      0x12c ./Core/Src/UART_plotter.o
                0x0000000008000928                printmag
 .text.eraseplot
                0x0000000008000a54       0x60 ./Core/Src/UART_plotter.o
                0x0000000008000a54                eraseplot
 .text.printgraph
                0x0000000008000ab4       0xa4 ./Core/Src/UART_plotter.o
                0x0000000008000ab4                printgraph
 .text.printnumbers
                0x0000000008000b58       0x80 ./Core/Src/UART_plotter.o
                0x0000000008000b58                printnumbers
 .text.main     0x0000000008000bd8       0xac ./Core/Src/main.o
                0x0000000008000bd8                main
 .text.SystemClock_Config
                0x0000000008000c84       0xa4 ./Core/Src/main.o
                0x0000000008000c84                SystemClock_Config
 .text.MX_GPIO_Init
                0x0000000008000d28       0x30 ./Core/Src/main.o
 .text.HAL_TIM_PeriodElapsedCallback
                0x0000000008000d58       0x24 ./Core/Src/main.o
                0x0000000008000d58                HAL_TIM_PeriodElapsedCallback
 .text.Error_Handler
                0x0000000008000d7c        0xa ./Core/Src/main.o
                0x0000000008000d7c                Error_Handler
 *fill*         0x0000000008000d86        0x2 
 .text.HAL_MspInit
                0x0000000008000d88       0x50 ./Core/Src/stm32l4xx_hal_msp.o
                0x0000000008000d88                HAL_MspInit
 .text.HAL_InitTick
                0x0000000008000dd8       0xac ./Core/Src/stm32l4xx_hal_timebase_tim.o
                0x0000000008000dd8                HAL_InitTick
 .text.NMI_Handler
                0x0000000008000e84        0x6 ./Core/Src/stm32l4xx_it.o
                0x0000000008000e84                NMI_Handler
 .text.HardFault_Handler
                0x0000000008000e8a        0x6 ./Core/Src/stm32l4xx_it.o
                0x0000000008000e8a                HardFault_Handler
 .text.MemManage_Handler
                0x0000000008000e90        0x6 ./Core/Src/stm32l4xx_it.o
                0x0000000008000e90                MemManage_Handler
 .text.BusFault_Handler
                0x0000000008000e96        0x6 ./Core/Src/stm32l4xx_it.o
                0x0000000008000e96                BusFault_Handler
 .text.UsageFault_Handler
                0x0000000008000e9c        0x6 ./Core/Src/stm32l4xx_it.o
                0x0000000008000e9c                UsageFault_Handler
 .text.DebugMon_Handler
                0x0000000008000ea2        0xe ./Core/Src/stm32l4xx_it.o
                0x0000000008000ea2                DebugMon_Handler
 .text.TIM6_DAC_IRQHandler
                0x0000000008000eb0       0x14 ./Core/Src/stm32l4xx_it.o
                0x0000000008000eb0                TIM6_DAC_IRQHandler
 .text.SystemInit
                0x0000000008000ec4       0x24 ./Core/Src/system_stm32l4xx.o
                0x0000000008000ec4                SystemInit
 .text.tim2_init
                0x0000000008000ee8       0x90 ./Core/Src/timer.o
                0x0000000008000ee8                tim2_init
 .text.Reset_Handler
                0x0000000008000f78       0x50 ./Core/Startup/startup_stm32l476rgtx.o
                0x0000000008000f78                Reset_Handler
 .text.Default_Handler
                0x0000000008000fc8        0x2 ./Core/Startup/startup_stm32l476rgtx.o
                0x0000000008000fc8                TIM1_BRK_TIM15_IRQHandler
                0x0000000008000fc8                EXTI2_IRQHandler
                0x0000000008000fc8                TIM8_TRG_COM_IRQHandler
                0x0000000008000fc8                TIM8_CC_IRQHandler
                0x0000000008000fc8                TIM1_CC_IRQHandler
                0x0000000008000fc8                TSC_IRQHandler
                0x0000000008000fc8                TAMP_STAMP_IRQHandler
                0x0000000008000fc8                EXTI3_IRQHandler
                0x0000000008000fc8                LPTIM2_IRQHandler
                0x0000000008000fc8                DFSDM1_FLT1_IRQHandler
                0x0000000008000fc8                I2C3_ER_IRQHandler
                0x0000000008000fc8                DFSDM1_FLT2_IRQHandler
                0x0000000008000fc8                EXTI0_IRQHandler
                0x0000000008000fc8                I2C2_EV_IRQHandler
                0x0000000008000fc8                CAN1_RX0_IRQHandler
                0x0000000008000fc8                FPU_IRQHandler
                0x0000000008000fc8                TIM1_UP_TIM16_IRQHandler
                0x0000000008000fc8                ADC1_2_IRQHandler
                0x0000000008000fc8                SPI1_IRQHandler
                0x0000000008000fc8                TIM8_UP_IRQHandler
                0x0000000008000fc8                DMA2_Channel2_IRQHandler
                0x0000000008000fc8                DMA1_Channel4_IRQHandler
                0x0000000008000fc8                SAI2_IRQHandler
                0x0000000008000fc8                DFSDM1_FLT3_IRQHandler
                0x0000000008000fc8                USART3_IRQHandler
                0x0000000008000fc8                DMA1_Channel7_IRQHandler
                0x0000000008000fc8                CAN1_RX1_IRQHandler
                0x0000000008000fc8                LCD_IRQHandler
                0x0000000008000fc8                UART5_IRQHandler
                0x0000000008000fc8                ADC3_IRQHandler
                0x0000000008000fc8                TIM4_IRQHandler
                0x0000000008000fc8                DMA2_Channel1_IRQHandler
                0x0000000008000fc8                QUADSPI_IRQHandler
                0x0000000008000fc8                I2C1_EV_IRQHandler
                0x0000000008000fc8                DMA1_Channel6_IRQHandler
                0x0000000008000fc8                UART4_IRQHandler
                0x0000000008000fc8                DMA2_Channel4_IRQHandler
                0x0000000008000fc8                TIM3_IRQHandler
                0x0000000008000fc8                RCC_IRQHandler
                0x0000000008000fc8                Default_Handler
                0x0000000008000fc8                DMA2_Channel7_IRQHandler
                0x0000000008000fc8                EXTI15_10_IRQHandler
                0x0000000008000fc8                TIM7_IRQHandler
                0x0000000008000fc8                SDMMC1_IRQHandler
                0x0000000008000fc8                TIM5_IRQHandler
                0x0000000008000fc8                I2C3_EV_IRQHandler
                0x0000000008000fc8                EXTI9_5_IRQHandler
                0x0000000008000fc8                RTC_WKUP_IRQHandler
                0x0000000008000fc8                PVD_PVM_IRQHandler
                0x0000000008000fc8                SPI2_IRQHandler
                0x0000000008000fc8                CAN1_TX_IRQHandler
                0x0000000008000fc8                DMA2_Channel5_IRQHandler
                0x0000000008000fc8                DMA1_Channel5_IRQHandler
                0x0000000008000fc8                EXTI4_IRQHandler
                0x0000000008000fc8                RNG_IRQHandler
                0x0000000008000fc8                TIM1_TRG_COM_TIM17_IRQHandler
                0x0000000008000fc8                COMP_IRQHandler
                0x0000000008000fc8                WWDG_IRQHandler
                0x0000000008000fc8                LPUART1_IRQHandler
                0x0000000008000fc8                DMA2_Channel6_IRQHandler
                0x0000000008000fc8                TIM2_IRQHandler
                0x0000000008000fc8                EXTI1_IRQHandler
                0x0000000008000fc8                DFSDM1_FLT0_IRQHandler
                0x0000000008000fc8                I2C2_ER_IRQHandler
                0x0000000008000fc8                DMA1_Channel2_IRQHandler
                0x0000000008000fc8                TIM8_BRK_IRQHandler
                0x0000000008000fc8                CAN1_SCE_IRQHandler
                0x0000000008000fc8                FLASH_IRQHandler
                0x0000000008000fc8                USART1_IRQHandler
                0x0000000008000fc8                OTG_FS_IRQHandler
                0x0000000008000fc8                SPI3_IRQHandler
                0x0000000008000fc8                I2C1_ER_IRQHandler
                0x0000000008000fc8                FMC_IRQHandler
                0x0000000008000fc8                SWPMI1_IRQHandler
                0x0000000008000fc8                LPTIM1_IRQHandler
                0x0000000008000fc8                SAI1_IRQHandler
                0x0000000008000fc8                DMA2_Channel3_IRQHandler
                0x0000000008000fc8                RTC_Alarm_IRQHandler
 .text.HAL_Init
                0x0000000008000fca       0x30 ./Drivers/STM32L4xx_HAL_Driver/Src/stm32l4xx_hal.o
                0x0000000008000fca                HAL_Init
 *fill*         0x0000000008000ffa        0x2 
 .text.HAL_IncTick
                0x0000000008000ffc       0x28 ./Drivers/STM32L4xx_HAL_Driver/Src/stm32l4xx_hal.o
                0x0000000008000ffc                HAL_IncTick
 .text.HAL_GetTick
                0x0000000008001024       0x18 ./Drivers/STM32L4xx_HAL_Driver/Src/stm32l4xx_hal.o
                0x0000000008001024                HAL_GetTick
 .text.HAL_Delay
                0x000000000800103c       0x48 ./Drivers/STM32L4xx_HAL_Driver/Src/stm32l4xx_hal.o
                0x000000000800103c                HAL_Delay
 .text.__NVIC_SetPriorityGrouping
                0x0000000008001084       0x48 ./Drivers/STM32L4xx_HAL_Driver/Src/stm32l4xx_hal_cortex.o
 .text.__NVIC_GetPriorityGrouping
                0x00000000080010cc       0x1c ./Drivers/STM32L4xx_HAL_Driver/Src/stm32l4xx_hal_cortex.o
 .text.__NVIC_EnableIRQ
                0x00000000080010e8       0x3c ./Drivers/STM32L4xx_HAL_Driver/Src/stm32l4xx_hal_cortex.o
 .text.__NVIC_SetPriority
                0x0000000008001124       0x54 ./Drivers/STM32L4xx_HAL_Driver/Src/stm32l4xx_hal_cortex.o
 .text.NVIC_EncodePriority
                0x0000000008001178       0x66 ./Drivers/STM32L4xx_HAL_Driver/Src/stm32l4xx_hal_cortex.o
 .text.HAL_NVIC_SetPriorityGrouping
                0x00000000080011de       0x16 ./Drivers/STM32L4xx_HAL_Driver/Src/stm32l4xx_hal_cortex.o
                0x00000000080011de                HAL_NVIC_SetPriorityGrouping
 .text.HAL_NVIC_SetPriority
                0x00000000080011f4       0x38 ./Drivers/STM32L4xx_HAL_Driver/Src/stm32l4xx_hal_cortex.o
                0x00000000080011f4                HAL_NVIC_SetPriority
 .text.HAL_NVIC_EnableIRQ
                0x000000000800122c       0x1c ./Drivers/STM32L4xx_HAL_Driver/Src/stm32l4xx_hal_cortex.o
                0x000000000800122c                HAL_NVIC_EnableIRQ
 .text.HAL_PWREx_GetVoltageRange
                0x0000000008001248       0x1c ./Drivers/STM32L4xx_HAL_Driver/Src/stm32l4xx_hal_pwr_ex.o
                0x0000000008001248                HAL_PWREx_GetVoltageRange
 .text.HAL_PWREx_ControlVoltageScaling
                0x0000000008001264       0xac ./Drivers/STM32L4xx_HAL_Driver/Src/stm32l4xx_hal_pwr_ex.o
                0x0000000008001264                HAL_PWREx_ControlVoltageScaling
 .text.HAL_RCC_OscConfig
                0x0000000008001310      0x7b4 ./Drivers/STM32L4xx_HAL_Driver/Src/stm32l4xx_hal_rcc.o
                0x0000000008001310                HAL_RCC_OscConfig
 .text.HAL_RCC_ClockConfig
                0x0000000008001ac4      0x200 ./Drivers/STM32L4xx_HAL_Driver/Src/stm32l4xx_hal_rcc.o
                0x0000000008001ac4                HAL_RCC_ClockConfig
 .text.HAL_RCC_GetSysClockFreq
                0x0000000008001cc4      0x118 ./Drivers/STM32L4xx_HAL_Driver/Src/stm32l4xx_hal_rcc.o
                0x0000000008001cc4                HAL_RCC_GetSysClockFreq
 .text.HAL_RCC_GetHCLKFreq
                0x0000000008001ddc       0x18 ./Drivers/STM32L4xx_HAL_Driver/Src/stm32l4xx_hal_rcc.o
                0x0000000008001ddc                HAL_RCC_GetHCLKFreq
 .text.HAL_RCC_GetPCLK1Freq
                0x0000000008001df4       0x2c ./Drivers/STM32L4xx_HAL_Driver/Src/stm32l4xx_hal_rcc.o
                0x0000000008001df4                HAL_RCC_GetPCLK1Freq
 .text.HAL_RCC_GetClockConfig
                0x0000000008001e20       0x64 ./Drivers/STM32L4xx_HAL_Driver/Src/stm32l4xx_hal_rcc.o
                0x0000000008001e20                HAL_RCC_GetClockConfig
 .text.RCC_SetFlashLatencyFromMSIRange
                0x0000000008001e84       0xc0 ./Drivers/STM32L4xx_HAL_Driver/Src/stm32l4xx_hal_rcc.o
 .text.HAL_TIM_Base_Init
                0x0000000008001f44       0xae ./Drivers/STM32L4xx_HAL_Driver/Src/stm32l4xx_hal_tim.o
                0x0000000008001f44                HAL_TIM_Base_Init
 .text.HAL_TIM_Base_MspInit
                0x0000000008001ff2       0x14 ./Drivers/STM32L4xx_HAL_Driver/Src/stm32l4xx_hal_tim.o
                0x0000000008001ff2                HAL_TIM_Base_MspInit
 *fill*         0x0000000008002006        0x2 
 .text.HAL_TIM_Base_Start_IT
                0x0000000008002008       0xe0 ./Drivers/STM32L4xx_HAL_Driver/Src/stm32l4xx_hal_tim.o
                0x0000000008002008                HAL_TIM_Base_Start_IT
 .text.HAL_TIM_IRQHandler
                0x00000000080020e8      0x23e ./Drivers/STM32L4xx_HAL_Driver/Src/stm32l4xx_hal_tim.o
                0x00000000080020e8                HAL_TIM_IRQHandler
 .text.HAL_TIM_OC_DelayElapsedCallback
                0x0000000008002326       0x14 ./Drivers/STM32L4xx_HAL_Driver/Src/stm32l4xx_hal_tim.o
                0x0000000008002326                HAL_TIM_OC_DelayElapsedCallback
 .text.HAL_TIM_IC_CaptureCallback
                0x000000000800233a       0x14 ./Drivers/STM32L4xx_HAL_Driver/Src/stm32l4xx_hal_tim.o
                0x000000000800233a                HAL_TIM_IC_CaptureCallback
 .text.HAL_TIM_PWM_PulseFinishedCallback
                0x000000000800234e       0x14 ./Drivers/STM32L4xx_HAL_Driver/Src/stm32l4xx_hal_tim.o
                0x000000000800234e                HAL_TIM_PWM_PulseFinishedCallback
 .text.HAL_TIM_TriggerCallback
                0x0000000008002362       0x14 ./Drivers/STM32L4xx_HAL_Driver/Src/stm32l4xx_hal_tim.o
                0x0000000008002362                HAL_TIM_TriggerCallback
 *fill*         0x0000000008002376        0x2 
 .text.TIM_Base_SetConfig
                0x0000000008002378      0x134 ./Drivers/STM32L4xx_HAL_Driver/Src/stm32l4xx_hal_tim.o
                0x0000000008002378                TIM_Base_SetConfig
 .text.HAL_TIMEx_CommutCallback
                0x00000000080024ac       0x14 ./Drivers/STM32L4xx_HAL_Driver/Src/stm32l4xx_hal_tim_ex.o
                0x00000000080024ac                HAL_TIMEx_CommutCallback
 .text.HAL_TIMEx_BreakCallback
                0x00000000080024c0       0x14 ./Drivers/STM32L4xx_HAL_Driver/Src/stm32l4xx_hal_tim_ex.o
                0x00000000080024c0                HAL_TIMEx_BreakCallback
 .text.HAL_TIMEx_Break2Callback
                0x00000000080024d4       0x14 ./Drivers/STM32L4xx_HAL_Driver/Src/stm32l4xx_hal_tim_ex.o
                0x00000000080024d4                HAL_TIMEx_Break2Callback
 .text.__NVIC_SetPriority
                0x00000000080024e8       0x54 ./Middlewares/Third_Party/FreeRTOS/Source/CMSIS_RTOS_V2/cmsis_os2.o
 .text.SysTick_Handler
                0x000000000800253c       0x20 ./Middlewares/Third_Party/FreeRTOS/Source/CMSIS_RTOS_V2/cmsis_os2.o
                0x000000000800253c                SysTick_Handler
 .text.SVC_Setup
                0x000000000800255c       0x12 ./Middlewares/Third_Party/FreeRTOS/Source/CMSIS_RTOS_V2/cmsis_os2.o
 *fill*         0x000000000800256e        0x2 
 .text.osKernelInitialize
                0x0000000008002570       0x48 ./Middlewares/Third_Party/FreeRTOS/Source/CMSIS_RTOS_V2/cmsis_os2.o
                0x0000000008002570                osKernelInitialize
 .text.osKernelStart
                0x00000000080025b8       0x4c ./Middlewares/Third_Party/FreeRTOS/Source/CMSIS_RTOS_V2/cmsis_os2.o
                0x00000000080025b8                osKernelStart
 .text.vApplicationGetIdleTaskMemory
                0x0000000008002604       0x34 ./Middlewares/Third_Party/FreeRTOS/Source/CMSIS_RTOS_V2/cmsis_os2.o
                0x0000000008002604                vApplicationGetIdleTaskMemory
 .text.vApplicationGetTimerTaskMemory
                0x0000000008002638       0x34 ./Middlewares/Third_Party/FreeRTOS/Source/CMSIS_RTOS_V2/cmsis_os2.o
                0x0000000008002638                vApplicationGetTimerTaskMemory
 .text.vListInitialise
                0x000000000800266c       0x40 ./Middlewares/Third_Party/FreeRTOS/Source/list.o
                0x000000000800266c                vListInitialise
 .text.vListInitialiseItem
                0x00000000080026ac       0x1a ./Middlewares/Third_Party/FreeRTOS/Source/list.o
                0x00000000080026ac                vListInitialiseItem
 .text.vListInsertEnd
                0x00000000080026c6       0x48 ./Middlewares/Third_Party/FreeRTOS/Source/list.o
                0x00000000080026c6                vListInsertEnd
 .text.vListInsert
                0x000000000800270e       0x72 ./Middlewares/Third_Party/FreeRTOS/Source/list.o
                0x000000000800270e                vListInsert
 .text.uxListRemove
                0x0000000008002780       0x54 ./Middlewares/Third_Party/FreeRTOS/Source/list.o
                0x0000000008002780                uxListRemove
 .text.xQueueGenericReset
                0x00000000080027d4       0xd0 ./Middlewares/Third_Party/FreeRTOS/Source/queue.o
                0x00000000080027d4                xQueueGenericReset
 .text.xQueueGenericCreateStatic
                0x00000000080028a4       0xf0 ./Middlewares/Third_Party/FreeRTOS/Source/queue.o
                0x00000000080028a4                xQueueGenericCreateStatic
 .text.xQueueGenericCreate
                0x0000000008002994       0x74 ./Middlewares/Third_Party/FreeRTOS/Source/queue.o
                0x0000000008002994                xQueueGenericCreate
 .text.prvInitialiseNewQueue
                0x0000000008002a08       0x46 ./Middlewares/Third_Party/FreeRTOS/Source/queue.o
 *fill*         0x0000000008002a4e        0x2 
 .text.xQueueGenericSend
                0x0000000008002a50      0x1fc ./Middlewares/Third_Party/FreeRTOS/Source/queue.o
                0x0000000008002a50                xQueueGenericSend
 .text.xQueueGenericSendFromISR
                0x0000000008002c4c      0x136 ./Middlewares/Third_Party/FreeRTOS/Source/queue.o
                0x0000000008002c4c                xQueueGenericSendFromISR
 .text.xQueueGiveFromISR
                0x0000000008002d82      0x11a ./Middlewares/Third_Party/FreeRTOS/Source/queue.o
                0x0000000008002d82                xQueueGiveFromISR
 .text.xQueueReceive
                0x0000000008002e9c      0x1c0 ./Middlewares/Third_Party/FreeRTOS/Source/queue.o
                0x0000000008002e9c                xQueueReceive
 .text.xQueueSemaphoreTake
                0x000000000800305c      0x218 ./Middlewares/Third_Party/FreeRTOS/Source/queue.o
                0x000000000800305c                xQueueSemaphoreTake
 .text.prvGetDisinheritPriorityAfterTimeout
                0x0000000008003274       0x30 ./Middlewares/Third_Party/FreeRTOS/Source/queue.o
 .text.prvCopyDataToQueue
                0x00000000080032a4       0xd4 ./Middlewares/Third_Party/FreeRTOS/Source/queue.o
 .text.prvCopyDataFromQueue
                0x0000000008003378       0x4c ./Middlewares/Third_Party/FreeRTOS/Source/queue.o
 .text.prvUnlockQueue
                0x00000000080033c4       0xa4 ./Middlewares/Third_Party/FreeRTOS/Source/queue.o
 .text.prvIsQueueEmpty
                0x0000000008003468       0x2c ./Middlewares/Third_Party/FreeRTOS/Source/queue.o
 .text.prvIsQueueFull
                0x0000000008003494       0x30 ./Middlewares/Third_Party/FreeRTOS/Source/queue.o
 .text.vQueueAddToRegistry
                0x00000000080034c4       0x54 ./Middlewares/Third_Party/FreeRTOS/Source/queue.o
                0x00000000080034c4                vQueueAddToRegistry
 .text.vQueueWaitForMessageRestricted
                0x0000000008003518       0x68 ./Middlewares/Third_Party/FreeRTOS/Source/queue.o
                0x0000000008003518                vQueueWaitForMessageRestricted
 .text.xTaskCreateStatic
                0x0000000008003580       0xba ./Middlewares/Third_Party/FreeRTOS/Source/tasks.o
                0x0000000008003580                xTaskCreateStatic
 .text.xTaskCreate
                0x000000000800363a       0x8a ./Middlewares/Third_Party/FreeRTOS/Source/tasks.o
                0x000000000800363a                xTaskCreate
 .text.prvInitialiseNewTask
                0x00000000080036c4      0x14c ./Middlewares/Third_Party/FreeRTOS/Source/tasks.o
 .text.prvAddNewTaskToReadyList
                0x0000000008003810       0xe0 ./Middlewares/Third_Party/FreeRTOS/Source/tasks.o
 .text.vTaskStartScheduler
                0x00000000080038f0       0xe0 ./Middlewares/Third_Party/FreeRTOS/Source/tasks.o
                0x00000000080038f0                vTaskStartScheduler
 .text.vTaskSuspendAll
                0x00000000080039d0       0x1c ./Middlewares/Third_Party/FreeRTOS/Source/tasks.o
                0x00000000080039d0                vTaskSuspendAll
 .text.xTaskResumeAll
                0x00000000080039ec      0x13c ./Middlewares/Third_Party/FreeRTOS/Source/tasks.o
                0x00000000080039ec                xTaskResumeAll
 .text.xTaskGetTickCount
                0x0000000008003b28       0x20 ./Middlewares/Third_Party/FreeRTOS/Source/tasks.o
                0x0000000008003b28                xTaskGetTickCount
 .text.xTaskIncrementTick
                0x0000000008003b48      0x174 ./Middlewares/Third_Party/FreeRTOS/Source/tasks.o
                0x0000000008003b48                xTaskIncrementTick
 .text.vTaskSwitchContext
                0x0000000008003cbc       0xc8 ./Middlewares/Third_Party/FreeRTOS/Source/tasks.o
                0x0000000008003cbc                vTaskSwitchContext
 .text.vTaskPlaceOnEventList
                0x0000000008003d84       0x48 ./Middlewares/Third_Party/FreeRTOS/Source/tasks.o
                0x0000000008003d84                vTaskPlaceOnEventList
 .text.vTaskPlaceOnEventListRestricted
                0x0000000008003dcc       0x58 ./Middlewares/Third_Party/FreeRTOS/Source/tasks.o
                0x0000000008003dcc                vTaskPlaceOnEventListRestricted
 .text.xTaskRemoveFromEventList
                0x0000000008003e24       0xc8 ./Middlewares/Third_Party/FreeRTOS/Source/tasks.o
                0x0000000008003e24                xTaskRemoveFromEventList
 .text.vTaskInternalSetTimeOutState
                0x0000000008003eec       0x2c ./Middlewares/Third_Party/FreeRTOS/Source/tasks.o
                0x0000000008003eec                vTaskInternalSetTimeOutState
 .text.xTaskCheckForTimeOut
                0x0000000008003f18       0xc4 ./Middlewares/Third_Party/FreeRTOS/Source/tasks.o
                0x0000000008003f18                xTaskCheckForTimeOut
 .text.vTaskMissedYield
                0x0000000008003fdc       0x18 ./Middlewares/Third_Party/FreeRTOS/Source/tasks.o
                0x0000000008003fdc                vTaskMissedYield
 .text.prvIdleTask
                0x0000000008003ff4       0x30 ./Middlewares/Third_Party/FreeRTOS/Source/tasks.o
 .text.prvInitialiseTaskLists
                0x0000000008004024       0x80 ./Middlewares/Third_Party/FreeRTOS/Source/tasks.o
 .text.prvCheckTasksWaitingTermination
                0x00000000080040a4       0x5c ./Middlewares/Third_Party/FreeRTOS/Source/tasks.o
 .text.prvDeleteTCB
                0x0000000008004100       0x68 ./Middlewares/Third_Party/FreeRTOS/Source/tasks.o
 .text.prvResetNextTaskUnblockTime
                0x0000000008004168       0x40 ./Middlewares/Third_Party/FreeRTOS/Source/tasks.o
 .text.xTaskGetSchedulerState
                0x00000000080041a8       0x3c ./Middlewares/Third_Party/FreeRTOS/Source/tasks.o
                0x00000000080041a8                xTaskGetSchedulerState
 .text.xTaskPriorityInherit
                0x00000000080041e4       0xd0 ./Middlewares/Third_Party/FreeRTOS/Source/tasks.o
                0x00000000080041e4                xTaskPriorityInherit
 .text.xTaskPriorityDisinherit
                0x00000000080042b4       0xdc ./Middlewares/Third_Party/FreeRTOS/Source/tasks.o
                0x00000000080042b4                xTaskPriorityDisinherit
 .text.vTaskPriorityDisinheritAfterTimeout
                0x0000000008004390      0x104 ./Middlewares/Third_Party/FreeRTOS/Source/tasks.o
                0x0000000008004390                vTaskPriorityDisinheritAfterTimeout
 .text.pvTaskIncrementMutexHeldCount
                0x0000000008004494       0x28 ./Middlewares/Third_Party/FreeRTOS/Source/tasks.o
                0x0000000008004494                pvTaskIncrementMutexHeldCount
 .text.prvAddCurrentTaskToDelayedList
                0x00000000080044bc       0xa8 ./Middlewares/Third_Party/FreeRTOS/Source/tasks.o
 .text.xTimerCreateTimerTask
                0x0000000008004564       0x90 ./Middlewares/Third_Party/FreeRTOS/Source/timers.o
                0x0000000008004564                xTimerCreateTimerTask
 .text.xTimerGenericCommand
                0x00000000080045f4       0x9c ./Middlewares/Third_Party/FreeRTOS/Source/timers.o
                0x00000000080045f4                xTimerGenericCommand
 .text.prvProcessExpiredTimer
                0x0000000008004690       0x98 ./Middlewares/Third_Party/FreeRTOS/Source/timers.o
 .text.prvTimerTask
                0x0000000008004728       0x24 ./Middlewares/Third_Party/FreeRTOS/Source/timers.o
 .text.prvProcessTimerOrBlockTask
                0x000000000800474c       0x9c ./Middlewares/Third_Party/FreeRTOS/Source/timers.o
 .text.prvGetNextExpireTime
                0x00000000080047e8       0x48 ./Middlewares/Third_Party/FreeRTOS/Source/timers.o
 .text.prvSampleTimeNow
                0x0000000008004830       0x40 ./Middlewares/Third_Party/FreeRTOS/Source/timers.o
 .text.prvInsertTimerInActiveList
                0x0000000008004870       0x84 ./Middlewares/Third_Party/FreeRTOS/Source/timers.o
 .text.prvProcessReceivedCommands
                0x00000000080048f4      0x1c4 ./Middlewares/Third_Party/FreeRTOS/Source/timers.o
 .text.prvSwitchTimerLists
                0x0000000008004ab8       0xc8 ./Middlewares/Third_Party/FreeRTOS/Source/timers.o
 .text.prvCheckForValidListAndQueue
                0x0000000008004b80       0x80 ./Middlewares/Third_Party/FreeRTOS/Source/timers.o
 .text.pxPortInitialiseStack
                0x0000000008004c00       0x68 ./Middlewares/Third_Party/FreeRTOS/Source/portable/GCC/ARM_CM4F/port.o
                0x0000000008004c00                pxPortInitialiseStack
 .text.prvTaskExitError
                0x0000000008004c68       0x58 ./Middlewares/Third_Party/FreeRTOS/Source/portable/GCC/ARM_CM4F/port.o
 .text.SVC_Handler
                0x0000000008004cc0       0x28 ./Middlewares/Third_Party/FreeRTOS/Source/portable/GCC/ARM_CM4F/port.o
                0x0000000008004cc0                SVC_Handler
 .text.prvPortStartFirstTask
                0x0000000008004ce8       0x28 ./Middlewares/Third_Party/FreeRTOS/Source/portable/GCC/ARM_CM4F/port.o
 .text.xPortStartScheduler
                0x0000000008004d10      0x144 ./Middlewares/Third_Party/FreeRTOS/Source/portable/GCC/ARM_CM4F/port.o
                0x0000000008004d10                xPortStartScheduler
 .text.vPortEnterCritical
                0x0000000008004e54       0x60 ./Middlewares/Third_Party/FreeRTOS/Source/portable/GCC/ARM_CM4F/port.o
                0x0000000008004e54                vPortEnterCritical
 .text.vPortExitCritical
                0x0000000008004eb4       0x54 ./Middlewares/Third_Party/FreeRTOS/Source/portable/GCC/ARM_CM4F/port.o
                0x0000000008004eb4                vPortExitCritical
 *fill*         0x0000000008004f08        0x8 
 .text.PendSV_Handler
                0x0000000008004f10       0x68 ./Middlewares/Third_Party/FreeRTOS/Source/portable/GCC/ARM_CM4F/port.o
                0x0000000008004f10                PendSV_Handler
 .text.xPortSysTickHandler
                0x0000000008004f78       0x44 ./Middlewares/Third_Party/FreeRTOS/Source/portable/GCC/ARM_CM4F/port.o
                0x0000000008004f78                xPortSysTickHandler
 .text.vPortSetupTimerInterrupt
                0x0000000008004fbc       0x48 ./Middlewares/Third_Party/FreeRTOS/Source/portable/GCC/ARM_CM4F/port.o
                0x0000000008004fbc                vPortSetupTimerInterrupt
 .text.vPortEnableVFP
                0x0000000008005004       0x14 ./Middlewares/Third_Party/FreeRTOS/Source/portable/GCC/ARM_CM4F/port.o
 .text.vPortValidateInterruptPriority
                0x0000000008005018       0x80 ./Middlewares/Third_Party/FreeRTOS/Source/portable/GCC/ARM_CM4F/port.o
                0x0000000008005018                vPortValidateInterruptPriority
 .text.pvPortMalloc
                0x0000000008005098      0x198 ./Middlewares/Third_Party/FreeRTOS/Source/portable/MemMang/heap_4.o
                0x0000000008005098                pvPortMalloc
 .text.vPortFree
                0x0000000008005230       0xc4 ./Middlewares/Third_Party/FreeRTOS/Source/portable/MemMang/heap_4.o
                0x0000000008005230                vPortFree
 .text.prvHeapInit
                0x00000000080052f4       0xc4 ./Middlewares/Third_Party/FreeRTOS/Source/portable/MemMang/heap_4.o
 .text.prvInsertBlockIntoFreeList
                0x00000000080053b8       0xb4 ./Middlewares/Third_Party/FreeRTOS/Source/portable/MemMang/heap_4.o
 .text.arm_mean_q15
                0x000000000800546c       0x60 /Users/eduardomunoz/Library/CloudStorage/OneDrive-CalPoly/college/Spring 2023/RTOS/P1_FFT_SA/Drivers/CMSIS/Lib/GCC/libarm_cortexM4lf_math.a(arm_mean_q15.o)
                0x000000000800546c                arm_mean_q15
 .text.arm_max_q15
                0x00000000080054cc       0xa4 /Users/eduardomunoz/Library/CloudStorage/OneDrive-CalPoly/college/Spring 2023/RTOS/P1_FFT_SA/Drivers/CMSIS/Lib/GCC/libarm_cortexM4lf_math.a(arm_max_q15.o)
                0x00000000080054cc                arm_max_q15
 .text.arm_rfft_q15
                0x0000000008005570      0x134 /Users/eduardomunoz/Library/CloudStorage/OneDrive-CalPoly/college/Spring 2023/RTOS/P1_FFT_SA/Drivers/CMSIS/Lib/GCC/libarm_cortexM4lf_math.a(arm_rfft_q15.o)
                0x0000000008005570                arm_rfft_q15
 .text.arm_rfft_init_q15
                0x00000000080056a4       0xec /Users/eduardomunoz/Library/CloudStorage/OneDrive-CalPoly/college/Spring 2023/RTOS/P1_FFT_SA/Drivers/CMSIS/Lib/GCC/libarm_cortexM4lf_math.a(arm_rfft_init_q15.o)
                0x00000000080056a4                arm_rfft_init_q15
 .text.arm_cfft_radix4by2_q15
                0x0000000008005790       0xc4 /Users/eduardomunoz/Library/CloudStorage/OneDrive-CalPoly/college/Spring 2023/RTOS/P1_FFT_SA/Drivers/CMSIS/Lib/GCC/libarm_cortexM4lf_math.a(arm_cfft_q15.o)
                0x0000000008005790                arm_cfft_radix4by2_q15
 .text.arm_cfft_radix4by2_inverse_q15
                0x0000000008005854       0xc4 /Users/eduardomunoz/Library/CloudStorage/OneDrive-CalPoly/college/Spring 2023/RTOS/P1_FFT_SA/Drivers/CMSIS/Lib/GCC/libarm_cortexM4lf_math.a(arm_cfft_q15.o)
                0x0000000008005854                arm_cfft_radix4by2_inverse_q15
 .text.arm_cfft_q15
                0x0000000008005918       0xd8 /Users/eduardomunoz/Library/CloudStorage/OneDrive-CalPoly/college/Spring 2023/RTOS/P1_FFT_SA/Drivers/CMSIS/Lib/GCC/libarm_cortexM4lf_math.a(arm_cfft_q15.o)
                0x0000000008005918                arm_cfft_q15
 .text.arm_radix4_butterfly_q15
                0x00000000080059f0      0x268 /Users/eduardomunoz/Library/CloudStorage/OneDrive-CalPoly/college/Spring 2023/RTOS/P1_FFT_SA/Drivers/CMSIS/Lib/GCC/libarm_cortexM4lf_math.a(arm_cfft_radix4_q15.o)
                0x00000000080059f0                arm_radix4_butterfly_q15
 .text.arm_radix4_butterfly_inverse_q15
                0x0000000008005c58      0x268 /Users/eduardomunoz/Library/CloudStorage/OneDrive-CalPoly/college/Spring 2023/RTOS/P1_FFT_SA/Drivers/CMSIS/Lib/GCC/libarm_cortexM4lf_math.a(arm_cfft_radix4_q15.o)
                0x0000000008005c58                arm_radix4_butterfly_inverse_q15
 .text.arm_bitreversal_16
                0x0000000008005ec0       0x44 /Users/eduardomunoz/Library/CloudStorage/OneDrive-CalPoly/college/Spring 2023/RTOS/P1_FFT_SA/Drivers/CMSIS/Lib/GCC/libarm_cortexM4lf_math.a(arm_bitreversal2.o)
                0x0000000008005ec0                arm_bitreversal_16
 .text.__libc_init_array
                0x0000000008005f04       0x48 /Applications/STM32CubeIDE.app/Contents/Eclipse/plugins/com.st.stm32cube.ide.mcu.externaltools.gnu-tools-for-stm32.9-2020-q2-update.macos64_2.0.0.202105311346/tools/bin/../lib/gcc/arm-none-eabi/9.3.1/../../../../arm-none-eabi/lib/thumb/v7e-m+fp/hard/libc_nano.a(lib_a-init.o)
                0x0000000008005f04                __libc_init_array
 .text.__itoa   0x0000000008005f4c       0x30 /Applications/STM32CubeIDE.app/Contents/Eclipse/plugins/com.st.stm32cube.ide.mcu.externaltools.gnu-tools-for-stm32.9-2020-q2-update.macos64_2.0.0.202105311346/tools/bin/../lib/gcc/arm-none-eabi/9.3.1/../../../../arm-none-eabi/lib/thumb/v7e-m+fp/hard/libc_nano.a(lib_a-itoa.o)
                0x0000000008005f4c                __itoa
 .text.itoa     0x0000000008005f7c        0x4 /Applications/STM32CubeIDE.app/Contents/Eclipse/plugins/com.st.stm32cube.ide.mcu.externaltools.gnu-tools-for-stm32.9-2020-q2-update.macos64_2.0.0.202105311346/tools/bin/../lib/gcc/arm-none-eabi/9.3.1/../../../../arm-none-eabi/lib/thumb/v7e-m+fp/hard/libc_nano.a(lib_a-itoa.o)
                0x0000000008005f7c                itoa
 .text.__retarget_lock_acquire_recursive
                0x0000000008005f80        0x2 /Applications/STM32CubeIDE.app/Contents/Eclipse/plugins/com.st.stm32cube.ide.mcu.externaltools.gnu-tools-for-stm32.9-2020-q2-update.macos64_2.0.0.202105311346/tools/bin/../lib/gcc/arm-none-eabi/9.3.1/../../../../arm-none-eabi/lib/thumb/v7e-m+fp/hard/libc_nano.a(lib_a-lock.o)
                0x0000000008005f80                __retarget_lock_acquire_recursive
 .text.__retarget_lock_release_recursive
                0x0000000008005f82        0x2 /Applications/STM32CubeIDE.app/Contents/Eclipse/plugins/com.st.stm32cube.ide.mcu.externaltools.gnu-tools-for-stm32.9-2020-q2-update.macos64_2.0.0.202105311346/tools/bin/../lib/gcc/arm-none-eabi/9.3.1/../../../../arm-none-eabi/lib/thumb/v7e-m+fp/hard/libc_nano.a(lib_a-lock.o)
                0x0000000008005f82                __retarget_lock_release_recursive
 .text.memcpy   0x0000000008005f84       0x1c /Applications/STM32CubeIDE.app/Contents/Eclipse/plugins/com.st.stm32cube.ide.mcu.externaltools.gnu-tools-for-stm32.9-2020-q2-update.macos64_2.0.0.202105311346/tools/bin/../lib/gcc/arm-none-eabi/9.3.1/../../../../arm-none-eabi/lib/thumb/v7e-m+fp/hard/libc_nano.a(lib_a-memcpy-stub.o)
                0x0000000008005f84                memcpy
 .text.memset   0x0000000008005fa0       0x10 /Applications/STM32CubeIDE.app/Contents/Eclipse/plugins/com.st.stm32cube.ide.mcu.externaltools.gnu-tools-for-stm32.9-2020-q2-update.macos64_2.0.0.202105311346/tools/bin/../lib/gcc/arm-none-eabi/9.3.1/../../../../arm-none-eabi/lib/thumb/v7e-m+fp/hard/libc_nano.a(lib_a-memset.o)
                0x0000000008005fa0                memset
 .text.cleanup_glue
                0x0000000008005fb0       0x1a /Applications/STM32CubeIDE.app/Contents/Eclipse/plugins/com.st.stm32cube.ide.mcu.externaltools.gnu-tools-for-stm32.9-2020-q2-update.macos64_2.0.0.202105311346/tools/bin/../lib/gcc/arm-none-eabi/9.3.1/../../../../arm-none-eabi/lib/thumb/v7e-m+fp/hard/libc_nano.a(lib_a-reent.o)
                0x0000000008005fb0                cleanup_glue
 *fill*         0x0000000008005fca        0x2 
 .text._reclaim_reent
                0x0000000008005fcc       0xb8 /Applications/STM32CubeIDE.app/Contents/Eclipse/plugins/com.st.stm32cube.ide.mcu.externaltools.gnu-tools-for-stm32.9-2020-q2-update.macos64_2.0.0.202105311346/tools/bin/../lib/gcc/arm-none-eabi/9.3.1/../../../../arm-none-eabi/lib/thumb/v7e-m+fp/hard/libc_nano.a(lib_a-reent.o)
                0x0000000008005fcc                _reclaim_reent
 .text.__utoa   0x0000000008006084       0x84 /Applications/STM32CubeIDE.app/Contents/Eclipse/plugins/com.st.stm32cube.ide.mcu.externaltools.gnu-tools-for-stm32.9-2020-q2-update.macos64_2.0.0.202105311346/tools/bin/../lib/gcc/arm-none-eabi/9.3.1/../../../../arm-none-eabi/lib/thumb/v7e-m+fp/hard/libc_nano.a(lib_a-utoa.o)
                0x0000000008006084                __utoa
 .text.__malloc_lock
                0x0000000008006108        0xc /Applications/STM32CubeIDE.app/Contents/Eclipse/plugins/com.st.stm32cube.ide.mcu.externaltools.gnu-tools-for-stm32.9-2020-q2-update.macos64_2.0.0.202105311346/tools/bin/../lib/gcc/arm-none-eabi/9.3.1/../../../../arm-none-eabi/lib/thumb/v7e-m+fp/hard/libc_nano.a(lib_a-mlock.o)
                0x0000000008006108                __malloc_lock
 .text.__malloc_unlock
                0x0000000008006114        0xc /Applications/STM32CubeIDE.app/Contents/Eclipse/plugins/com.st.stm32cube.ide.mcu.externaltools.gnu-tools-for-stm32.9-2020-q2-update.macos64_2.0.0.202105311346/tools/bin/../lib/gcc/arm-none-eabi/9.3.1/../../../../arm-none-eabi/lib/thumb/v7e-m+fp/hard/libc_nano.a(lib_a-mlock.o)
                0x0000000008006114                __malloc_unlock
 .text._free_r  0x0000000008006120       0xa0 /Applications/STM32CubeIDE.app/Contents/Eclipse/plugins/com.st.stm32cube.ide.mcu.externaltools.gnu-tools-for-stm32.9-2020-q2-update.macos64_2.0.0.202105311346/tools/bin/../lib/gcc/arm-none-eabi/9.3.1/../../../../arm-none-eabi/lib/thumb/v7e-m+fp/hard/libc_nano.a(lib_a-nano-freer.o)
                0x0000000008006120                _free_r
 *(.glue_7)
 .glue_7        0x00000000080061c0        0x0 linker stubs
 *(.glue_7t)
 .glue_7t       0x00000000080061c0        0x0 linker stubs
 *(.eh_frame)
 .eh_frame      0x00000000080061c0        0x0 /Applications/STM32CubeIDE.app/Contents/Eclipse/plugins/com.st.stm32cube.ide.mcu.externaltools.gnu-tools-for-stm32.9-2020-q2-update.macos64_2.0.0.202105311346/tools/bin/../lib/gcc/arm-none-eabi/9.3.1/thumb/v7e-m+fp/hard/crtbegin.o
 *(.init)
 .init          0x00000000080061c0        0x4 /Applications/STM32CubeIDE.app/Contents/Eclipse/plugins/com.st.stm32cube.ide.mcu.externaltools.gnu-tools-for-stm32.9-2020-q2-update.macos64_2.0.0.202105311346/tools/bin/../lib/gcc/arm-none-eabi/9.3.1/thumb/v7e-m+fp/hard/crti.o
                0x00000000080061c0                _init
 .init          0x00000000080061c4        0x8 /Applications/STM32CubeIDE.app/Contents/Eclipse/plugins/com.st.stm32cube.ide.mcu.externaltools.gnu-tools-for-stm32.9-2020-q2-update.macos64_2.0.0.202105311346/tools/bin/../lib/gcc/arm-none-eabi/9.3.1/thumb/v7e-m+fp/hard/crtn.o
 *(.fini)
 .fini          0x00000000080061cc        0x4 /Applications/STM32CubeIDE.app/Contents/Eclipse/plugins/com.st.stm32cube.ide.mcu.externaltools.gnu-tools-for-stm32.9-2020-q2-update.macos64_2.0.0.202105311346/tools/bin/../lib/gcc/arm-none-eabi/9.3.1/thumb/v7e-m+fp/hard/crti.o
                0x00000000080061cc                _fini
 .fini          0x00000000080061d0        0x8 /Applications/STM32CubeIDE.app/Contents/Eclipse/plugins/com.st.stm32cube.ide.mcu.externaltools.gnu-tools-for-stm32.9-2020-q2-update.macos64_2.0.0.202105311346/tools/bin/../lib/gcc/arm-none-eabi/9.3.1/thumb/v7e-m+fp/hard/crtn.o
                0x00000000080061d8                . = ALIGN (0x4)
                0x00000000080061d8                _etext = .

.vfp11_veneer   0x00000000080061d8        0x0
 .vfp11_veneer  0x00000000080061d8        0x0 linker stubs

.v4_bx          0x00000000080061d8        0x0
 .v4_bx         0x00000000080061d8        0x0 linker stubs

.iplt           0x00000000080061d8        0x0
 .iplt          0x00000000080061d8        0x0 /Applications/STM32CubeIDE.app/Contents/Eclipse/plugins/com.st.stm32cube.ide.mcu.externaltools.gnu-tools-for-stm32.9-2020-q2-update.macos64_2.0.0.202105311346/tools/bin/../lib/gcc/arm-none-eabi/9.3.1/thumb/v7e-m+fp/hard/crtbegin.o

.rodata         0x00000000080061d8    0x12000
                0x00000000080061d8                . = ALIGN (0x4)
 *(.rodata)
 .rodata        0x00000000080061d8       0x1f ./Core/Src/MyTasks.o
 *fill*         0x00000000080061f7        0x1 
 .rodata        0x00000000080061f8        0xc ./Core/Src/UART.o
 .rodata        0x0000000008006204       0x6b ./Core/Src/UART_plotter.o
 *fill*         0x000000000800626f        0x1 
 .rodata        0x0000000008006270       0x26 ./Core/Src/main.o
 *fill*         0x0000000008006296        0x2 
 .rodata        0x0000000008006298        0x5 ./Middlewares/Third_Party/FreeRTOS/Source/tasks.o
 *fill*         0x000000000800629d        0x3 
 .rodata        0x00000000080062a0        0xd ./Middlewares/Third_Party/FreeRTOS/Source/timers.o
 *(.rodata*)
 *fill*         0x00000000080062ad        0x3 
 .rodata.AHBPrescTable
                0x00000000080062b0       0x10 ./Core/Src/system_stm32l4xx.o
                0x00000000080062b0                AHBPrescTable
 .rodata.APBPrescTable
                0x00000000080062c0        0x8 ./Core/Src/system_stm32l4xx.o
                0x00000000080062c0                APBPrescTable
 .rodata.MSIRangeTable
                0x00000000080062c8       0x30 ./Core/Src/system_stm32l4xx.o
                0x00000000080062c8                MSIRangeTable
 .rodata.arm_cfft_sR_q15_len1024
                0x00000000080062f8       0x10 /Users/eduardomunoz/Library/CloudStorage/OneDrive-CalPoly/college/Spring 2023/RTOS/P1_FFT_SA/Drivers/CMSIS/Lib/GCC/libarm_cortexM4lf_math.a(arm_const_structs.o)
                0x00000000080062f8                arm_cfft_sR_q15_len1024
 .rodata.arm_cfft_sR_q15_len128
                0x0000000008006308       0x10 /Users/eduardomunoz/Library/CloudStorage/OneDrive-CalPoly/college/Spring 2023/RTOS/P1_FFT_SA/Drivers/CMSIS/Lib/GCC/libarm_cortexM4lf_math.a(arm_const_structs.o)
                0x0000000008006308                arm_cfft_sR_q15_len128
 .rodata.arm_cfft_sR_q15_len16
                0x0000000008006318       0x10 /Users/eduardomunoz/Library/CloudStorage/OneDrive-CalPoly/college/Spring 2023/RTOS/P1_FFT_SA/Drivers/CMSIS/Lib/GCC/libarm_cortexM4lf_math.a(arm_const_structs.o)
                0x0000000008006318                arm_cfft_sR_q15_len16
 .rodata.arm_cfft_sR_q15_len2048
                0x0000000008006328       0x10 /Users/eduardomunoz/Library/CloudStorage/OneDrive-CalPoly/college/Spring 2023/RTOS/P1_FFT_SA/Drivers/CMSIS/Lib/GCC/libarm_cortexM4lf_math.a(arm_const_structs.o)
                0x0000000008006328                arm_cfft_sR_q15_len2048
 .rodata.arm_cfft_sR_q15_len256
                0x0000000008006338       0x10 /Users/eduardomunoz/Library/CloudStorage/OneDrive-CalPoly/college/Spring 2023/RTOS/P1_FFT_SA/Drivers/CMSIS/Lib/GCC/libarm_cortexM4lf_math.a(arm_const_structs.o)
                0x0000000008006338                arm_cfft_sR_q15_len256
 .rodata.arm_cfft_sR_q15_len32
                0x0000000008006348       0x10 /Users/eduardomunoz/Library/CloudStorage/OneDrive-CalPoly/college/Spring 2023/RTOS/P1_FFT_SA/Drivers/CMSIS/Lib/GCC/libarm_cortexM4lf_math.a(arm_const_structs.o)
                0x0000000008006348                arm_cfft_sR_q15_len32
 .rodata.arm_cfft_sR_q15_len4096
                0x0000000008006358       0x10 /Users/eduardomunoz/Library/CloudStorage/OneDrive-CalPoly/college/Spring 2023/RTOS/P1_FFT_SA/Drivers/CMSIS/Lib/GCC/libarm_cortexM4lf_math.a(arm_const_structs.o)
                0x0000000008006358                arm_cfft_sR_q15_len4096
 .rodata.arm_cfft_sR_q15_len512
                0x0000000008006368       0x10 /Users/eduardomunoz/Library/CloudStorage/OneDrive-CalPoly/college/Spring 2023/RTOS/P1_FFT_SA/Drivers/CMSIS/Lib/GCC/libarm_cortexM4lf_math.a(arm_const_structs.o)
                0x0000000008006368                arm_cfft_sR_q15_len512
 .rodata.arm_cfft_sR_q15_len64
                0x0000000008006378       0x10 /Users/eduardomunoz/Library/CloudStorage/OneDrive-CalPoly/college/Spring 2023/RTOS/P1_FFT_SA/Drivers/CMSIS/Lib/GCC/libarm_cortexM4lf_math.a(arm_const_structs.o)
                0x0000000008006378                arm_cfft_sR_q15_len64
 .rodata.armBitRevIndexTable_fixed_1024
                0x0000000008006388      0x7c0 /Users/eduardomunoz/Library/CloudStorage/OneDrive-CalPoly/college/Spring 2023/RTOS/P1_FFT_SA/Drivers/CMSIS/Lib/GCC/libarm_cortexM4lf_math.a(arm_common_tables.o)
                0x0000000008006388                armBitRevIndexTable_fixed_1024
 .rodata.armBitRevIndexTable_fixed_128
                0x0000000008006b48       0xe0 /Users/eduardomunoz/Library/CloudStorage/OneDrive-CalPoly/college/Spring 2023/RTOS/P1_FFT_SA/Drivers/CMSIS/Lib/GCC/libarm_cortexM4lf_math.a(arm_common_tables.o)
                0x0000000008006b48                armBitRevIndexTable_fixed_128
 .rodata.armBitRevIndexTable_fixed_16
                0x0000000008006c28       0x18 /Users/eduardomunoz/Library/CloudStorage/OneDrive-CalPoly/college/Spring 2023/RTOS/P1_FFT_SA/Drivers/CMSIS/Lib/GCC/libarm_cortexM4lf_math.a(arm_common_tables.o)
                0x0000000008006c28                armBitRevIndexTable_fixed_16
 .rodata.armBitRevIndexTable_fixed_2048
                0x0000000008006c40      0xf80 /Users/eduardomunoz/Library/CloudStorage/OneDrive-CalPoly/college/Spring 2023/RTOS/P1_FFT_SA/Drivers/CMSIS/Lib/GCC/libarm_cortexM4lf_math.a(arm_common_tables.o)
                0x0000000008006c40                armBitRevIndexTable_fixed_2048
 .rodata.armBitRevIndexTable_fixed_256
                0x0000000008007bc0      0x1e0 /Users/eduardomunoz/Library/CloudStorage/OneDrive-CalPoly/college/Spring 2023/RTOS/P1_FFT_SA/Drivers/CMSIS/Lib/GCC/libarm_cortexM4lf_math.a(arm_common_tables.o)
                0x0000000008007bc0                armBitRevIndexTable_fixed_256
 .rodata.armBitRevIndexTable_fixed_32
                0x0000000008007da0       0x30 /Users/eduardomunoz/Library/CloudStorage/OneDrive-CalPoly/college/Spring 2023/RTOS/P1_FFT_SA/Drivers/CMSIS/Lib/GCC/libarm_cortexM4lf_math.a(arm_common_tables.o)
                0x0000000008007da0                armBitRevIndexTable_fixed_32
 .rodata.armBitRevIndexTable_fixed_4096
                0x0000000008007dd0     0x1f80 /Users/eduardomunoz/Library/CloudStorage/OneDrive-CalPoly/college/Spring 2023/RTOS/P1_FFT_SA/Drivers/CMSIS/Lib/GCC/libarm_cortexM4lf_math.a(arm_common_tables.o)
                0x0000000008007dd0                armBitRevIndexTable_fixed_4096
 .rodata.armBitRevIndexTable_fixed_512
                0x0000000008009d50      0x3c0 /Users/eduardomunoz/Library/CloudStorage/OneDrive-CalPoly/college/Spring 2023/RTOS/P1_FFT_SA/Drivers/CMSIS/Lib/GCC/libarm_cortexM4lf_math.a(arm_common_tables.o)
                0x0000000008009d50                armBitRevIndexTable_fixed_512
 .rodata.armBitRevIndexTable_fixed_64
                0x000000000800a110       0x70 /Users/eduardomunoz/Library/CloudStorage/OneDrive-CalPoly/college/Spring 2023/RTOS/P1_FFT_SA/Drivers/CMSIS/Lib/GCC/libarm_cortexM4lf_math.a(arm_common_tables.o)
                0x000000000800a110                armBitRevIndexTable_fixed_64
 .rodata.realCoefAQ15
                0x000000000800a180     0x4000 /Users/eduardomunoz/Library/CloudStorage/OneDrive-CalPoly/college/Spring 2023/RTOS/P1_FFT_SA/Drivers/CMSIS/Lib/GCC/libarm_cortexM4lf_math.a(arm_common_tables.o)
                0x000000000800a180                realCoefAQ15
 .rodata.realCoefBQ15
                0x000000000800e180     0x4000 /Users/eduardomunoz/Library/CloudStorage/OneDrive-CalPoly/college/Spring 2023/RTOS/P1_FFT_SA/Drivers/CMSIS/Lib/GCC/libarm_cortexM4lf_math.a(arm_common_tables.o)
                0x000000000800e180                realCoefBQ15
 .rodata.twiddleCoef_1024_q15
                0x0000000008012180      0xc00 /Users/eduardomunoz/Library/CloudStorage/OneDrive-CalPoly/college/Spring 2023/RTOS/P1_FFT_SA/Drivers/CMSIS/Lib/GCC/libarm_cortexM4lf_math.a(arm_common_tables.o)
                0x0000000008012180                twiddleCoef_1024_q15
 .rodata.twiddleCoef_128_q15
                0x0000000008012d80      0x180 /Users/eduardomunoz/Library/CloudStorage/OneDrive-CalPoly/college/Spring 2023/RTOS/P1_FFT_SA/Drivers/CMSIS/Lib/GCC/libarm_cortexM4lf_math.a(arm_common_tables.o)
                0x0000000008012d80                twiddleCoef_128_q15
 .rodata.twiddleCoef_16_q15
                0x0000000008012f00       0x30 /Users/eduardomunoz/Library/CloudStorage/OneDrive-CalPoly/college/Spring 2023/RTOS/P1_FFT_SA/Drivers/CMSIS/Lib/GCC/libarm_cortexM4lf_math.a(arm_common_tables.o)
                0x0000000008012f00                twiddleCoef_16_q15
 .rodata.twiddleCoef_2048_q15
                0x0000000008012f30     0x1800 /Users/eduardomunoz/Library/CloudStorage/OneDrive-CalPoly/college/Spring 2023/RTOS/P1_FFT_SA/Drivers/CMSIS/Lib/GCC/libarm_cortexM4lf_math.a(arm_common_tables.o)
                0x0000000008012f30                twiddleCoef_2048_q15
 .rodata.twiddleCoef_256_q15
                0x0000000008014730      0x300 /Users/eduardomunoz/Library/CloudStorage/OneDrive-CalPoly/college/Spring 2023/RTOS/P1_FFT_SA/Drivers/CMSIS/Lib/GCC/libarm_cortexM4lf_math.a(arm_common_tables.o)
                0x0000000008014730                twiddleCoef_256_q15
 .rodata.twiddleCoef_32_q15
                0x0000000008014a30       0x60 /Users/eduardomunoz/Library/CloudStorage/OneDrive-CalPoly/college/Spring 2023/RTOS/P1_FFT_SA/Drivers/CMSIS/Lib/GCC/libarm_cortexM4lf_math.a(arm_common_tables.o)
                0x0000000008014a30                twiddleCoef_32_q15
 .rodata.twiddleCoef_4096_q15
                0x0000000008014a90     0x3000 /Users/eduardomunoz/Library/CloudStorage/OneDrive-CalPoly/college/Spring 2023/RTOS/P1_FFT_SA/Drivers/CMSIS/Lib/GCC/libarm_cortexM4lf_math.a(arm_common_tables.o)
                0x0000000008014a90                twiddleCoef_4096_q15
 .rodata.twiddleCoef_512_q15
                0x0000000008017a90      0x600 /Users/eduardomunoz/Library/CloudStorage/OneDrive-CalPoly/college/Spring 2023/RTOS/P1_FFT_SA/Drivers/CMSIS/Lib/GCC/libarm_cortexM4lf_math.a(arm_common_tables.o)
                0x0000000008017a90                twiddleCoef_512_q15
 .rodata.twiddleCoef_64_q15
                0x0000000008018090       0xc0 /Users/eduardomunoz/Library/CloudStorage/OneDrive-CalPoly/college/Spring 2023/RTOS/P1_FFT_SA/Drivers/CMSIS/Lib/GCC/libarm_cortexM4lf_math.a(arm_common_tables.o)
                0x0000000008018090                twiddleCoef_64_q15
 .rodata.__sf_fake_stderr
                0x0000000008018150       0x20 /Applications/STM32CubeIDE.app/Contents/Eclipse/plugins/com.st.stm32cube.ide.mcu.externaltools.gnu-tools-for-stm32.9-2020-q2-update.macos64_2.0.0.202105311346/tools/bin/../lib/gcc/arm-none-eabi/9.3.1/../../../../arm-none-eabi/lib/thumb/v7e-m+fp/hard/libc_nano.a(lib_a-findfp.o)
                0x0000000008018150                __sf_fake_stderr
 .rodata.__sf_fake_stdin
                0x0000000008018170       0x20 /Applications/STM32CubeIDE.app/Contents/Eclipse/plugins/com.st.stm32cube.ide.mcu.externaltools.gnu-tools-for-stm32.9-2020-q2-update.macos64_2.0.0.202105311346/tools/bin/../lib/gcc/arm-none-eabi/9.3.1/../../../../arm-none-eabi/lib/thumb/v7e-m+fp/hard/libc_nano.a(lib_a-findfp.o)
                0x0000000008018170                __sf_fake_stdin
 .rodata.__sf_fake_stdout
                0x0000000008018190       0x20 /Applications/STM32CubeIDE.app/Contents/Eclipse/plugins/com.st.stm32cube.ide.mcu.externaltools.gnu-tools-for-stm32.9-2020-q2-update.macos64_2.0.0.202105311346/tools/bin/../lib/gcc/arm-none-eabi/9.3.1/../../../../arm-none-eabi/lib/thumb/v7e-m+fp/hard/libc_nano.a(lib_a-findfp.o)
                0x0000000008018190                __sf_fake_stdout
 .rodata.__utoa.str1.1
                0x00000000080181b0       0x25 /Applications/STM32CubeIDE.app/Contents/Eclipse/plugins/com.st.stm32cube.ide.mcu.externaltools.gnu-tools-for-stm32.9-2020-q2-update.macos64_2.0.0.202105311346/tools/bin/../lib/gcc/arm-none-eabi/9.3.1/../../../../arm-none-eabi/lib/thumb/v7e-m+fp/hard/libc_nano.a(lib_a-utoa.o)
                0x00000000080181d8                . = ALIGN (0x4)
 *fill*         0x00000000080181d5        0x3 

.rel.dyn        0x00000000080181d8        0x0
 .rel.iplt      0x00000000080181d8        0x0 /Applications/STM32CubeIDE.app/Contents/Eclipse/plugins/com.st.stm32cube.ide.mcu.externaltools.gnu-tools-for-stm32.9-2020-q2-update.macos64_2.0.0.202105311346/tools/bin/../lib/gcc/arm-none-eabi/9.3.1/thumb/v7e-m+fp/hard/crtbegin.o

.ARM.extab      0x00000000080181d8        0x0
                0x00000000080181d8                . = ALIGN (0x4)
 *(.ARM.extab* .gnu.linkonce.armextab.*)
                0x00000000080181d8                . = ALIGN (0x4)

.ARM            0x00000000080181d8        0x0
                0x00000000080181d8                . = ALIGN (0x4)
                0x00000000080181d8                __exidx_start = .
 *(.ARM.exidx*)
                0x00000000080181d8                __exidx_end = .
                0x00000000080181d8                . = ALIGN (0x4)

.preinit_array  0x00000000080181d8        0x0
                0x00000000080181d8                . = ALIGN (0x4)
                0x00000000080181d8                PROVIDE (__preinit_array_start = .)
 *(.preinit_array*)
                0x00000000080181d8                PROVIDE (__preinit_array_end = .)
                0x00000000080181d8                . = ALIGN (0x4)

.init_array     0x00000000080181d8        0x4
                0x00000000080181d8                . = ALIGN (0x4)
                0x00000000080181d8                PROVIDE (__init_array_start = .)
 *(SORT_BY_NAME(.init_array.*))
 *(.init_array*)
 .init_array    0x00000000080181d8        0x4 /Applications/STM32CubeIDE.app/Contents/Eclipse/plugins/com.st.stm32cube.ide.mcu.externaltools.gnu-tools-for-stm32.9-2020-q2-update.macos64_2.0.0.202105311346/tools/bin/../lib/gcc/arm-none-eabi/9.3.1/thumb/v7e-m+fp/hard/crtbegin.o
                0x00000000080181dc                PROVIDE (__init_array_end = .)
                0x00000000080181dc                . = ALIGN (0x4)

.fini_array     0x00000000080181dc        0x4
                0x00000000080181dc                . = ALIGN (0x4)
                [!provide]                        PROVIDE (__fini_array_start = .)
 *(SORT_BY_NAME(.fini_array.*))
 *(.fini_array*)
 .fini_array    0x00000000080181dc        0x4 /Applications/STM32CubeIDE.app/Contents/Eclipse/plugins/com.st.stm32cube.ide.mcu.externaltools.gnu-tools-for-stm32.9-2020-q2-update.macos64_2.0.0.202105311346/tools/bin/../lib/gcc/arm-none-eabi/9.3.1/thumb/v7e-m+fp/hard/crtbegin.o
                [!provide]                        PROVIDE (__fini_array_end = .)
                0x00000000080181e0                . = ALIGN (0x4)
                0x00000000080181e0                _sidata = LOADADDR (.data)

.data           0x0000000020000000       0x74 load address 0x00000000080181e0
                0x0000000020000000                . = ALIGN (0x4)
                0x0000000020000000                _sdata = .
 *(.data)
 *(.data*)
 .data.SystemCoreClock
                0x0000000020000000        0x4 ./Core/Src/system_stm32l4xx.o
                0x0000000020000000                SystemCoreClock
 .data.uwTickPrio
                0x0000000020000004        0x4 ./Drivers/STM32L4xx_HAL_Driver/Src/stm32l4xx_hal.o
                0x0000000020000004                uwTickPrio
 .data.uwTickFreq
                0x0000000020000008        0x1 ./Drivers/STM32L4xx_HAL_Driver/Src/stm32l4xx_hal.o
                0x0000000020000008                uwTickFreq
 *fill*         0x0000000020000009        0x3 
 .data.uxCriticalNesting
                0x000000002000000c        0x4 ./Middlewares/Third_Party/FreeRTOS/Source/portable/GCC/ARM_CM4F/port.o
 .data._impure_ptr
                0x0000000020000010        0x4 /Applications/STM32CubeIDE.app/Contents/Eclipse/plugins/com.st.stm32cube.ide.mcu.externaltools.gnu-tools-for-stm32.9-2020-q2-update.macos64_2.0.0.202105311346/tools/bin/../lib/gcc/arm-none-eabi/9.3.1/../../../../arm-none-eabi/lib/thumb/v7e-m+fp/hard/libc_nano.a(lib_a-impure.o)
                0x0000000020000010                _impure_ptr
 .data.impure_data
                0x0000000020000014       0x60 /Applications/STM32CubeIDE.app/Contents/Eclipse/plugins/com.st.stm32cube.ide.mcu.externaltools.gnu-tools-for-stm32.9-2020-q2-update.macos64_2.0.0.202105311346/tools/bin/../lib/gcc/arm-none-eabi/9.3.1/../../../../arm-none-eabi/lib/thumb/v7e-m+fp/hard/libc_nano.a(lib_a-impure.o)
 *(.RamFunc)
 *(.RamFunc*)
                0x0000000020000074                . = ALIGN (0x4)
                0x0000000020000074                _edata = .

.igot.plt       0x0000000020000074        0x0 load address 0x0000000008018254
 .igot.plt      0x0000000020000074        0x0 /Applications/STM32CubeIDE.app/Contents/Eclipse/plugins/com.st.stm32cube.ide.mcu.externaltools.gnu-tools-for-stm32.9-2020-q2-update.macos64_2.0.0.202105311346/tools/bin/../lib/gcc/arm-none-eabi/9.3.1/thumb/v7e-m+fp/hard/crtbegin.o
                0x0000000020000074                . = ALIGN (0x4)

.bss            0x0000000020000074     0x481c load address 0x0000000008018254
                0x0000000020000074                _sbss = .
                0x0000000020000074                __bss_start__ = _sbss
 *(.bss)
 .bss           0x0000000020000074       0x1c /Applications/STM32CubeIDE.app/Contents/Eclipse/plugins/com.st.stm32cube.ide.mcu.externaltools.gnu-tools-for-stm32.9-2020-q2-update.macos64_2.0.0.202105311346/tools/bin/../lib/gcc/arm-none-eabi/9.3.1/thumb/v7e-m+fp/hard/crtbegin.o
 *(.bss*)
 .bss.printSemaphore
                0x0000000020000090        0x4 ./Core/Src/MyTasks.o
                0x0000000020000090                printSemaphore
 .bss.calculateSemaphore1
                0x0000000020000094        0x4 ./Core/Src/MyTasks.o
                0x0000000020000094                calculateSemaphore1
 .bss.calculateSemaphore2
                0x0000000020000098        0x4 ./Core/Src/MyTasks.o
                0x0000000020000098                calculateSemaphore2
 .bss.testOutput
                0x000000002000009c      0x200 ./Core/Src/MyTasks.o
                0x000000002000009c                testOutput
 .bss.collectedsamples
                0x000000002000029c     0x2000 ./Core/Src/main.o
                0x000000002000029c                collectedsamples
 .bss.KernelState
                0x000000002000229c        0x4 ./Middlewares/Third_Party/FreeRTOS/Source/CMSIS_RTOS_V2/cmsis_os2.o
 .bss.Idle_TCB.10648
                0x00000000200022a0       0xbc ./Middlewares/Third_Party/FreeRTOS/Source/CMSIS_RTOS_V2/cmsis_os2.o
 .bss.Idle_Stack.10649
                0x000000002000235c      0x200 ./Middlewares/Third_Party/FreeRTOS/Source/CMSIS_RTOS_V2/cmsis_os2.o
 .bss.Timer_TCB.10655
                0x000000002000255c       0xbc ./Middlewares/Third_Party/FreeRTOS/Source/CMSIS_RTOS_V2/cmsis_os2.o
 .bss.Timer_Stack.10656
                0x0000000020002618      0x400 ./Middlewares/Third_Party/FreeRTOS/Source/CMSIS_RTOS_V2/cmsis_os2.o
 .bss.pxCurrentTCB
                0x0000000020002a18        0x4 ./Middlewares/Third_Party/FreeRTOS/Source/tasks.o
                0x0000000020002a18                pxCurrentTCB
 .bss.pxReadyTasksLists
                0x0000000020002a1c      0x460 ./Middlewares/Third_Party/FreeRTOS/Source/tasks.o
 .bss.xDelayedTaskList1
                0x0000000020002e7c       0x14 ./Middlewares/Third_Party/FreeRTOS/Source/tasks.o
 .bss.xDelayedTaskList2
                0x0000000020002e90       0x14 ./Middlewares/Third_Party/FreeRTOS/Source/tasks.o
 .bss.pxDelayedTaskList
                0x0000000020002ea4        0x4 ./Middlewares/Third_Party/FreeRTOS/Source/tasks.o
 .bss.pxOverflowDelayedTaskList
                0x0000000020002ea8        0x4 ./Middlewares/Third_Party/FreeRTOS/Source/tasks.o
 .bss.xPendingReadyList
                0x0000000020002eac       0x14 ./Middlewares/Third_Party/FreeRTOS/Source/tasks.o
 .bss.xTasksWaitingTermination
                0x0000000020002ec0       0x14 ./Middlewares/Third_Party/FreeRTOS/Source/tasks.o
 .bss.uxDeletedTasksWaitingCleanUp
                0x0000000020002ed4        0x4 ./Middlewares/Third_Party/FreeRTOS/Source/tasks.o
 .bss.xSuspendedTaskList
                0x0000000020002ed8       0x14 ./Middlewares/Third_Party/FreeRTOS/Source/tasks.o
 .bss.uxCurrentNumberOfTasks
                0x0000000020002eec        0x4 ./Middlewares/Third_Party/FreeRTOS/Source/tasks.o
 .bss.xTickCount
                0x0000000020002ef0        0x4 ./Middlewares/Third_Party/FreeRTOS/Source/tasks.o
 .bss.uxTopReadyPriority
                0x0000000020002ef4        0x4 ./Middlewares/Third_Party/FreeRTOS/Source/tasks.o
 .bss.xSchedulerRunning
                0x0000000020002ef8        0x4 ./Middlewares/Third_Party/FreeRTOS/Source/tasks.o
 .bss.xPendedTicks
                0x0000000020002efc        0x4 ./Middlewares/Third_Party/FreeRTOS/Source/tasks.o
 .bss.xYieldPending
                0x0000000020002f00        0x4 ./Middlewares/Third_Party/FreeRTOS/Source/tasks.o
 .bss.xNumOfOverflows
                0x0000000020002f04        0x4 ./Middlewares/Third_Party/FreeRTOS/Source/tasks.o
 .bss.uxTaskNumber
                0x0000000020002f08        0x4 ./Middlewares/Third_Party/FreeRTOS/Source/tasks.o
 .bss.xNextTaskUnblockTime
                0x0000000020002f0c        0x4 ./Middlewares/Third_Party/FreeRTOS/Source/tasks.o
 .bss.xIdleTaskHandle
                0x0000000020002f10        0x4 ./Middlewares/Third_Party/FreeRTOS/Source/tasks.o
 .bss.uxSchedulerSuspended
                0x0000000020002f14        0x4 ./Middlewares/Third_Party/FreeRTOS/Source/tasks.o
 .bss.xActiveTimerList1
                0x0000000020002f18       0x14 ./Middlewares/Third_Party/FreeRTOS/Source/timers.o
 .bss.xActiveTimerList2
                0x0000000020002f2c       0x14 ./Middlewares/Third_Party/FreeRTOS/Source/timers.o
 .bss.pxCurrentTimerList
                0x0000000020002f40        0x4 ./Middlewares/Third_Party/FreeRTOS/Source/timers.o
 .bss.pxOverflowTimerList
                0x0000000020002f44        0x4 ./Middlewares/Third_Party/FreeRTOS/Source/timers.o
 .bss.xTimerQueue
                0x0000000020002f48        0x4 ./Middlewares/Third_Party/FreeRTOS/Source/timers.o
 .bss.xTimerTaskHandle
                0x0000000020002f4c        0x4 ./Middlewares/Third_Party/FreeRTOS/Source/timers.o
 .bss.xLastTime.7010
                0x0000000020002f50        0x4 ./Middlewares/Third_Party/FreeRTOS/Source/timers.o
 .bss.ucStaticTimerQueueStorage.7061
                0x0000000020002f54       0xa0 ./Middlewares/Third_Party/FreeRTOS/Source/timers.o
 .bss.xStaticTimerQueue.7060
                0x0000000020002ff4       0x50 ./Middlewares/Third_Party/FreeRTOS/Source/timers.o
 .bss.ucMaxSysCallPriority
                0x0000000020003044        0x1 ./Middlewares/Third_Party/FreeRTOS/Source/portable/GCC/ARM_CM4F/port.o
 *fill*         0x0000000020003045        0x3 
 .bss.ulMaxPRIGROUPValue
                0x0000000020003048        0x4 ./Middlewares/Third_Party/FreeRTOS/Source/portable/GCC/ARM_CM4F/port.o
 .bss.ucHeap    0x000000002000304c     0x1770 ./Middlewares/Third_Party/FreeRTOS/Source/portable/MemMang/heap_4.o
 .bss.xStart    0x00000000200047bc        0x8 ./Middlewares/Third_Party/FreeRTOS/Source/portable/MemMang/heap_4.o
 .bss.pxEnd     0x00000000200047c4        0x4 ./Middlewares/Third_Party/FreeRTOS/Source/portable/MemMang/heap_4.o
 .bss.xFreeBytesRemaining
                0x00000000200047c8        0x4 ./Middlewares/Third_Party/FreeRTOS/Source/portable/MemMang/heap_4.o
 .bss.xMinimumEverFreeBytesRemaining
                0x00000000200047cc        0x4 ./Middlewares/Third_Party/FreeRTOS/Source/portable/MemMang/heap_4.o
 .bss.xNumberOfSuccessfulAllocations
                0x00000000200047d0        0x4 ./Middlewares/Third_Party/FreeRTOS/Source/portable/MemMang/heap_4.o
 .bss.xNumberOfSuccessfulFrees
                0x00000000200047d4        0x4 ./Middlewares/Third_Party/FreeRTOS/Source/portable/MemMang/heap_4.o
 .bss.xBlockAllocatedBit
                0x00000000200047d8        0x4 ./Middlewares/Third_Party/FreeRTOS/Source/portable/MemMang/heap_4.o
 .bss.__malloc_free_list
                0x00000000200047dc        0x4 /Applications/STM32CubeIDE.app/Contents/Eclipse/plugins/com.st.stm32cube.ide.mcu.externaltools.gnu-tools-for-stm32.9-2020-q2-update.macos64_2.0.0.202105311346/tools/bin/../lib/gcc/arm-none-eabi/9.3.1/../../../../arm-none-eabi/lib/thumb/v7e-m+fp/hard/libc_nano.a(lib_a-nano-mallocr.o)
                0x00000000200047dc                __malloc_free_list
 *(COMMON)
 COMMON         0x00000000200047e0       0x12 ./Core/Src/MyTasks.o
                0x00000000200047e0                calculate_freq_Handler
                0x00000000200047e4                freqstring
                0x00000000200047e8                setup_FFT_Handler
                0x00000000200047ec                print_freq_Handler
                0x00000000200047f0                max
 *fill*         0x00000000200047f2        0x2 
 COMMON         0x00000000200047f4       0x4c ./Core/Src/stm32l4xx_hal_timebase_tim.o
                0x00000000200047f4                htim6
 COMMON         0x0000000020004840        0x4 ./Drivers/STM32L4xx_HAL_Driver/Src/stm32l4xx_hal.o
                0x0000000020004840                uwTick
 COMMON         0x0000000020004844       0x40 ./Middlewares/Third_Party/FreeRTOS/Source/queue.o
                0x0000000020004844                xQueueRegistry
 COMMON         0x0000000020004884        0x9 /Applications/STM32CubeIDE.app/Contents/Eclipse/plugins/com.st.stm32cube.ide.mcu.externaltools.gnu-tools-for-stm32.9-2020-q2-update.macos64_2.0.0.202105311346/tools/bin/../lib/gcc/arm-none-eabi/9.3.1/../../../../arm-none-eabi/lib/thumb/v7e-m+fp/hard/libc_nano.a(lib_a-lock.o)
                0x0000000020004884                __lock___atexit_recursive_mutex
                0x0000000020004885                __lock___arc4random_mutex
                0x0000000020004886                __lock___env_recursive_mutex
                0x0000000020004887                __lock___sinit_recursive_mutex
                0x0000000020004888                __lock___malloc_recursive_mutex
                0x0000000020004889                __lock___at_quick_exit_mutex
                0x000000002000488a                __lock___dd_hash_mutex
                0x000000002000488b                __lock___tz_mutex
                0x000000002000488c                __lock___sfp_recursive_mutex
                0x0000000020004890                . = ALIGN (0x4)
 *fill*         0x000000002000488d        0x3 
                0x0000000020004890                _ebss = .
                0x0000000020004890                __bss_end__ = _ebss

._user_heap_stack
                0x0000000020004890     0x11a0 load address 0x0000000008018254
                0x0000000020004890                . = ALIGN (0x8)
                [!provide]                        PROVIDE (end = .)
                0x0000000020004890                PROVIDE (_end = .)
                0x0000000020004a90                . = (. + _Min_Heap_Size)
 *fill*         0x0000000020004890      0x200 
                0x0000000020005a30                . = (. + _Min_Stack_Size)
 *fill*         0x0000000020004a90      0xfa0 
                0x0000000020005a30                . = ALIGN (0x8)

/DISCARD/
 libc.a(*)
 libm.a(*)
 libgcc.a(*)

.ARM.attributes
                0x0000000000000000       0x30
 *(.ARM.attributes)
 .ARM.attributes
                0x0000000000000000       0x1e /Applications/STM32CubeIDE.app/Contents/Eclipse/plugins/com.st.stm32cube.ide.mcu.externaltools.gnu-tools-for-stm32.9-2020-q2-update.macos64_2.0.0.202105311346/tools/bin/../lib/gcc/arm-none-eabi/9.3.1/thumb/v7e-m+fp/hard/crti.o
 .ARM.attributes
                0x000000000000001e       0x34 /Applications/STM32CubeIDE.app/Contents/Eclipse/plugins/com.st.stm32cube.ide.mcu.externaltools.gnu-tools-for-stm32.9-2020-q2-update.macos64_2.0.0.202105311346/tools/bin/../lib/gcc/arm-none-eabi/9.3.1/thumb/v7e-m+fp/hard/crtbegin.o
 .ARM.attributes
                0x0000000000000052       0x34 ./Core/Src/ADC.o
 .ARM.attributes
                0x0000000000000086       0x34 ./Core/Src/DMA.o
 .ARM.attributes
                0x00000000000000ba       0x34 ./Core/Src/GPIO.o
 .ARM.attributes
                0x00000000000000ee       0x34 ./Core/Src/MyTasks.o
 .ARM.attributes
                0x0000000000000122       0x34 ./Core/Src/UART.o
 .ARM.attributes
                0x0000000000000156       0x34 ./Core/Src/UART_plotter.o
 .ARM.attributes
                0x000000000000018a       0x34 ./Core/Src/main.o
 .ARM.attributes
                0x00000000000001be       0x34 ./Core/Src/stm32l4xx_hal_msp.o
 .ARM.attributes
                0x00000000000001f2       0x34 ./Core/Src/stm32l4xx_hal_timebase_tim.o
 .ARM.attributes
                0x0000000000000226       0x34 ./Core/Src/stm32l4xx_it.o
 .ARM.attributes
                0x000000000000025a       0x34 ./Core/Src/system_stm32l4xx.o
 .ARM.attributes
                0x000000000000028e       0x34 ./Core/Src/timer.o
 .ARM.attributes
                0x00000000000002c2       0x21 ./Core/Startup/startup_stm32l476rgtx.o
 .ARM.attributes
                0x00000000000002e3       0x34 ./Drivers/STM32L4xx_HAL_Driver/Src/stm32l4xx_hal.o
 .ARM.attributes
                0x0000000000000317       0x34 ./Drivers/STM32L4xx_HAL_Driver/Src/stm32l4xx_hal_cortex.o
 .ARM.attributes
                0x000000000000034b       0x34 ./Drivers/STM32L4xx_HAL_Driver/Src/stm32l4xx_hal_pwr_ex.o
 .ARM.attributes
                0x000000000000037f       0x34 ./Drivers/STM32L4xx_HAL_Driver/Src/stm32l4xx_hal_rcc.o
 .ARM.attributes
                0x00000000000003b3       0x34 ./Drivers/STM32L4xx_HAL_Driver/Src/stm32l4xx_hal_tim.o
 .ARM.attributes
                0x00000000000003e7       0x34 ./Drivers/STM32L4xx_HAL_Driver/Src/stm32l4xx_hal_tim_ex.o
 .ARM.attributes
                0x000000000000041b       0x34 ./Middlewares/Third_Party/FreeRTOS/Source/CMSIS_RTOS_V2/cmsis_os2.o
 .ARM.attributes
                0x000000000000044f       0x34 ./Middlewares/Third_Party/FreeRTOS/Source/list.o
 .ARM.attributes
                0x0000000000000483       0x34 ./Middlewares/Third_Party/FreeRTOS/Source/queue.o
 .ARM.attributes
                0x00000000000004b7       0x34 ./Middlewares/Third_Party/FreeRTOS/Source/tasks.o
 .ARM.attributes
                0x00000000000004eb       0x34 ./Middlewares/Third_Party/FreeRTOS/Source/timers.o
 .ARM.attributes
                0x000000000000051f       0x34 ./Middlewares/Third_Party/FreeRTOS/Source/portable/GCC/ARM_CM4F/port.o
 .ARM.attributes
                0x0000000000000553       0x34 ./Middlewares/Third_Party/FreeRTOS/Source/portable/MemMang/heap_4.o
 .ARM.attributes
                0x0000000000000587       0x34 /Users/eduardomunoz/Library/CloudStorage/OneDrive-CalPoly/college/Spring 2023/RTOS/P1_FFT_SA/Drivers/CMSIS/Lib/GCC/libarm_cortexM4lf_math.a(arm_mean_q15.o)
 .ARM.attributes
                0x00000000000005bb       0x34 /Users/eduardomunoz/Library/CloudStorage/OneDrive-CalPoly/college/Spring 2023/RTOS/P1_FFT_SA/Drivers/CMSIS/Lib/GCC/libarm_cortexM4lf_math.a(arm_max_q15.o)
 .ARM.attributes
                0x00000000000005ef       0x34 /Users/eduardomunoz/Library/CloudStorage/OneDrive-CalPoly/college/Spring 2023/RTOS/P1_FFT_SA/Drivers/CMSIS/Lib/GCC/libarm_cortexM4lf_math.a(arm_rfft_q15.o)
 .ARM.attributes
                0x0000000000000623       0x34 /Users/eduardomunoz/Library/CloudStorage/OneDrive-CalPoly/college/Spring 2023/RTOS/P1_FFT_SA/Drivers/CMSIS/Lib/GCC/libarm_cortexM4lf_math.a(arm_rfft_init_q15.o)
 .ARM.attributes
                0x0000000000000657       0x39 /Users/eduardomunoz/Library/CloudStorage/OneDrive-CalPoly/college/Spring 2023/RTOS/P1_FFT_SA/Drivers/CMSIS/Lib/GCC/libarm_cortexM4lf_math.a(arm_const_structs.o)
 .ARM.attributes
                0x0000000000000690       0x39 /Users/eduardomunoz/Library/CloudStorage/OneDrive-CalPoly/college/Spring 2023/RTOS/P1_FFT_SA/Drivers/CMSIS/Lib/GCC/libarm_cortexM4lf_math.a(arm_common_tables.o)
 .ARM.attributes
                0x00000000000006c9       0x34 /Users/eduardomunoz/Library/CloudStorage/OneDrive-CalPoly/college/Spring 2023/RTOS/P1_FFT_SA/Drivers/CMSIS/Lib/GCC/libarm_cortexM4lf_math.a(arm_cfft_q15.o)
 .ARM.attributes
                0x00000000000006fd       0x34 /Users/eduardomunoz/Library/CloudStorage/OneDrive-CalPoly/college/Spring 2023/RTOS/P1_FFT_SA/Drivers/CMSIS/Lib/GCC/libarm_cortexM4lf_math.a(arm_cfft_radix4_q15.o)
 .ARM.attributes
                0x0000000000000731       0x34 /Users/eduardomunoz/Library/CloudStorage/OneDrive-CalPoly/college/Spring 2023/RTOS/P1_FFT_SA/Drivers/CMSIS/Lib/GCC/libarm_cortexM4lf_math.a(arm_bitreversal2.o)
 .ARM.attributes
                0x0000000000000765       0x34 /Applications/STM32CubeIDE.app/Contents/Eclipse/plugins/com.st.stm32cube.ide.mcu.externaltools.gnu-tools-for-stm32.9-2020-q2-update.macos64_2.0.0.202105311346/tools/bin/../lib/gcc/arm-none-eabi/9.3.1/../../../../arm-none-eabi/lib/thumb/v7e-m+fp/hard/libc_nano.a(lib_a-findfp.o)
 .ARM.attributes
                0x0000000000000799       0x32 /Applications/STM32CubeIDE.app/Contents/Eclipse/plugins/com.st.stm32cube.ide.mcu.externaltools.gnu-tools-for-stm32.9-2020-q2-update.macos64_2.0.0.202105311346/tools/bin/../lib/gcc/arm-none-eabi/9.3.1/../../../../arm-none-eabi/lib/thumb/v7e-m+fp/hard/libc_nano.a(lib_a-impure.o)
 .ARM.attributes
                0x00000000000007cb       0x34 /Applications/STM32CubeIDE.app/Contents/Eclipse/plugins/com.st.stm32cube.ide.mcu.externaltools.gnu-tools-for-stm32.9-2020-q2-update.macos64_2.0.0.202105311346/tools/bin/../lib/gcc/arm-none-eabi/9.3.1/../../../../arm-none-eabi/lib/thumb/v7e-m+fp/hard/libc_nano.a(lib_a-init.o)
 .ARM.attributes
                0x00000000000007ff       0x34 /Applications/STM32CubeIDE.app/Contents/Eclipse/plugins/com.st.stm32cube.ide.mcu.externaltools.gnu-tools-for-stm32.9-2020-q2-update.macos64_2.0.0.202105311346/tools/bin/../lib/gcc/arm-none-eabi/9.3.1/../../../../arm-none-eabi/lib/thumb/v7e-m+fp/hard/libc_nano.a(lib_a-itoa.o)
 .ARM.attributes
                0x0000000000000833       0x34 /Applications/STM32CubeIDE.app/Contents/Eclipse/plugins/com.st.stm32cube.ide.mcu.externaltools.gnu-tools-for-stm32.9-2020-q2-update.macos64_2.0.0.202105311346/tools/bin/../lib/gcc/arm-none-eabi/9.3.1/../../../../arm-none-eabi/lib/thumb/v7e-m+fp/hard/libc_nano.a(lib_a-lock.o)
 .ARM.attributes
                0x0000000000000867       0x34 /Applications/STM32CubeIDE.app/Contents/Eclipse/plugins/com.st.stm32cube.ide.mcu.externaltools.gnu-tools-for-stm32.9-2020-q2-update.macos64_2.0.0.202105311346/tools/bin/../lib/gcc/arm-none-eabi/9.3.1/../../../../arm-none-eabi/lib/thumb/v7e-m+fp/hard/libc_nano.a(lib_a-memcpy-stub.o)
 .ARM.attributes
                0x000000000000089b       0x34 /Applications/STM32CubeIDE.app/Contents/Eclipse/plugins/com.st.stm32cube.ide.mcu.externaltools.gnu-tools-for-stm32.9-2020-q2-update.macos64_2.0.0.202105311346/tools/bin/../lib/gcc/arm-none-eabi/9.3.1/../../../../arm-none-eabi/lib/thumb/v7e-m+fp/hard/libc_nano.a(lib_a-memset.o)
 .ARM.attributes
                0x00000000000008cf       0x34 /Applications/STM32CubeIDE.app/Contents/Eclipse/plugins/com.st.stm32cube.ide.mcu.externaltools.gnu-tools-for-stm32.9-2020-q2-update.macos64_2.0.0.202105311346/tools/bin/../lib/gcc/arm-none-eabi/9.3.1/../../../../arm-none-eabi/lib/thumb/v7e-m+fp/hard/libc_nano.a(lib_a-nano-mallocr.o)
 .ARM.attributes
                0x0000000000000903       0x34 /Applications/STM32CubeIDE.app/Contents/Eclipse/plugins/com.st.stm32cube.ide.mcu.externaltools.gnu-tools-for-stm32.9-2020-q2-update.macos64_2.0.0.202105311346/tools/bin/../lib/gcc/arm-none-eabi/9.3.1/../../../../arm-none-eabi/lib/thumb/v7e-m+fp/hard/libc_nano.a(lib_a-reent.o)
 .ARM.attributes
                0x0000000000000937       0x17 /Applications/STM32CubeIDE.app/Contents/Eclipse/plugins/com.st.stm32cube.ide.mcu.externaltools.gnu-tools-for-stm32.9-2020-q2-update.macos64_2.0.0.202105311346/tools/bin/../lib/gcc/arm-none-eabi/9.3.1/../../../../arm-none-eabi/lib/thumb/v7e-m+fp/hard/libc_nano.a(lib_a-strlen.o)
 .ARM.attributes
                0x000000000000094e       0x34 /Applications/STM32CubeIDE.app/Contents/Eclipse/plugins/com.st.stm32cube.ide.mcu.externaltools.gnu-tools-for-stm32.9-2020-q2-update.macos64_2.0.0.202105311346/tools/bin/../lib/gcc/arm-none-eabi/9.3.1/../../../../arm-none-eabi/lib/thumb/v7e-m+fp/hard/libc_nano.a(lib_a-utoa.o)
 .ARM.attributes
                0x0000000000000982       0x34 /Applications/STM32CubeIDE.app/Contents/Eclipse/plugins/com.st.stm32cube.ide.mcu.externaltools.gnu-tools-for-stm32.9-2020-q2-update.macos64_2.0.0.202105311346/tools/bin/../lib/gcc/arm-none-eabi/9.3.1/../../../../arm-none-eabi/lib/thumb/v7e-m+fp/hard/libc_nano.a(lib_a-mlock.o)
 .ARM.attributes
                0x00000000000009b6       0x34 /Applications/STM32CubeIDE.app/Contents/Eclipse/plugins/com.st.stm32cube.ide.mcu.externaltools.gnu-tools-for-stm32.9-2020-q2-update.macos64_2.0.0.202105311346/tools/bin/../lib/gcc/arm-none-eabi/9.3.1/../../../../arm-none-eabi/lib/thumb/v7e-m+fp/hard/libc_nano.a(lib_a-nano-freer.o)
 .ARM.attributes
                0x00000000000009ea       0x1e /Applications/STM32CubeIDE.app/Contents/Eclipse/plugins/com.st.stm32cube.ide.mcu.externaltools.gnu-tools-for-stm32.9-2020-q2-update.macos64_2.0.0.202105311346/tools/bin/../lib/gcc/arm-none-eabi/9.3.1/thumb/v7e-m+fp/hard/crtn.o
OUTPUT(P1_FFT_SA.elf elf32-littlearm)
LOAD linker stubs
LOAD /Applications/STM32CubeIDE.app/Contents/Eclipse/plugins/com.st.stm32cube.ide.mcu.externaltools.gnu-tools-for-stm32.9-2020-q2-update.macos64_2.0.0.202105311346/tools/bin/../lib/gcc/arm-none-eabi/9.3.1/../../../../arm-none-eabi/lib/thumb/v7e-m+fp/hard/libc.a
LOAD /Applications/STM32CubeIDE.app/Contents/Eclipse/plugins/com.st.stm32cube.ide.mcu.externaltools.gnu-tools-for-stm32.9-2020-q2-update.macos64_2.0.0.202105311346/tools/bin/../lib/gcc/arm-none-eabi/9.3.1/../../../../arm-none-eabi/lib/thumb/v7e-m+fp/hard/libm.a
LOAD /Applications/STM32CubeIDE.app/Contents/Eclipse/plugins/com.st.stm32cube.ide.mcu.externaltools.gnu-tools-for-stm32.9-2020-q2-update.macos64_2.0.0.202105311346/tools/bin/../lib/gcc/arm-none-eabi/9.3.1/thumb/v7e-m+fp/hard/libgcc.a

.debug_info     0x0000000000000000    0x2fe7c
 .debug_info    0x0000000000000000      0x824 ./Core/Src/ADC.o
 .debug_info    0x0000000000000824     0x18b8 ./Core/Src/DMA.o
 .debug_info    0x00000000000020dc      0x5d5 ./Core/Src/GPIO.o
 .debug_info    0x00000000000026b1     0x1def ./Core/Src/MyTasks.o
 .debug_info    0x00000000000044a0     0x13ee ./Core/Src/UART.o
 .debug_info    0x000000000000588e      0xd8a ./Core/Src/UART_plotter.o
 .debug_info    0x0000000000006618     0x2388 ./Core/Src/main.o
 .debug_info    0x00000000000089a0      0x770 ./Core/Src/stm32l4xx_hal_msp.o
 .debug_info    0x0000000000009110      0xe29 ./Core/Src/stm32l4xx_hal_timebase_tim.o
 .debug_info    0x0000000000009f39      0x922 ./Core/Src/stm32l4xx_it.o
 .debug_info    0x000000000000a85b      0x772 ./Core/Src/system_stm32l4xx.o
 .debug_info    0x000000000000afcd      0x691 ./Core/Src/timer.o
 .debug_info    0x000000000000b65e       0x22 ./Core/Startup/startup_stm32l476rgtx.o
 .debug_info    0x000000000000b680      0xcb9 ./Drivers/STM32L4xx_HAL_Driver/Src/stm32l4xx_hal.o
 .debug_info    0x000000000000c339     0x102e ./Drivers/STM32L4xx_HAL_Driver/Src/stm32l4xx_hal_cortex.o
 .debug_info    0x000000000000d367      0xc00 ./Drivers/STM32L4xx_HAL_Driver/Src/stm32l4xx_hal_pwr_ex.o
 .debug_info    0x000000000000df67      0xe37 ./Drivers/STM32L4xx_HAL_Driver/Src/stm32l4xx_hal_rcc.o
 .debug_info    0x000000000000ed9e     0x2e79 ./Drivers/STM32L4xx_HAL_Driver/Src/stm32l4xx_hal_tim.o
 .debug_info    0x0000000000011c17     0x18c8 ./Drivers/STM32L4xx_HAL_Driver/Src/stm32l4xx_hal_tim_ex.o
 .debug_info    0x00000000000134df     0x3f0e ./Middlewares/Third_Party/FreeRTOS/Source/CMSIS_RTOS_V2/cmsis_os2.o
 .debug_info    0x00000000000173ed      0xb82 ./Middlewares/Third_Party/FreeRTOS/Source/list.o
 .debug_info    0x0000000000017f6f     0x23b0 ./Middlewares/Third_Party/FreeRTOS/Source/queue.o
 .debug_info    0x000000000001a31f     0x2ae2 ./Middlewares/Third_Party/FreeRTOS/Source/tasks.o
 .debug_info    0x000000000001ce01     0x1c03 ./Middlewares/Third_Party/FreeRTOS/Source/timers.o
 .debug_info    0x000000000001ea04      0xd8a ./Middlewares/Third_Party/FreeRTOS/Source/portable/GCC/ARM_CM4F/port.o
 .debug_info    0x000000000001f78e      0xd8a ./Middlewares/Third_Party/FreeRTOS/Source/portable/MemMang/heap_4.o
 .debug_info    0x0000000000020518      0xbe0 /Users/eduardomunoz/Library/CloudStorage/OneDrive-CalPoly/college/Spring 2023/RTOS/P1_FFT_SA/Drivers/CMSIS/Lib/GCC/libarm_cortexM4lf_math.a(arm_mean_q15.o)
 .debug_info    0x00000000000210f8      0xb5a /Users/eduardomunoz/Library/CloudStorage/OneDrive-CalPoly/college/Spring 2023/RTOS/P1_FFT_SA/Drivers/CMSIS/Lib/GCC/libarm_cortexM4lf_math.a(arm_max_q15.o)
 .debug_info    0x0000000000021c52     0x1f4d /Users/eduardomunoz/Library/CloudStorage/OneDrive-CalPoly/college/Spring 2023/RTOS/P1_FFT_SA/Drivers/CMSIS/Lib/GCC/libarm_cortexM4lf_math.a(arm_rfft_q15.o)
 .debug_info    0x0000000000023b9f     0x198e /Users/eduardomunoz/Library/CloudStorage/OneDrive-CalPoly/college/Spring 2023/RTOS/P1_FFT_SA/Drivers/CMSIS/Lib/GCC/libarm_cortexM4lf_math.a(arm_rfft_init_q15.o)
 .debug_info    0x000000000002552d     0x1d16 /Users/eduardomunoz/Library/CloudStorage/OneDrive-CalPoly/college/Spring 2023/RTOS/P1_FFT_SA/Drivers/CMSIS/Lib/GCC/libarm_cortexM4lf_math.a(arm_const_structs.o)
 .debug_info    0x0000000000027243     0x1a84 /Users/eduardomunoz/Library/CloudStorage/OneDrive-CalPoly/college/Spring 2023/RTOS/P1_FFT_SA/Drivers/CMSIS/Lib/GCC/libarm_cortexM4lf_math.a(arm_common_tables.o)
 .debug_info    0x0000000000028cc7     0x188b /Users/eduardomunoz/Library/CloudStorage/OneDrive-CalPoly/college/Spring 2023/RTOS/P1_FFT_SA/Drivers/CMSIS/Lib/GCC/libarm_cortexM4lf_math.a(arm_cfft_q15.o)
 .debug_info    0x000000000002a552     0x4284 /Users/eduardomunoz/Library/CloudStorage/OneDrive-CalPoly/college/Spring 2023/RTOS/P1_FFT_SA/Drivers/CMSIS/Lib/GCC/libarm_cortexM4lf_math.a(arm_cfft_radix4_q15.o)
 .debug_info    0x000000000002e7d6     0x16a6 /Users/eduardomunoz/Library/CloudStorage/OneDrive-CalPoly/college/Spring 2023/RTOS/P1_FFT_SA/Drivers/CMSIS/Lib/GCC/libarm_cortexM4lf_math.a(arm_bitreversal2.o)

.debug_abbrev   0x0000000000000000     0x53a9
 .debug_abbrev  0x0000000000000000      0x129 ./Core/Src/ADC.o
 .debug_abbrev  0x0000000000000129      0x2f7 ./Core/Src/DMA.o
 .debug_abbrev  0x0000000000000420      0x116 ./Core/Src/GPIO.o
 .debug_abbrev  0x0000000000000536      0x272 ./Core/Src/MyTasks.o
 .debug_abbrev  0x00000000000007a8      0x2b2 ./Core/Src/UART.o
 .debug_abbrev  0x0000000000000a5a      0x248 ./Core/Src/UART_plotter.o
 .debug_abbrev  0x0000000000000ca2      0x2e3 ./Core/Src/main.o
 .debug_abbrev  0x0000000000000f85      0x146 ./Core/Src/stm32l4xx_hal_msp.o
 .debug_abbrev  0x00000000000010cb      0x1bf ./Core/Src/stm32l4xx_hal_timebase_tim.o
 .debug_abbrev  0x000000000000128a      0x176 ./Core/Src/stm32l4xx_it.o
 .debug_abbrev  0x0000000000001400      0x165 ./Core/Src/system_stm32l4xx.o
 .debug_abbrev  0x0000000000001565      0x116 ./Core/Src/timer.o
 .debug_abbrev  0x000000000000167b       0x12 ./Core/Startup/startup_stm32l476rgtx.o
 .debug_abbrev  0x000000000000168d      0x227 ./Drivers/STM32L4xx_HAL_Driver/Src/stm32l4xx_hal.o
 .debug_abbrev  0x00000000000018b4      0x33c ./Drivers/STM32L4xx_HAL_Driver/Src/stm32l4xx_hal_cortex.o
 .debug_abbrev  0x0000000000001bf0      0x1f3 ./Drivers/STM32L4xx_HAL_Driver/Src/stm32l4xx_hal_pwr_ex.o
 .debug_abbrev  0x0000000000001de3      0x275 ./Drivers/STM32L4xx_HAL_Driver/Src/stm32l4xx_hal_rcc.o
 .debug_abbrev  0x0000000000002058      0x25e ./Drivers/STM32L4xx_HAL_Driver/Src/stm32l4xx_hal_tim.o
 .debug_abbrev  0x00000000000022b6      0x266 ./Drivers/STM32L4xx_HAL_Driver/Src/stm32l4xx_hal_tim_ex.o
 .debug_abbrev  0x000000000000251c      0x4bd ./Middlewares/Third_Party/FreeRTOS/Source/CMSIS_RTOS_V2/cmsis_os2.o
 .debug_abbrev  0x00000000000029d9      0x1f7 ./Middlewares/Third_Party/FreeRTOS/Source/list.o
 .debug_abbrev  0x0000000000002bd0      0x380 ./Middlewares/Third_Party/FreeRTOS/Source/queue.o
 .debug_abbrev  0x0000000000002f50      0x39a ./Middlewares/Third_Party/FreeRTOS/Source/tasks.o
 .debug_abbrev  0x00000000000032ea      0x317 ./Middlewares/Third_Party/FreeRTOS/Source/timers.o
 .debug_abbrev  0x0000000000003601      0x335 ./Middlewares/Third_Party/FreeRTOS/Source/portable/GCC/ARM_CM4F/port.o
 .debug_abbrev  0x0000000000003936      0x2d3 ./Middlewares/Third_Party/FreeRTOS/Source/portable/MemMang/heap_4.o
 .debug_abbrev  0x0000000000003c09      0x299 /Users/eduardomunoz/Library/CloudStorage/OneDrive-CalPoly/college/Spring 2023/RTOS/P1_FFT_SA/Drivers/CMSIS/Lib/GCC/libarm_cortexM4lf_math.a(arm_mean_q15.o)